Archive member included to satisfy reference by file (symbol)

C:/ST/STM32CubeIDE_1.13.1/STM32CubeIDE/plugins/com.st.stm32cube.ide.mcu.externaltools.gnu-tools-for-stm32.12.3.rel1.win32_1.0.100.202403111256/tools/bin/../lib/gcc/arm-none-eabi/12.3.1/../../../../arm-none-eabi/lib/thumb/v7e-m+fp/hard\libc_nano.a(libc_a-exit.o)
                              C:/ST/STM32CubeIDE_1.13.1/STM32CubeIDE/plugins/com.st.stm32cube.ide.mcu.externaltools.gnu-tools-for-stm32.12.3.rel1.win32_1.0.100.202403111256/tools/bin/../lib/gcc/arm-none-eabi/12.3.1/../../../../arm-none-eabi/lib/thumb/v7e-m+fp/hard/crt0.o (exit)
C:/ST/STM32CubeIDE_1.13.1/STM32CubeIDE/plugins/com.st.stm32cube.ide.mcu.externaltools.gnu-tools-for-stm32.12.3.rel1.win32_1.0.100.202403111256/tools/bin/../lib/gcc/arm-none-eabi/12.3.1/../../../../arm-none-eabi/lib/thumb/v7e-m+fp/hard\libc_nano.a(libc_a-findfp.o)
                              C:/ST/STM32CubeIDE_1.13.1/STM32CubeIDE/plugins/com.st.stm32cube.ide.mcu.externaltools.gnu-tools-for-stm32.12.3.rel1.win32_1.0.100.202403111256/tools/bin/../lib/gcc/arm-none-eabi/12.3.1/../../../../arm-none-eabi/lib/thumb/v7e-m+fp/hard\libc_nano.a(libc_a-exit.o) (__stdio_exit_handler)
C:/ST/STM32CubeIDE_1.13.1/STM32CubeIDE/plugins/com.st.stm32cube.ide.mcu.externaltools.gnu-tools-for-stm32.12.3.rel1.win32_1.0.100.202403111256/tools/bin/../lib/gcc/arm-none-eabi/12.3.1/../../../../arm-none-eabi/lib/thumb/v7e-m+fp/hard\libc_nano.a(libc_a-fwalk.o)
                              C:/ST/STM32CubeIDE_1.13.1/STM32CubeIDE/plugins/com.st.stm32cube.ide.mcu.externaltools.gnu-tools-for-stm32.12.3.rel1.win32_1.0.100.202403111256/tools/bin/../lib/gcc/arm-none-eabi/12.3.1/../../../../arm-none-eabi/lib/thumb/v7e-m+fp/hard\libc_nano.a(libc_a-findfp.o) (_fwalk_sglue)
C:/ST/STM32CubeIDE_1.13.1/STM32CubeIDE/plugins/com.st.stm32cube.ide.mcu.externaltools.gnu-tools-for-stm32.12.3.rel1.win32_1.0.100.202403111256/tools/bin/../lib/gcc/arm-none-eabi/12.3.1/../../../../arm-none-eabi/lib/thumb/v7e-m+fp/hard\libc_nano.a(libc_a-sprintf.o)
                              ./Core/Src/main.o (sprintf)
C:/ST/STM32CubeIDE_1.13.1/STM32CubeIDE/plugins/com.st.stm32cube.ide.mcu.externaltools.gnu-tools-for-stm32.12.3.rel1.win32_1.0.100.202403111256/tools/bin/../lib/gcc/arm-none-eabi/12.3.1/../../../../arm-none-eabi/lib/thumb/v7e-m+fp/hard\libc_nano.a(libc_a-stdio.o)
                              C:/ST/STM32CubeIDE_1.13.1/STM32CubeIDE/plugins/com.st.stm32cube.ide.mcu.externaltools.gnu-tools-for-stm32.12.3.rel1.win32_1.0.100.202403111256/tools/bin/../lib/gcc/arm-none-eabi/12.3.1/../../../../arm-none-eabi/lib/thumb/v7e-m+fp/hard\libc_nano.a(libc_a-findfp.o) (__sread)
C:/ST/STM32CubeIDE_1.13.1/STM32CubeIDE/plugins/com.st.stm32cube.ide.mcu.externaltools.gnu-tools-for-stm32.12.3.rel1.win32_1.0.100.202403111256/tools/bin/../lib/gcc/arm-none-eabi/12.3.1/../../../../arm-none-eabi/lib/thumb/v7e-m+fp/hard\libc_nano.a(libc_a-memset.o)
                              C:/ST/STM32CubeIDE_1.13.1/STM32CubeIDE/plugins/com.st.stm32cube.ide.mcu.externaltools.gnu-tools-for-stm32.12.3.rel1.win32_1.0.100.202403111256/tools/bin/../lib/gcc/arm-none-eabi/12.3.1/../../../../arm-none-eabi/lib/thumb/v7e-m+fp/hard/crt0.o (memset)
C:/ST/STM32CubeIDE_1.13.1/STM32CubeIDE/plugins/com.st.stm32cube.ide.mcu.externaltools.gnu-tools-for-stm32.12.3.rel1.win32_1.0.100.202403111256/tools/bin/../lib/gcc/arm-none-eabi/12.3.1/../../../../arm-none-eabi/lib/thumb/v7e-m+fp/hard\libc_nano.a(libc_a-closer.o)
                              C:/ST/STM32CubeIDE_1.13.1/STM32CubeIDE/plugins/com.st.stm32cube.ide.mcu.externaltools.gnu-tools-for-stm32.12.3.rel1.win32_1.0.100.202403111256/tools/bin/../lib/gcc/arm-none-eabi/12.3.1/../../../../arm-none-eabi/lib/thumb/v7e-m+fp/hard\libc_nano.a(libc_a-stdio.o) (_close_r)
C:/ST/STM32CubeIDE_1.13.1/STM32CubeIDE/plugins/com.st.stm32cube.ide.mcu.externaltools.gnu-tools-for-stm32.12.3.rel1.win32_1.0.100.202403111256/tools/bin/../lib/gcc/arm-none-eabi/12.3.1/../../../../arm-none-eabi/lib/thumb/v7e-m+fp/hard\libc_nano.a(libc_a-reent.o)
                              C:/ST/STM32CubeIDE_1.13.1/STM32CubeIDE/plugins/com.st.stm32cube.ide.mcu.externaltools.gnu-tools-for-stm32.12.3.rel1.win32_1.0.100.202403111256/tools/bin/../lib/gcc/arm-none-eabi/12.3.1/../../../../arm-none-eabi/lib/thumb/v7e-m+fp/hard\libc_nano.a(libc_a-closer.o) (errno)
C:/ST/STM32CubeIDE_1.13.1/STM32CubeIDE/plugins/com.st.stm32cube.ide.mcu.externaltools.gnu-tools-for-stm32.12.3.rel1.win32_1.0.100.202403111256/tools/bin/../lib/gcc/arm-none-eabi/12.3.1/../../../../arm-none-eabi/lib/thumb/v7e-m+fp/hard\libc_nano.a(libc_a-impure.o)
                              C:/ST/STM32CubeIDE_1.13.1/STM32CubeIDE/plugins/com.st.stm32cube.ide.mcu.externaltools.gnu-tools-for-stm32.12.3.rel1.win32_1.0.100.202403111256/tools/bin/../lib/gcc/arm-none-eabi/12.3.1/../../../../arm-none-eabi/lib/thumb/v7e-m+fp/hard\libc_nano.a(libc_a-sprintf.o) (_impure_ptr)
[...]
Memory Configuration

Name             Origin             Length             Attributes
RAM              0x20000000         0x00020000         xrw
FLASH            0x08000000         0x00080000         xr
*default*        0x00000000         0xffffffff

Linker script and memory map

LOAD C:/ST/STM32CubeIDE_1.13.1/STM32CubeIDE/plugins/com.st.stm32cube.ide.mcu.externaltools.gnu-tools-for-stm32.12.3.rel1.win32_1.0.100.202403111256/tools/bin/../lib/gcc/arm-none-eabi/12.3.1/thumb/v7e-m+fp/hard/crti.o
LOAD C:/ST/STM32CubeIDE_1.13.1/STM32CubeIDE/plugins/com.st.stm32cube.ide.mcu.externaltools.gnu-tools-for-stm32.12.3.rel1.win32_1.0.100.202403111256/tools/bin/../lib/gcc/arm-none-eabi/12.3.1/thumb/v7e-m+fp/hard/crtbegin.o
LOAD C:/ST/STM32CubeIDE_1.13.1/STM32CubeIDE/plugins/com.st.stm32cube.ide.mcu.externaltools.gnu-tools-for-stm32.12.3.rel1.win32_1.0.100.202403111256/tools/bin/../lib/gcc/arm-none-eabi/12.3.1/../../../../arm-none-eabi/lib/thumb/v7e-m+fp/hard/crt0.o
LOAD ./Core/Src/ILI9488.o
LOAD ./Core/Src/main.o
LOAD ./Core/Src/stm32f4xx_hal_msp.o
LOAD ./Core/Src/stm32f4xx_it.o
LOAD ./Core/Src/syscalls.o
LOAD ./Core/Src/sysmem.o
LOAD ./Core/Src/system_stm32f4xx.o
LOAD ./Core/Src/xpt2046.o
LOAD ./Core/Startup/startup_stm32f446retx.o
LOAD ./Drivers/STM32F4xx_HAL_Driver/Src/stm32f4xx_hal.o
LOAD ./Drivers/STM32F4xx_HAL_Driver/Src/stm32f4xx_hal_cortex.o
LOAD ./Drivers/STM32F4xx_HAL_Driver/Src/stm32f4xx_hal_dma.o
LOAD ./Drivers/STM32F4xx_HAL_Driver/Src/stm32f4xx_hal_dma_ex.o
LOAD ./Drivers/STM32F4xx_HAL_Driver/Src/stm32f4xx_hal_exti.o
LOAD ./Drivers/STM32F4xx_HAL_Driver/Src/stm32f4xx_hal_flash.o
LOAD ./Drivers/STM32F4xx_HAL_Driver/Src/stm32f4xx_hal_flash_ex.o
LOAD ./Drivers/STM32F4xx_HAL_Driver/Src/stm32f4xx_hal_flash_ramfunc.o
LOAD ./Drivers/STM32F4xx_HAL_Driver/Src/stm32f4xx_hal_gpio.o
LOAD ./Drivers/STM32F4xx_HAL_Driver/Src/stm32f4xx_hal_pwr.o
LOAD ./Drivers/STM32F4xx_HAL_Driver/Src/stm32f4xx_hal_pwr_ex.o
LOAD ./Drivers/STM32F4xx_HAL_Driver/Src/stm32f4xx_hal_rcc.o
LOAD ./Drivers/STM32F4xx_HAL_Driver/Src/stm32f4xx_hal_rcc_ex.o
LOAD ./Drivers/STM32F4xx_HAL_Driver/Src/stm32f4xx_hal_spi.o
LOAD ./Drivers/STM32F4xx_HAL_Driver/Src/stm32f4xx_hal_tim.o
LOAD ./Drivers/STM32F4xx_HAL_Driver/Src/stm32f4xx_hal_tim_ex.o
LOAD ./Drivers/STM32F4xx_HAL_Driver/Src/stm32f4xx_hal_uart.o
START GROUP
LOAD C:/ST/STM32CubeIDE_1.13.1/STM32CubeIDE/plugins/com.st.stm32cube.ide.mcu.externaltools.gnu-tools-for-stm32.12.3.rel1.win32_1.0.100.202403111256/tools/bin/../lib/gcc/arm-none-eabi/12.3.1/../../../../arm-none-eabi/lib/thumb/v7e-m+fp/hard\libc_nano.a
LOAD C:/ST/STM32CubeIDE_1.13.1/STM32CubeIDE/plugins/com.st.stm32cube.ide.mcu.externaltools.gnu-tools-for-stm32.12.3.rel1.win32_1.0.100.202403111256/tools/bin/../lib/gcc/arm-none-eabi/12.3.1/../../../../arm-none-eabi/lib/thumb/v7e-m+fp/hard\libm.a
END GROUP
START GROUP
LOAD C:/ST/STM32CubeIDE_1.13.1/STM32CubeIDE/plugins/com.st.stm32cube.ide.mcu.externaltools.gnu-tools-for-stm32.12.3.rel1.win32_1.0.100.202403111256/tools/bin/../lib/gcc/arm-none-eabi/12.3.1/thumb/v7e-m+fp/hard\libgcc.a
LOAD C:/ST/STM32CubeIDE_1.13.1/STM32CubeIDE/plugins/com.st.stm32cube.ide.mcu.externaltools.gnu-tools-for-stm32.12.3.rel1.win32_1.0.100.202403111256/tools/bin/../lib/gcc/arm-none-eabi/12.3.1/../../../../arm-none-eabi/lib/thumb/v7e-m+fp/hard\libc_nano.a
END GROUP
START GROUP
LOAD C:/ST/STM32CubeIDE_1.13.1/STM32CubeIDE/plugins/com.st.stm32cube.ide.mcu.externaltools.gnu-tools-for-stm32.12.3.rel1.win32_1.0.100.202403111256/tools/bin/../lib/gcc/arm-none-eabi/12.3.1/thumb/v7e-m+fp/hard\libgcc.a
LOAD C:/ST/STM32CubeIDE_1.13.1/STM32CubeIDE/plugins/com.st.stm32cube.ide.mcu.externaltools.gnu-tools-for-stm32.12.3.rel1.win32_1.0.100.202403111256/tools/bin/../lib/gcc/arm-none-eabi/12.3.1/../../../../arm-none-eabi/lib/thumb/v7e-m+fp/hard\libc_nano.a
LOAD C:/ST/STM32CubeIDE_1.13.1/STM32CubeIDE/plugins/com.st.stm32cube.ide.mcu.externaltools.gnu-tools-for-stm32.12.3.rel1.win32_1.0.100.202403111256/tools/bin/../lib/gcc/arm-none-eabi/12.3.1/../../../../arm-none-eabi/lib/thumb/v7e-m+fp/hard\libnosys.a
END GROUP
START GROUP
LOAD C:/ST/STM32CubeIDE_1.13.1/STM32CubeIDE/plugins/com.st.stm32cube.ide.mcu.externaltools.gnu-tools-for-stm32.12.3.rel1.win32_1.0.100.202403111256/tools/bin/../lib/gcc/arm-none-eabi/12.3.1/thumb/v7e-m+fp/hard\libgcc.a
LOAD C:/ST/STM32CubeIDE_1.13.1/STM32CubeIDE/plugins/com.st.stm32cube.ide.mcu.externaltools.gnu-tools-for-stm32.12.3.rel1.win32_1.0.100.202403111256/tools/bin/../lib/gcc/arm-none-eabi/12.3.1/../../../../arm-none-eabi/lib/thumb/v7e-m+fp/hard\libc_nano.a
LOAD C:/ST/STM32CubeIDE_1.13.1/STM32CubeIDE/plugins/com.st.stm32cube.ide.mcu.externaltools.gnu-tools-for-stm32.12.3.rel1.win32_1.0.100.202403111256/tools/bin/../lib/gcc/arm-none-eabi/12.3.1/../../../../arm-none-eabi/lib/thumb/v7e-m+fp/hard\libnosys.a
END GROUP
LOAD C:/ST/STM32CubeIDE_1.13.1/STM32CubeIDE/plugins/com.st.stm32cube.ide.mcu.externaltools.gnu-tools-for-stm32.12.3.rel1.win32_1.0.100.202403111256/tools/bin/../lib/gcc/arm-none-eabi/12.3.1/thumb/v7e-m+fp/hard/crtend.o
LOAD C:/ST/STM32CubeIDE_1.13.1/STM32CubeIDE/plugins/com.st.stm32cube.ide.mcu.externaltools.gnu-tools-for-stm32.12.3.rel1.win32_1.0.100.202403111256/tools/bin/../lib/gcc/arm-none-eabi/12.3.1/thumb/v7e-m+fp/hard/crtn.o
                0x20020000                        _estack = (ORIGIN (RAM) + LENGTH (RAM))
                0x00000200                        _Min_Heap_Size = 0x200
                0x00000400                        _Min_Stack_Size = 0x400

.isr_vector     0x08000000      0x1c4
                0x08000000                        . = ALIGN (0x4)
 *(.isr_vector)
 .isr_vector    0x08000000      0x1c4 ./Core/Startup/startup_stm32f446retx.o
                0x08000000                g_pfnVectors
                0x080001c4                        . = ALIGN (0x4)

.text           0x080001d0     0x9d00
                0x080001d0                        . = ALIGN (0x4)
 *(.text)
 .text          0x080001d0       0x40 C:/ST/STM32CubeIDE_1.13.1/STM32CubeIDE/plugins/com.st.stm32cube.ide.mcu.externaltools.gnu-tools-for-stm32.12.3.rel1.win32_1.0.100.202403111256/tools/bin/../lib/gcc/arm-none-eabi/12.3.1/thumb/v7e-m+fp/hard/crtbegin.o
 .text          0x08000210       0x10 C:/ST/STM32CubeIDE_1.13.1/STM32CubeIDE/plugins/com.st.stm32cube.ide.mcu.externaltools.gnu-tools-for-stm32.12.3.rel1.win32_1.0.100.202403111256/tools/bin/../lib/gcc/arm-none-eabi/12.3.1/../../../../arm-none-eabi/lib/thumb/v7e-m+fp/hard\libc_nano.a(libc_a-strlen.o)
                0x08000210                strlen
 .text          0x08000220       0xa0 C:/ST/STM32CubeIDE_1.13.1/STM32CubeIDE/plugins/com.st.stm32cube.ide.mcu.externaltools.gnu-tools-for-stm32.12.3.rel1.win32_1.0.100.202403111256/tools/bin/../lib/gcc/arm-none-eabi/12.3.1/../../../../arm-none-eabi/lib/thumb/v7e-m+fp/hard\libc_nano.a(libc_a-memchr.o)
                0x08000220                memchr
 .text          0x080002c0      0x254 C:/ST/STM32CubeIDE_1.13.1/STM32CubeIDE/plugins/com.st.stm32cube.ide.mcu.externaltools.gnu-tools-for-stm32.12.3.rel1.win32_1.0.100.202403111256/tools/bin/../lib/gcc/arm-none-eabi/12.3.1/thumb/v7e-m+fp/hard\libgcc.a(_arm_muldf3.o)
                0x080002c0                __muldf3
                0x080002c0                __aeabi_dmul
 .text          0x08000514      0x378 C:/ST/STM32CubeIDE_1.13.1/STM32CubeIDE/plugins/com.st.stm32cube.ide.mcu.externaltools.gnu-tools-for-stm32.12.3.rel1.win32_1.0.100.202403111256/tools/bin/../lib/gcc/arm-none-eabi/12.3.1/thumb/v7e-m+fp/hard\libgcc.a(_arm_addsubdf3.o)
                0x08000514                __aeabi_drsub
                0x0800051c                __aeabi_dsub
                0x0800051c                __subdf3
                0x08000520                __aeabi_dadd
                0x08000520                __adddf3
                0x08000798                __floatunsidf
                0x08000798                __aeabi_ui2d
                0x080007b8                __floatsidf
                0x080007b8                __aeabi_i2d
                0x080007dc                __aeabi_f2d
                0x080007dc                __extendsfdf2
                0x08000820                __floatundidf
                0x08000820                __aeabi_ul2d
                0x08000830                __floatdidf
                0x08000830                __aeabi_l2d
 .text          0x0800088c      0x110 C:/ST/STM32CubeIDE_1.13.1/STM32CubeIDE/plugins/com.st.stm32cube.ide.mcu.externaltools.gnu-tools-for-stm32.12.3.rel1.win32_1.0.100.202403111256/tools/bin/../lib/gcc/arm-none-eabi/12.3.1/thumb/v7e-m+fp/hard\libgcc.a(_arm_cmpdf2.o)
                0x0800088c                __gtdf2
                0x0800088c                __gedf2
                0x08000894                __ltdf2
                0x08000894                __ledf2
                0x0800089c                __nedf2
                0x0800089c                __eqdf2
                0x0800089c                __cmpdf2
                0x08000918                __aeabi_cdrcmple
                0x08000928                __aeabi_cdcmpeq
                0x08000928                __aeabi_cdcmple
                0x08000938                __aeabi_dcmpeq
                0x0800094c                __aeabi_dcmplt
                0x08000960                __aeabi_dcmple
                0x08000974                __aeabi_dcmpge
                0x08000988                __aeabi_dcmpgt
 .text          0x0800099c       0x50 C:/ST/STM32CubeIDE_1.13.1/STM32CubeIDE/plugins/com.st.stm32cube.ide.mcu.externaltools.gnu-tools-for-stm32.12.3.rel1.win32_1.0.100.202403111256/tools/bin/../lib/gcc/arm-none-eabi/12.3.1/thumb/v7e-m+fp/hard\libgcc.a(_arm_fixdfsi.o)
                0x0800099c                __aeabi_d2iz
                0x0800099c                __fixdfsi
 .text          0x080009ec       0xa0 C:/ST/STM32CubeIDE_1.13.1/STM32CubeIDE/plugins/com.st.stm32cube.ide.mcu.externaltools.gnu-tools-for-stm32.12.3.rel1.win32_1.0.100.202403111256/tools/bin/../lib/gcc/arm-none-eabi/12.3.1/thumb/v7e-m+fp/hard\libgcc.a(_arm_truncdfsf2.o)
                0x080009ec                __truncdfsf2
                0x080009ec                __aeabi_d2f
 .text          0x08000a8c       0x30 C:/ST/STM32CubeIDE_1.13.1/STM32CubeIDE/plugins/com.st.stm32cube.ide.mcu.externaltools.gnu-tools-for-stm32.12.3.rel1.win32_1.0.100.202403111256/tools/bin/../lib/gcc/arm-none-eabi/12.3.1/thumb/v7e-m+fp/hard\libgcc.a(_aeabi_uldivmod.o)
                0x08000a8c                __aeabi_uldivmod
 .text          0x08000abc      0x2bc C:/ST/STM32CubeIDE_1.13.1/STM32CubeIDE/plugins/com.st.stm32cube.ide.mcu.externaltools.gnu-tools-for-stm32.12.3.rel1.win32_1.0.100.202403111256/tools/bin/../lib/gcc/arm-none-eabi/12.3.1/thumb/v7e-m+fp/hard\libgcc.a(_udivmoddi4.o)
                0x08000abc                __udivmoddi4
 .text          0x08000d78        0x4 C:/ST/STM32CubeIDE_1.13.1/STM32CubeIDE/plugins/com.st.stm32cube.ide.mcu.externaltools.gnu-tools-for-stm32.12.3.rel1.win32_1.0.100.202403111256/tools/bin/../lib/gcc/arm-none-eabi/12.3.1/thumb/v7e-m+fp/hard\libgcc.a(_dvmd_tls.o)
                0x08000d78                __aeabi_idiv0
                0x08000d78                __aeabi_ldiv0
 *(.text*)
 .text.map      0x08000d7c       0x38 ./Core/Src/ILI9488.o
                0x08000d7c                map
 .text.ILI9488_Init
                0x08000db4      0x1cc ./Core/Src/ILI9488.o
                0x08000db4                ILI9488_Init
 .text.setAddrWindow
                0x08000f80       0xb0 ./Core/Src/ILI9488.o
                0x08000f80                setAddrWindow
 .text.drawFastHLine
                0x08001030       0xc4 ./Core/Src/ILI9488.o
                0x08001030                drawFastHLine
 .text.fillRect
                0x080010f4      0x128 ./Core/Src/ILI9488.o
                0x080010f4                fillRect
 .text.setRotation
                0x0800121c       0xb0 ./Core/Src/ILI9488.o
                0x0800121c                setRotation
 .text.writecommand
                0x080012cc       0x44 ./Core/Src/ILI9488.o
                0x080012cc                writecommand
 .text.lcd_write_command
                0x08001310       0x44 ./Core/Src/ILI9488.o
                0x08001310                lcd_write_command
 .text.write16BitColor
                0x08001354       0xc0 ./Core/Src/ILI9488.o
                0x08001354                write16BitColor
 .text.writedata
                0x08001414       0x44 ./Core/Src/ILI9488.o
                0x08001414                writedata
 .text.lcd_write_data
                0x08001458       0x44 ./Core/Src/ILI9488.o
                0x08001458                lcd_write_data
 .text.ILI9341_Draw_Colour_Burst
                0x0800149c      0x1e8 ./Core/Src/ILI9488.o
                0x0800149c                ILI9341_Draw_Colour_Burst
 .text.ILI9341_Fill_Screen
                0x08001684       0x2e ./Core/Src/ILI9488.o
                0x08001684                ILI9341_Fill_Screen
 .text.LCD_Char
                0x080016b2      0x17e ./Core/Src/ILI9488.o
                0x080016b2                LCD_Char
 .text.LCD_Font
                0x08001830       0xf4 ./Core/Src/ILI9488.o
                0x08001830                LCD_Font
 .text.fillTriangle
                0x08001924      0x2a8 ./Core/Src/ILI9488.o
                0x08001924                fillTriangle
 .text.rainbow  0x08001bcc       0xa8 ./Core/Src/ILI9488.o
                0x08001bcc                rainbow
 *fill*         0x08001c74        0x4 
 .text.ringMeter1
                0x08001c78      0x420 ./Core/Src/ILI9488.o
                0x08001c78                ringMeter1
 .text.LCD_Circle_Helper
                0x08002098      0x228 ./Core/Src/ILI9488.o
                0x08002098                LCD_Circle_Helper
 .text.LCD_Line
                0x080022c0       0xe2 ./Core/Src/ILI9488.o
                0x080022c0                LCD_Line
 .text.LCD_Rect_Round
                0x080023a2      0x1d2 ./Core/Src/ILI9488.o
                0x080023a2                LCD_Rect_Round
 .text.LCD_Circle_Fill_Helper
                0x08002574      0x1b4 ./Core/Src/ILI9488.o
                0x08002574                LCD_Circle_Fill_Helper
 .text.LCD_Rect_Round_Fill
                0x08002728       0xcc ./Core/Src/ILI9488.o
                0x08002728                LCD_Rect_Round_Fill
 .text.HAL_UART_RxCpltCallback
                0x080027f4       0x28 ./Core/Src/main.o
                0x080027f4                HAL_UART_RxCpltCallback
 .text.HAL_SPI_TxCpltCallback
                0x0800281c       0x20 ./Core/Src/main.o
                0x0800281c                HAL_SPI_TxCpltCallback
 .text.main     0x0800283c      0xb5c ./Core/Src/main.o
                0x0800283c                main
 .text.SystemClock_Config
                0x08003398       0xd8 ./Core/Src/main.o
                0x08003398                SystemClock_Config
 .text.MX_SPI1_Init
                0x08003470       0x6c ./Core/Src/main.o
 .text.MX_SPI2_Init
                0x080034dc       0x6c ./Core/Src/main.o
 .text.MX_TIM2_Init
                0x08003548      0x118 ./Core/Src/main.o
 .text.MX_USART1_UART_Init
                0x08003660       0x54 ./Core/Src/main.o
 .text.MX_DMA_Init
                0x080036b4       0x6c ./Core/Src/main.o
 .text.MX_GPIO_Init
                0x08003720      0x144 ./Core/Src/main.o
 .text.Error_Handler
                0x08003864        0xc ./Core/Src/main.o
                0x08003864                Error_Handler
 .text.HAL_MspInit
                0x08003870       0x50 ./Core/Src/stm32f4xx_hal_msp.o
                0x08003870                HAL_MspInit
 .text.HAL_SPI_MspInit
                0x080038c0      0x160 ./Core/Src/stm32f4xx_hal_msp.o
                0x080038c0                HAL_SPI_MspInit
 .text.HAL_TIM_Base_MspInit
                0x08003a20       0x40 ./Core/Src/stm32f4xx_hal_msp.o
                0x08003a20                HAL_TIM_Base_MspInit
 .text.HAL_TIM_MspPostInit
                0x08003a60       0x70 ./Core/Src/stm32f4xx_hal_msp.o
                0x08003a60                HAL_TIM_MspPostInit
 .text.HAL_UART_MspInit
                0x08003ad0      0x108 ./Core/Src/stm32f4xx_hal_msp.o
                0x08003ad0                HAL_UART_MspInit
 .text.NMI_Handler
                0x08003bd8        0x8 ./Core/Src/stm32f4xx_it.o
                0x08003bd8                NMI_Handler
 .text.HardFault_Handler
                0x08003be0        0x8 ./Core/Src/stm32f4xx_it.o
                0x08003be0                HardFault_Handler
 .text.MemManage_Handler
                0x08003be8        0x8 ./Core/Src/stm32f4xx_it.o
                0x08003be8                MemManage_Handler
 .text.BusFault_Handler
                0x08003bf0        0x8 ./Core/Src/stm32f4xx_it.o
                0x08003bf0                BusFault_Handler
 .text.UsageFault_Handler
                0x08003bf8        0x8 ./Core/Src/stm32f4xx_it.o
                0x08003bf8                UsageFault_Handler
 .text.SVC_Handler
                0x08003c00        0xe ./Core/Src/stm32f4xx_it.o
                0x08003c00                SVC_Handler
 .text.DebugMon_Handler
                0x08003c0e        0xe ./Core/Src/stm32f4xx_it.o
                0x08003c0e                DebugMon_Handler
 .text.PendSV_Handler
                0x08003c1c        0xe ./Core/Src/stm32f4xx_it.o
                0x08003c1c                PendSV_Handler
 .text.SysTick_Handler
                0x08003c2a        0xc ./Core/Src/stm32f4xx_it.o
                0x08003c2a                SysTick_Handler
 *fill*         0x08003c36        0x2 
 .text.DMA1_Stream4_IRQHandler
                0x08003c38       0x14 ./Core/Src/stm32f4xx_it.o
                0x08003c38                DMA1_Stream4_IRQHandler
 .text.USART1_IRQHandler
                0x08003c4c       0x14 ./Core/Src/stm32f4xx_it.o
                0x08003c4c                USART1_IRQHandler
 .text.DMA2_Stream2_IRQHandler
                0x08003c60       0x14 ./Core/Src/stm32f4xx_it.o
                0x08003c60                DMA2_Stream2_IRQHandler
 .text._sbrk    0x08003c74       0x6c ./Core/Src/sysmem.o
                0x08003c74                _sbrk
 .text.SystemInit
                0x08003ce0       0x24 ./Core/Src/system_stm32f4xx.o
                0x08003ce0                SystemInit
 .text.remap    0x08003d04       0x5c ./Core/Src/xpt2046.o
 .text.getRaw   0x08003d60       0x8c ./Core/Src/xpt2046.o
                0x08003d60                getRaw
 .text.X        0x08003dec       0x74 ./Core/Src/xpt2046.o
 .text.Y        0x08003e60       0x68 ./Core/Src/xpt2046.o
 .text.getX     0x08003ec8       0x34 ./Core/Src/xpt2046.o
                0x08003ec8                getX
 .text.getY     0x08003efc       0x34 ./Core/Src/xpt2046.o
                0x08003efc                getY
 .text.Reset_Handler
                0x08003f30       0x50 ./Core/Startup/startup_stm32f446retx.o
                0x08003f30                Reset_Handler
 .text.Default_Handler
                0x08003f80        0x2 ./Core/Startup/startup_stm32f446retx.o
                0x08003f80                RTC_Alarm_IRQHandler
                0x08003f80                EXTI2_IRQHandler
                0x08003f80                TIM8_CC_IRQHandler
                0x08003f80                FMPI2C1_EV_IRQHandler
                0x08003f80                SPI4_IRQHandler
                0x08003f80                TIM1_CC_IRQHandler
                0x08003f80                DMA2_Stream5_IRQHandler
                0x08003f80                DMA1_Stream5_IRQHandler
                0x08003f80                PVD_IRQHandler
                0x08003f80                SDIO_IRQHandler
                0x08003f80                TAMP_STAMP_IRQHandler
                0x08003f80                CAN2_RX1_IRQHandler
                0x08003f80                EXTI3_IRQHandler
                0x08003f80                TIM8_TRG_COM_TIM14_IRQHandler
                0x08003f80                TIM1_UP_TIM10_IRQHandler
                0x08003f80                TIM8_UP_TIM13_IRQHandler
                0x08003f80                I2C3_ER_IRQHandler
                0x08003f80                EXTI0_IRQHandler
                0x08003f80                I2C2_EV_IRQHandler
                0x08003f80                DMA1_Stream2_IRQHandler
                0x08003f80                CAN1_RX0_IRQHandler
                0x08003f80                FPU_IRQHandler
                0x08003f80                OTG_HS_WKUP_IRQHandler
                0x08003f80                CAN2_SCE_IRQHandler
                0x08003f80                SPI1_IRQHandler
                0x08003f80                TIM6_DAC_IRQHandler
                0x08003f80                TIM1_BRK_TIM9_IRQHandler
                0x08003f80                DCMI_IRQHandler
                0x08003f80                CAN2_RX0_IRQHandler
                0x08003f80                DMA2_Stream3_IRQHandler
                0x08003f80                SAI2_IRQHandler
                0x08003f80                USART6_IRQHandler
                0x08003f80                USART3_IRQHandler
                0x08003f80                CAN1_RX1_IRQHandler
                0x08003f80                UART5_IRQHandler
                0x08003f80                DMA2_Stream0_IRQHandler
                0x08003f80                TIM4_IRQHandler
                0x08003f80                QUADSPI_IRQHandler
                0x08003f80                I2C1_EV_IRQHandler
                0x08003f80                DMA1_Stream6_IRQHandler
                0x08003f80                DMA1_Stream1_IRQHandler
                0x08003f80                UART4_IRQHandler
                0x08003f80                TIM3_IRQHandler
                0x08003f80                RCC_IRQHandler
                0x08003f80                TIM8_BRK_TIM12_IRQHandler
                0x08003f80                Default_Handler
                0x08003f80                CEC_IRQHandler
                0x08003f80                EXTI15_10_IRQHandler
                0x08003f80                ADC_IRQHandler
                0x08003f80                DMA1_Stream7_IRQHandler
                0x08003f80                TIM7_IRQHandler
                0x08003f80                CAN2_TX_IRQHandler
                0x08003f80                TIM5_IRQHandler
                0x08003f80                DMA2_Stream7_IRQHandler
                0x08003f80                I2C3_EV_IRQHandler
                0x08003f80                EXTI9_5_IRQHandler
                0x08003f80                RTC_WKUP_IRQHandler
                0x08003f80                SPDIF_RX_IRQHandler
                0x08003f80                SPI2_IRQHandler
                0x08003f80                OTG_HS_EP1_IN_IRQHandler
                0x08003f80                DMA1_Stream0_IRQHandler
                0x08003f80                CAN1_TX_IRQHandler
                0x08003f80                FMPI2C1_ER_IRQHandler
                0x08003f80                EXTI4_IRQHandler
                0x08003f80                OTG_HS_EP1_OUT_IRQHandler
                0x08003f80                WWDG_IRQHandler
                0x08003f80                TIM2_IRQHandler
                0x08003f80                OTG_FS_WKUP_IRQHandler
                0x08003f80                TIM1_TRG_COM_TIM11_IRQHandler
                0x08003f80                OTG_HS_IRQHandler
                0x08003f80                EXTI1_IRQHandler
                0x08003f80                USART2_IRQHandler
                0x08003f80                I2C2_ER_IRQHandler
                0x08003f80                DMA2_Stream1_IRQHandler
                0x08003f80                CAN1_SCE_IRQHandler
                0x08003f80                FLASH_IRQHandler
                0x08003f80                DMA2_Stream4_IRQHandler
                0x08003f80                OTG_FS_IRQHandler
                0x08003f80                SPI3_IRQHandler
                0x08003f80                I2C1_ER_IRQHandler
                0x08003f80                FMC_IRQHandler
                0x08003f80                DMA2_Stream6_IRQHandler
                0x08003f80                SAI1_IRQHandler
                0x08003f80                DMA1_Stream3_IRQHandler
 *fill*         0x08003f82        0x2 
 .text.HAL_Init
                0x08003f84       0x44 ./Drivers/STM32F4xx_HAL_Driver/Src/stm32f4xx_hal.o
                0x08003f84                HAL_Init
 .text.HAL_InitTick
                0x08003fc8       0x60 ./Drivers/STM32F4xx_HAL_Driver/Src/stm32f4xx_hal.o
                0x08003fc8                HAL_InitTick
 .text.HAL_IncTick
                0x08004028       0x28 ./Drivers/STM32F4xx_HAL_Driver/Src/stm32f4xx_hal.o
                0x08004028                HAL_IncTick
 .text.HAL_GetTick
                0x08004050       0x18 ./Drivers/STM32F4xx_HAL_Driver/Src/stm32f4xx_hal.o
                0x08004050                HAL_GetTick
 .text.HAL_Delay
                0x08004068       0x48 ./Drivers/STM32F4xx_HAL_Driver/Src/stm32f4xx_hal.o
                0x08004068                HAL_Delay
 .text.__NVIC_SetPriorityGrouping
                0x080040b0       0x48 ./Drivers/STM32F4xx_HAL_Driver/Src/stm32f4xx_hal_cortex.o
 .text.__NVIC_GetPriorityGrouping
                0x080040f8       0x1c ./Drivers/STM32F4xx_HAL_Driver/Src/stm32f4xx_hal_cortex.o
 .text.__NVIC_EnableIRQ
                0x08004114       0x3c ./Drivers/STM32F4xx_HAL_Driver/Src/stm32f4xx_hal_cortex.o
 .text.__NVIC_SetPriority
                0x08004150       0x54 ./Drivers/STM32F4xx_HAL_Driver/Src/stm32f4xx_hal_cortex.o
 .text.NVIC_EncodePriority
                0x080041a4       0x66 ./Drivers/STM32F4xx_HAL_Driver/Src/stm32f4xx_hal_cortex.o
 *fill*         0x0800420a        0x2 
 .text.SysTick_Config
                0x0800420c       0x44 ./Drivers/STM32F4xx_HAL_Driver/Src/stm32f4xx_hal_cortex.o
 .text.HAL_NVIC_SetPriorityGrouping
                0x08004250       0x16 ./Drivers/STM32F4xx_HAL_Driver/Src/stm32f4xx_hal_cortex.o
                0x08004250                HAL_NVIC_SetPriorityGrouping
 .text.HAL_NVIC_SetPriority
                0x08004266       0x38 ./Drivers/STM32F4xx_HAL_Driver/Src/stm32f4xx_hal_cortex.o
                0x08004266                HAL_NVIC_SetPriority
 .text.HAL_NVIC_EnableIRQ
                0x0800429e       0x1c ./Drivers/STM32F4xx_HAL_Driver/Src/stm32f4xx_hal_cortex.o
                0x0800429e                HAL_NVIC_EnableIRQ
 .text.HAL_SYSTICK_Config
                0x080042ba       0x18 ./Drivers/STM32F4xx_HAL_Driver/Src/stm32f4xx_hal_cortex.o
                0x080042ba                HAL_SYSTICK_Config
 *fill*         0x080042d2        0x2 
 .text.HAL_DMA_Init
                0x080042d4      0x15c ./Drivers/STM32F4xx_HAL_Driver/Src/stm32f4xx_hal_dma.o
                0x080042d4                HAL_DMA_Init
 .text.HAL_DMA_Start_IT
                0x08004430       0xb0 ./Drivers/STM32F4xx_HAL_Driver/Src/stm32f4xx_hal_dma.o
                0x08004430                HAL_DMA_Start_IT
 .text.HAL_DMA_Abort
                0x080044e0       0xe0 ./Drivers/STM32F4xx_HAL_Driver/Src/stm32f4xx_hal_dma.o
                0x080044e0                HAL_DMA_Abort
 .text.HAL_DMA_Abort_IT
                0x080045c0       0x44 ./Drivers/STM32F4xx_HAL_Driver/Src/stm32f4xx_hal_dma.o
                0x080045c0                HAL_DMA_Abort_IT
 .text.HAL_DMA_IRQHandler
                0x08004604      0x314 ./Drivers/STM32F4xx_HAL_Driver/Src/stm32f4xx_hal_dma.o
                0x08004604                HAL_DMA_IRQHandler
 .text.DMA_SetConfig
                0x08004918       0x5c ./Drivers/STM32F4xx_HAL_Driver/Src/stm32f4xx_hal_dma.o
 .text.DMA_CalcBaseAndBitshift
                0x08004974       0x6c ./Drivers/STM32F4xx_HAL_Driver/Src/stm32f4xx_hal_dma.o
 .text.DMA_CheckFifoParam
                0x080049e0       0xf8 ./Drivers/STM32F4xx_HAL_Driver/Src/stm32f4xx_hal_dma.o
 .text.HAL_GPIO_Init
                0x08004ad8      0x328 ./Drivers/STM32F4xx_HAL_Driver/Src/stm32f4xx_hal_gpio.o
                0x08004ad8                HAL_GPIO_Init
 .text.HAL_GPIO_WritePin
                0x08004e00       0x32 ./Drivers/STM32F4xx_HAL_Driver/Src/stm32f4xx_hal_gpio.o
                0x08004e00                HAL_GPIO_WritePin
 *fill*         0x08004e32        0x2 
 .text.HAL_RCC_ClockConfig
                0x08004e34      0x1cc ./Drivers/STM32F4xx_HAL_Driver/Src/stm32f4xx_hal_rcc.o
                0x08004e34                HAL_RCC_ClockConfig
 .text.HAL_RCC_GetHCLKFreq
                0x08005000       0x18 ./Drivers/STM32F4xx_HAL_Driver/Src/stm32f4xx_hal_rcc.o
                0x08005000                HAL_RCC_GetHCLKFreq
 .text.HAL_RCC_GetPCLK1Freq
                0x08005018       0x28 ./Drivers/STM32F4xx_HAL_Driver/Src/stm32f4xx_hal_rcc.o
                0x08005018                HAL_RCC_GetPCLK1Freq
 .text.HAL_RCC_GetPCLK2Freq
                0x08005040       0x28 ./Drivers/STM32F4xx_HAL_Driver/Src/stm32f4xx_hal_rcc.o
                0x08005040                HAL_RCC_GetPCLK2Freq
 .text.HAL_RCC_GetSysClockFreq
                0x08005068      0x460 ./Drivers/STM32F4xx_HAL_Driver/Src/stm32f4xx_hal_rcc_ex.o
                0x08005068                HAL_RCC_GetSysClockFreq
 .text.HAL_RCC_OscConfig
                0x080054c8      0x53c ./Drivers/STM32F4xx_HAL_Driver/Src/stm32f4xx_hal_rcc_ex.o
                0x080054c8                HAL_RCC_OscConfig
 .text.HAL_SPI_Init
                0x08005a04      0x112 ./Drivers/STM32F4xx_HAL_Driver/Src/stm32f4xx_hal_spi.o
                0x08005a04                HAL_SPI_Init
 .text.HAL_SPI_Transmit
                0x08005b16      0x286 ./Drivers/STM32F4xx_HAL_Driver/Src/stm32f4xx_hal_spi.o
                0x08005b16                HAL_SPI_Transmit
 .text.HAL_SPI_TransmitReceive
                0x08005d9c      0x360 ./Drivers/STM32F4xx_HAL_Driver/Src/stm32f4xx_hal_spi.o
                0x08005d9c                HAL_SPI_TransmitReceive
 .text.HAL_SPI_Transmit_DMA
                0x080060fc      0x164 ./Drivers/STM32F4xx_HAL_Driver/Src/stm32f4xx_hal_spi.o
                0x080060fc                HAL_SPI_Transmit_DMA
 .text.HAL_SPI_TxHalfCpltCallback
                0x08006260       0x14 ./Drivers/STM32F4xx_HAL_Driver/Src/stm32f4xx_hal_spi.o
                0x08006260                HAL_SPI_TxHalfCpltCallback
 .text.HAL_SPI_ErrorCallback
                0x08006274       0x14 ./Drivers/STM32F4xx_HAL_Driver/Src/stm32f4xx_hal_spi.o
                0x08006274                HAL_SPI_ErrorCallback
 .text.SPI_DMATransmitCplt
                0x08006288       0xa8 ./Drivers/STM32F4xx_HAL_Driver/Src/stm32f4xx_hal_spi.o
 .text.SPI_DMAHalfTransmitCplt
                0x08006330       0x1c ./Drivers/STM32F4xx_HAL_Driver/Src/stm32f4xx_hal_spi.o
 .text.SPI_DMAError
                0x0800634c       0x40 ./Drivers/STM32F4xx_HAL_Driver/Src/stm32f4xx_hal_spi.o
 .text.SPI_WaitFlagStateUntilTimeout
                0x0800638c      0x110 ./Drivers/STM32F4xx_HAL_Driver/Src/stm32f4xx_hal_spi.o
 .text.SPI_EndRxTxTransaction
                0x0800649c       0xa8 ./Drivers/STM32F4xx_HAL_Driver/Src/stm32f4xx_hal_spi.o
 .text.HAL_TIM_Base_Init
                0x08006544       0x9e ./Drivers/STM32F4xx_HAL_Driver/Src/stm32f4xx_hal_tim.o
                0x08006544                HAL_TIM_Base_Init
 .text.HAL_TIM_PWM_Init
                0x080065e2       0x9e ./Drivers/STM32F4xx_HAL_Driver/Src/stm32f4xx_hal_tim.o
                0x080065e2                HAL_TIM_PWM_Init
 .text.HAL_TIM_PWM_MspInit
                0x08006680       0x14 ./Drivers/STM32F4xx_HAL_Driver/Src/stm32f4xx_hal_tim.o
                0x08006680                HAL_TIM_PWM_MspInit
 .text.HAL_TIM_PWM_Start
                0x08006694      0x190 ./Drivers/STM32F4xx_HAL_Driver/Src/stm32f4xx_hal_tim.o
                0x08006694                HAL_TIM_PWM_Start
 .text.HAL_TIM_PWM_ConfigChannel
                0x08006824      0x184 ./Drivers/STM32F4xx_HAL_Driver/Src/stm32f4xx_hal_tim.o
                0x08006824                HAL_TIM_PWM_ConfigChannel
 .text.HAL_TIM_ConfigClockSource
                0x080069a8      0x18e ./Drivers/STM32F4xx_HAL_Driver/Src/stm32f4xx_hal_tim.o
                0x080069a8                HAL_TIM_ConfigClockSource
 *fill*         0x08006b36        0x2 
 .text.TIM_Base_SetConfig
                0x08006b38      0x158 ./Drivers/STM32F4xx_HAL_Driver/Src/stm32f4xx_hal_tim.o
                0x08006b38                TIM_Base_SetConfig
 .text.TIM_OC1_SetConfig
                0x08006c90       0xe0 ./Drivers/STM32F4xx_HAL_Driver/Src/stm32f4xx_hal_tim.o
 .text.TIM_OC2_SetConfig
                0x08006d70       0xec ./Drivers/STM32F4xx_HAL_Driver/Src/stm32f4xx_hal_tim.o
                0x08006d70                TIM_OC2_SetConfig
 .text.TIM_OC3_SetConfig
                0x08006e5c       0xe8 ./Drivers/STM32F4xx_HAL_Driver/Src/stm32f4xx_hal_tim.o
 .text.TIM_OC4_SetConfig
                0x08006f44       0xac ./Drivers/STM32F4xx_HAL_Driver/Src/stm32f4xx_hal_tim.o
 .text.TIM_TI1_ConfigInputStage
                0x08006ff0       0x5e ./Drivers/STM32F4xx_HAL_Driver/Src/stm32f4xx_hal_tim.o
 .text.TIM_TI2_ConfigInputStage
                0x0800704e       0x60 ./Drivers/STM32F4xx_HAL_Driver/Src/stm32f4xx_hal_tim.o
 .text.TIM_ITRx_SetConfig
                0x080070ae       0x36 ./Drivers/STM32F4xx_HAL_Driver/Src/stm32f4xx_hal_tim.o
 .text.TIM_ETR_SetConfig
                0x080070e4       0x40 ./Drivers/STM32F4xx_HAL_Driver/Src/stm32f4xx_hal_tim.o
                0x080070e4                TIM_ETR_SetConfig
 .text.TIM_CCxChannelCmd
                0x08007124       0x4a ./Drivers/STM32F4xx_HAL_Driver/Src/stm32f4xx_hal_tim.o
                0x08007124                TIM_CCxChannelCmd
 *fill*         0x0800716e        0x2 
 .text.HAL_TIMEx_MasterConfigSynchronization
                0x08007170       0xf8 ./Drivers/STM32F4xx_HAL_Driver/Src/stm32f4xx_hal_tim_ex.o
                0x08007170                HAL_TIMEx_MasterConfigSynchronization
 .text.HAL_UART_Init
                0x08007268       0xa0 ./Drivers/STM32F4xx_HAL_Driver/Src/stm32f4xx_hal_uart.o
                0x08007268                HAL_UART_Init
 .text.HAL_UART_Receive_DMA
                0x08007308       0x4a ./Drivers/STM32F4xx_HAL_Driver/Src/stm32f4xx_hal_uart.o
                0x08007308                HAL_UART_Receive_DMA
 *fill*         0x08007352        0x2 
 .text.HAL_UART_IRQHandler
                0x08007354      0x524 ./Drivers/STM32F4xx_HAL_Driver/Src/stm32f4xx_hal_uart.o
                0x08007354                HAL_UART_IRQHandler
 .text.HAL_UART_TxCpltCallback
                0x08007878       0x14 ./Drivers/STM32F4xx_HAL_Driver/Src/stm32f4xx_hal_uart.o
                0x08007878                HAL_UART_TxCpltCallback
 .text.HAL_UART_RxHalfCpltCallback
                0x0800788c       0x14 ./Drivers/STM32F4xx_HAL_Driver/Src/stm32f4xx_hal_uart.o
                0x0800788c                HAL_UART_RxHalfCpltCallback
 .text.HAL_UART_ErrorCallback
                0x080078a0       0x14 ./Drivers/STM32F4xx_HAL_Driver/Src/stm32f4xx_hal_uart.o
                0x080078a0                HAL_UART_ErrorCallback
 .text.HAL_UARTEx_RxEventCallback
                0x080078b4       0x18 ./Drivers/STM32F4xx_HAL_Driver/Src/stm32f4xx_hal_uart.o
                0x080078b4                HAL_UARTEx_RxEventCallback
 .text.UART_DMAReceiveCplt
                0x080078cc      0x12c ./Drivers/STM32F4xx_HAL_Driver/Src/stm32f4xx_hal_uart.o
 .text.UART_DMARxHalfCplt
                0x080079f8       0x3c ./Drivers/STM32F4xx_HAL_Driver/Src/stm32f4xx_hal_uart.o
 .text.UART_DMAError
                0x08007a34       0x94 ./Drivers/STM32F4xx_HAL_Driver/Src/stm32f4xx_hal_uart.o
 .text.UART_Start_Receive_DMA
                0x08007ac8      0x134 ./Drivers/STM32F4xx_HAL_Driver/Src/stm32f4xx_hal_uart.o
                0x08007ac8                UART_Start_Receive_DMA
 .text.UART_EndTxTransfer
                0x08007bfc       0x50 ./Drivers/STM32F4xx_HAL_Driver/Src/stm32f4xx_hal_uart.o
 .text.UART_EndRxTransfer
                0x08007c4c       0xc6 ./Drivers/STM32F4xx_HAL_Driver/Src/stm32f4xx_hal_uart.o
 .text.UART_DMAAbortOnError
                0x08007d12       0x28 ./Drivers/STM32F4xx_HAL_Driver/Src/stm32f4xx_hal_uart.o
 .text.UART_Transmit_IT
                0x08007d3a       0xa0 ./Drivers/STM32F4xx_HAL_Driver/Src/stm32f4xx_hal_uart.o
 .text.UART_EndTransmit_IT
                0x08007dda       0x30 ./Drivers/STM32F4xx_HAL_Driver/Src/stm32f4xx_hal_uart.o
 .text.UART_Receive_IT
                0x08007e0a      0x17c ./Drivers/STM32F4xx_HAL_Driver/Src/stm32f4xx_hal_uart.o
 *fill*         0x08007f86        0x2 
 .text.UART_SetConfig
                0x08007f88      0x4e8 ./Drivers/STM32F4xx_HAL_Driver/Src/stm32f4xx_hal_uart.o
 .text.sprintf  0x08008470       0x40 C:/ST/STM32CubeIDE_1.13.1/STM32CubeIDE/plugins/com.st.stm32cube.ide.mcu.externaltools.gnu-tools-for-stm32.12.3.rel1.win32_1.0.100.202403111256/tools/bin/../lib/gcc/arm-none-eabi/12.3.1/../../../../arm-none-eabi/lib/thumb/v7e-m+fp/hard\libc_nano.a(libc_a-sprintf.o)
                0x08008470                siprintf
                0x08008470                sprintf
 .text.memset   0x080084b0       0x10 C:/ST/STM32CubeIDE_1.13.1/STM32CubeIDE/plugins/com.st.stm32cube.ide.mcu.externaltools.gnu-tools-for-stm32.12.3.rel1.win32_1.0.100.202403111256/tools/bin/../lib/gcc/arm-none-eabi/12.3.1/../../../../arm-none-eabi/lib/thumb/v7e-m+fp/hard\libc_nano.a(libc_a-memset.o)
                0x080084b0                memset
 .text.__errno  0x080084c0        0xc C:/ST/STM32CubeIDE_1.13.1/STM32CubeIDE/plugins/com.st.stm32cube.ide.mcu.externaltools.gnu-tools-for-stm32.12.3.rel1.win32_1.0.100.202403111256/tools/bin/../lib/gcc/arm-none-eabi/12.3.1/../../../../arm-none-eabi/lib/thumb/v7e-m+fp/hard\libc_nano.a(libc_a-errno.o)
                0x080084c0                __errno
 .text.__libc_init_array
                0x080084cc       0x48 C:/ST/STM32CubeIDE_1.13.1/STM32CubeIDE/plugins/com.st.stm32cube.ide.mcu.externaltools.gnu-tools-for-stm32.12.3.rel1.win32_1.0.100.202403111256/tools/bin/../lib/gcc/arm-none-eabi/12.3.1/../../../../arm-none-eabi/lib/thumb/v7e-m+fp/hard\libc_nano.a(libc_a-init.o)
                0x080084cc                __libc_init_array
 .text.__retarget_lock_acquire_recursive
                0x08008514        0x2 C:/ST/STM32CubeIDE_1.13.1/STM32CubeIDE/plugins/com.st.stm32cube.ide.mcu.externaltools.gnu-tools-for-stm32.12.3.rel1.win32_1.0.100.202403111256/tools/bin/../lib/gcc/arm-none-eabi/12.3.1/../../../../arm-none-eabi/lib/thumb/v7e-m+fp/hard\libc_nano.a(libc_a-lock.o)
                0x08008514                __retarget_lock_acquire_recursive
 .text.__retarget_lock_release_recursive
                0x08008516        0x2 C:/ST/STM32CubeIDE_1.13.1/STM32CubeIDE/plugins/com.st.stm32cube.ide.mcu.externaltools.gnu-tools-for-stm32.12.3.rel1.win32_1.0.100.202403111256/tools/bin/../lib/gcc/arm-none-eabi/12.3.1/../../../../arm-none-eabi/lib/thumb/v7e-m+fp/hard\libc_nano.a(libc_a-lock.o)
                0x08008516                __retarget_lock_release_recursive
 .text.memcpy   0x08008518       0x1c C:/ST/STM32CubeIDE_1.13.1/STM32CubeIDE/plugins/com.st.stm32cube.ide.mcu.externaltools.gnu-tools-for-stm32.12.3.rel1.win32_1.0.100.202403111256/tools/bin/../lib/gcc/arm-none-eabi/12.3.1/../../../../arm-none-eabi/lib/thumb/v7e-m+fp/hard\libc_nano.a(libc_a-memcpy-stub.o)
                0x08008518                memcpy
 .text._free_r  0x08008534       0x94 C:/ST/STM32CubeIDE_1.13.1/STM32CubeIDE/plugins/com.st.stm32cube.ide.mcu.externaltools.gnu-tools-for-stm32.12.3.rel1.win32_1.0.100.202403111256/tools/bin/../lib/gcc/arm-none-eabi/12.3.1/../../../../arm-none-eabi/lib/thumb/v7e-m+fp/hard\libc_nano.a(libc_a-freer.o)
                0x08008534                _free_r
 .text.sbrk_aligned
                0x080085c8       0x44 C:/ST/STM32CubeIDE_1.13.1/STM32CubeIDE/plugins/com.st.stm32cube.ide.mcu.externaltools.gnu-tools-for-stm32.12.3.rel1.win32_1.0.100.202403111256/tools/bin/../lib/gcc/arm-none-eabi/12.3.1/../../../../arm-none-eabi/lib/thumb/v7e-m+fp/hard\libc_nano.a(libc_a-mallocr.o)
 .text._malloc_r
                0x0800860c      0x100 C:/ST/STM32CubeIDE_1.13.1/STM32CubeIDE/plugins/com.st.stm32cube.ide.mcu.externaltools.gnu-tools-for-stm32.12.3.rel1.win32_1.0.100.202403111256/tools/bin/../lib/gcc/arm-none-eabi/12.3.1/../../../../arm-none-eabi/lib/thumb/v7e-m+fp/hard\libc_nano.a(libc_a-mallocr.o)
                0x0800860c                _malloc_r
 .text.__malloc_lock
                0x0800870c        0xc C:/ST/STM32CubeIDE_1.13.1/STM32CubeIDE/plugins/com.st.stm32cube.ide.mcu.externaltools.gnu-tools-for-stm32.12.3.rel1.win32_1.0.100.202403111256/tools/bin/../lib/gcc/arm-none-eabi/12.3.1/../../../../arm-none-eabi/lib/thumb/v7e-m+fp/hard\libc_nano.a(libc_a-mlock.o)
                0x0800870c                __malloc_lock
 .text.__malloc_unlock
                0x08008718        0xc C:/ST/STM32CubeIDE_1.13.1/STM32CubeIDE/plugins/com.st.stm32cube.ide.mcu.externaltools.gnu-tools-for-stm32.12.3.rel1.win32_1.0.100.202403111256/tools/bin/../lib/gcc/arm-none-eabi/12.3.1/../../../../arm-none-eabi/lib/thumb/v7e-m+fp/hard\libc_nano.a(libc_a-mlock.o)
                0x08008718                __malloc_unlock
 .text.__ssputs_r
                0x08008724       0xb6 C:/ST/STM32CubeIDE_1.13.1/STM32CubeIDE/plugins/com.st.stm32cube.ide.mcu.externaltools.gnu-tools-for-stm32.12.3.rel1.win32_1.0.100.202403111256/tools/bin/../lib/gcc/arm-none-eabi/12.3.1/../../../../arm-none-eabi/lib/thumb/v7e-m+fp/hard\libc_nano.a(libc_a-nano-svfprintf.o)
                0x08008724                __ssputs_r
 *fill*         0x080087da        0x2 
 .text._svfprintf_r
                0x080087dc      0x1f8 C:/ST/STM32CubeIDE_1.13.1/STM32CubeIDE/plugins/com.st.stm32cube.ide.mcu.externaltools.gnu-tools-for-stm32.12.3.rel1.win32_1.0.100.202403111256/tools/bin/../lib/gcc/arm-none-eabi/12.3.1/../../../../arm-none-eabi/lib/thumb/v7e-m+fp/hard\libc_nano.a(libc_a-nano-svfprintf.o)
                0x080087dc                _svfiprintf_r
                0x080087dc                _svfprintf_r
 .text._printf_common
                0x080089d4       0xda C:/ST/STM32CubeIDE_1.13.1/STM32CubeIDE/plugins/com.st.stm32cube.ide.mcu.externaltools.gnu-tools-for-stm32.12.3.rel1.win32_1.0.100.202403111256/tools/bin/../lib/gcc/arm-none-eabi/12.3.1/../../../../arm-none-eabi/lib/thumb/v7e-m+fp/hard\libc_nano.a(libc_a-nano-vfprintf_i.o)
                0x080089d4                _printf_common
 *fill*         0x08008aae        0x2 
 .text._printf_i
                0x08008ab0      0x240 C:/ST/STM32CubeIDE_1.13.1/STM32CubeIDE/plugins/com.st.stm32cube.ide.mcu.externaltools.gnu-tools-for-stm32.12.3.rel1.win32_1.0.100.202403111256/tools/bin/../lib/gcc/arm-none-eabi/12.3.1/../../../../arm-none-eabi/lib/thumb/v7e-m+fp/hard\libc_nano.a(libc_a-nano-vfprintf_i.o)
                0x08008ab0                _printf_i
 .text.memmove  0x08008cf0       0x34 C:/ST/STM32CubeIDE_1.13.1/STM32CubeIDE/plugins/com.st.stm32cube.ide.mcu.externaltools.gnu-tools-for-stm32.12.3.rel1.win32_1.0.100.202403111256/tools/bin/../lib/gcc/arm-none-eabi/12.3.1/../../../../arm-none-eabi/lib/thumb/v7e-m+fp/hard\libc_nano.a(libc_a-memmove.o)
                0x08008cf0                memmove
 .text._sbrk_r  0x08008d24       0x20 C:/ST/STM32CubeIDE_1.13.1/STM32CubeIDE/plugins/com.st.stm32cube.ide.mcu.externaltools.gnu-tools-for-stm32.12.3.rel1.win32_1.0.100.202403111256/tools/bin/../lib/gcc/arm-none-eabi/12.3.1/../../../../arm-none-eabi/lib/thumb/v7e-m+fp/hard\libc_nano.a(libc_a-sbrkr.o)
                0x08008d24                _sbrk_r
 .text._realloc_r
                0x08008d44       0x5c C:/ST/STM32CubeIDE_1.13.1/STM32CubeIDE/plugins/com.st.stm32cube.ide.mcu.externaltools.gnu-tools-for-stm32.12.3.rel1.win32_1.0.100.202403111256/tools/bin/../lib/gcc/arm-none-eabi/12.3.1/../../../../arm-none-eabi/lib/thumb/v7e-m+fp/hard\libc_nano.a(libc_a-reallocr.o)
                0x08008d44                _realloc_r
 .text._malloc_usable_size_r
                0x08008da0       0x10 C:/ST/STM32CubeIDE_1.13.1/STM32CubeIDE/plugins/com.st.stm32cube.ide.mcu.externaltools.gnu-tools-for-stm32.12.3.rel1.win32_1.0.100.202403111256/tools/bin/../lib/gcc/arm-none-eabi/12.3.1/../../../../arm-none-eabi/lib/thumb/v7e-m+fp/hard\libc_nano.a(libc_a-msizer.o)
                0x08008da0                _malloc_usable_size_r
 .text.cos      0x08008db0       0xa8 C:/ST/STM32CubeIDE_1.13.1/STM32CubeIDE/plugins/com.st.stm32cube.ide.mcu.externaltools.gnu-tools-for-stm32.12.3.rel1.win32_1.0.100.202403111256/tools/bin/../lib/gcc/arm-none-eabi/12.3.1/../../../../arm-none-eabi/lib/thumb/v7e-m+fp/hard\libm.a(libm_a-s_cos.o)
                0x08008db0                cos
 .text.sin      0x08008e58       0xa8 C:/ST/STM32CubeIDE_1.13.1/STM32CubeIDE/plugins/com.st.stm32cube.ide.mcu.externaltools.gnu-tools-for-stm32.12.3.rel1.win32_1.0.100.202403111256/tools/bin/../lib/gcc/arm-none-eabi/12.3.1/../../../../arm-none-eabi/lib/thumb/v7e-m+fp/hard\libm.a(libm_a-s_sin.o)
                0x08008e58                sin
 .text.__kernel_cos
                0x08008f00      0x18c C:/ST/STM32CubeIDE_1.13.1/STM32CubeIDE/plugins/com.st.stm32cube.ide.mcu.externaltools.gnu-tools-for-stm32.12.3.rel1.win32_1.0.100.202403111256/tools/bin/../lib/gcc/arm-none-eabi/12.3.1/../../../../arm-none-eabi/lib/thumb/v7e-m+fp/hard\libm.a(libm_a-k_cos.o)
                0x08008f00                __kernel_cos
 *fill*         0x0800908c        0x4 
 .text.__kernel_sin
                0x08009090      0x174 C:/ST/STM32CubeIDE_1.13.1/STM32CubeIDE/plugins/com.st.stm32cube.ide.mcu.externaltools.gnu-tools-for-stm32.12.3.rel1.win32_1.0.100.202403111256/tools/bin/../lib/gcc/arm-none-eabi/12.3.1/../../../../arm-none-eabi/lib/thumb/v7e-m+fp/hard\libm.a(libm_a-k_sin.o)
                0x08009090                __kernel_sin
 *fill*         0x08009204        0x4 
 .text.__ieee754_rem_pio2
                0x08009208      0x3f8 C:/ST/STM32CubeIDE_1.13.1/STM32CubeIDE/plugins/com.st.stm32cube.ide.mcu.externaltools.gnu-tools-for-stm32.12.3.rel1.win32_1.0.100.202403111256/tools/bin/../lib/gcc/arm-none-eabi/12.3.1/../../../../arm-none-eabi/lib/thumb/v7e-m+fp/hard\libm.a(libm_a-e_rem_pio2.o)
                0x08009208                __ieee754_rem_pio2
 .text.fabs     0x08009600       0x10 C:/ST/STM32CubeIDE_1.13.1/STM32CubeIDE/plugins/com.st.stm32cube.ide.mcu.externaltools.gnu-tools-for-stm32.12.3.rel1.win32_1.0.100.202403111256/tools/bin/../lib/gcc/arm-none-eabi/12.3.1/../../../../arm-none-eabi/lib/thumb/v7e-m+fp/hard\libm.a(libm_a-s_fabs.o)
                0x08009600                fabs
 .text.__kernel_rem_pio2
                0x08009610      0x6b0 C:/ST/STM32CubeIDE_1.13.1/STM32CubeIDE/plugins/com.st.stm32cube.ide.mcu.externaltools.gnu-tools-for-stm32.12.3.rel1.win32_1.0.100.202403111256/tools/bin/../lib/gcc/arm-none-eabi/12.3.1/../../../../arm-none-eabi/lib/thumb/v7e-m+fp/hard\libm.a(libm_a-k_rem_pio2.o)
                0x08009610                __kernel_rem_pio2
 .text.scalbn   0x08009cc0       0xfc C:/ST/STM32CubeIDE_1.13.1/STM32CubeIDE/plugins/com.st.stm32cube.ide.mcu.externaltools.gnu-tools-for-stm32.12.3.rel1.win32_1.0.100.202403111256/tools/bin/../lib/gcc/arm-none-eabi/12.3.1/../../../../arm-none-eabi/lib/thumb/v7e-m+fp/hard\libm.a(libm_a-s_scalbn.o)
                0x08009cc0                scalbn
 *fill*         0x08009dbc        0x4 
 .text.floor    0x08009dc0       0xf8 C:/ST/STM32CubeIDE_1.13.1/STM32CubeIDE/plugins/com.st.stm32cube.ide.mcu.externaltools.gnu-tools-for-stm32.12.3.rel1.win32_1.0.100.202403111256/tools/bin/../lib/gcc/arm-none-eabi/12.3.1/../../../../arm-none-eabi/lib/thumb/v7e-m+fp/hard\libm.a(libm_a-s_floor.o)
                0x08009dc0                floor
 *(.glue_7)
 .glue_7        0x08009eb8        0x0 linker stubs
 *(.glue_7t)
 .glue_7t       0x08009eb8        0x0 linker stubs
 *(.eh_frame)
 .eh_frame      0x08009eb8        0x0 C:/ST/STM32CubeIDE_1.13.1/STM32CubeIDE/plugins/com.st.stm32cube.ide.mcu.externaltools.gnu-tools-for-stm32.12.3.rel1.win32_1.0.100.202403111256/tools/bin/../lib/gcc/arm-none-eabi/12.3.1/thumb/v7e-m+fp/hard/crtbegin.o
 *(.init)
 .init          0x08009eb8        0x4 C:/ST/STM32CubeIDE_1.13.1/STM32CubeIDE/plugins/com.st.stm32cube.ide.mcu.externaltools.gnu-tools-for-stm32.12.3.rel1.win32_1.0.100.202403111256/tools/bin/../lib/gcc/arm-none-eabi/12.3.1/thumb/v7e-m+fp/hard/crti.o
                0x08009eb8                _init
 .init          0x08009ebc        0x8 C:/ST/STM32CubeIDE_1.13.1/STM32CubeIDE/plugins/com.st.stm32cube.ide.mcu.externaltools.gnu-tools-for-stm32.12.3.rel1.win32_1.0.100.202403111256/tools/bin/../lib/gcc/arm-none-eabi/12.3.1/thumb/v7e-m+fp/hard/crtn.o
 *(.fini)
 .fini          0x08009ec4        0x4 C:/ST/STM32CubeIDE_1.13.1/STM32CubeIDE/plugins/com.st.stm32cube.ide.mcu.externaltools.gnu-tools-for-stm32.12.3.rel1.win32_1.0.100.202403111256/tools/bin/../lib/gcc/arm-none-eabi/12.3.1/thumb/v7e-m+fp/hard/crti.o
                0x08009ec4                _fini
 .fini          0x08009ec8        0x8 C:/ST/STM32CubeIDE_1.13.1/STM32CubeIDE/plugins/com.st.stm32cube.ide.mcu.externaltools.gnu-tools-for-stm32.12.3.rel1.win32_1.0.100.202403111256/tools/bin/../lib/gcc/arm-none-eabi/12.3.1/thumb/v7e-m+fp/hard/crtn.o
                0x08009ed0                        . = ALIGN (0x4)
                0x08009ed0                        _etext = .

.vfp11_veneer   0x08009ed0        0x0
 .vfp11_veneer  0x08009ed0        0x0 linker stubs

.v4_bx          0x08009ed0        0x0
 .v4_bx         0x08009ed0        0x0 linker stubs

.iplt           0x08009ed0        0x0
 .iplt          0x08009ed0        0x0 C:/ST/STM32CubeIDE_1.13.1/STM32CubeIDE/plugins/com.st.stm32cube.ide.mcu.externaltools.gnu-tools-for-stm32.12.3.rel1.win32_1.0.100.202403111256/tools/bin/../lib/gcc/arm-none-eabi/12.3.1/thumb/v7e-m+fp/hard/crtbegin.o

.rodata         0x08009ed0     0xd398
                0x08009ed0                        . = ALIGN (0x4)
 *(.rodata)
 .rodata        0x08009ed0       0x50 ./Core/Src/main.o
 .rodata        0x08009f20        0x4 ./Core/Src/xpt2046.o
 *(.rodata*)
 .rodata.Open_Sans_Bold_20Bitmaps
                0x08009f24      0x645 ./Core/Src/main.o
                0x08009f24                Open_Sans_Bold_20Bitmaps
 *fill*         0x0800a569        0x3 
 .rodata.Open_Sans_Bold_20Glyphs
                0x0800a56c      0x2f0 ./Core/Src/main.o
                0x0800a56c                Open_Sans_Bold_20Glyphs
 .rodata.Open_Sans_Bold_20
                0x0800a85c        0xc ./Core/Src/main.o
                0x0800a85c                Open_Sans_Bold_20
 .rodata.Open_Sans_Bold_24Bitmaps
                0x0800a868      0x91f ./Core/Src/main.o
                0x0800a868                Open_Sans_Bold_24Bitmaps
 *fill*         0x0800b187        0x1 
 .rodata.Open_Sans_Bold_24Glyphs
                0x0800b188      0x2f0 ./Core/Src/main.o
                0x0800b188                Open_Sans_Bold_24Glyphs
 .rodata.Open_Sans_Bold_24
                0x0800b478        0xc ./Core/Src/main.o
                0x0800b478                Open_Sans_Bold_24
 .rodata.Open_Sans_Bold_112Bitmaps
                0x0800b484     0xb8b7 ./Core/Src/main.o
                0x0800b484                Open_Sans_Bold_112Bitmaps
 *fill*         0x08016d3b        0x1 
 .rodata.Open_Sans_Bold_112Glyphs
                0x08016d3c      0x2f0 ./Core/Src/main.o
                0x08016d3c                Open_Sans_Bold_112Glyphs
 .rodata.Open_Sans_Bold_112
                0x0801702c        0xc ./Core/Src/main.o
                0x0801702c                Open_Sans_Bold_112
 .rodata.AHBPrescTable
                0x08017038       0x10 ./Core/Src/system_stm32f4xx.o
                0x08017038                AHBPrescTable
 .rodata.APBPrescTable
                0x08017048        0x8 ./Core/Src/system_stm32f4xx.o
                0x08017048                APBPrescTable
 .rodata.flagBitshiftOffset.0
                0x08017050        0x8 ./Drivers/STM32F4xx_HAL_Driver/Src/stm32f4xx_hal_dma.o
 .rodata._svfprintf_r.str1.1
                0x08017058       0x11 C:/ST/STM32CubeIDE_1.13.1/STM32CubeIDE/plugins/com.st.stm32cube.ide.mcu.externaltools.gnu-tools-for-stm32.12.3.rel1.win32_1.0.100.202403111256/tools/bin/../lib/gcc/arm-none-eabi/12.3.1/../../../../arm-none-eabi/lib/thumb/v7e-m+fp/hard\libc_nano.a(libc_a-nano-svfprintf.o)
 .rodata._printf_i.str1.1
                0x08017069       0x22 C:/ST/STM32CubeIDE_1.13.1/STM32CubeIDE/plugins/com.st.stm32cube.ide.mcu.externaltools.gnu-tools-for-stm32.12.3.rel1.win32_1.0.100.202403111256/tools/bin/../lib/gcc/arm-none-eabi/12.3.1/../../../../arm-none-eabi/lib/thumb/v7e-m+fp/hard\libc_nano.a(libc_a-nano-vfprintf_i.o)
 *fill*         0x0801708b        0x1 
 .rodata.npio2_hw
                0x0801708c       0x80 C:/ST/STM32CubeIDE_1.13.1/STM32CubeIDE/plugins/com.st.stm32cube.ide.mcu.externaltools.gnu-tools-for-stm32.12.3.rel1.win32_1.0.100.202403111256/tools/bin/../lib/gcc/arm-none-eabi/12.3.1/../../../../arm-none-eabi/lib/thumb/v7e-m+fp/hard\libm.a(libm_a-e_rem_pio2.o)
 .rodata.two_over_pi
                0x0801710c      0x108 C:/ST/STM32CubeIDE_1.13.1/STM32CubeIDE/plugins/com.st.stm32cube.ide.mcu.externaltools.gnu-tools-for-stm32.12.3.rel1.win32_1.0.100.202403111256/tools/bin/../lib/gcc/arm-none-eabi/12.3.1/../../../../arm-none-eabi/lib/thumb/v7e-m+fp/hard\libm.a(libm_a-e_rem_pio2.o)
 *fill*         0x08017214        0x4 
 .rodata.PIo2   0x08017218       0x40 C:/ST/STM32CubeIDE_1.13.1/STM32CubeIDE/plugins/com.st.stm32cube.ide.mcu.externaltools.gnu-tools-for-stm32.12.3.rel1.win32_1.0.100.202403111256/tools/bin/../lib/gcc/arm-none-eabi/12.3.1/../../../../arm-none-eabi/lib/thumb/v7e-m+fp/hard\libm.a(libm_a-k_rem_pio2.o)
 .rodata.init_jk
                0x08017258       0x10 C:/ST/STM32CubeIDE_1.13.1/STM32CubeIDE/plugins/com.st.stm32cube.ide.mcu.externaltools.gnu-tools-for-stm32.12.3.rel1.win32_1.0.100.202403111256/tools/bin/../lib/gcc/arm-none-eabi/12.3.1/../../../../arm-none-eabi/lib/thumb/v7e-m+fp/hard\libm.a(libm_a-k_rem_pio2.o)
                0x08017268                        . = ALIGN (0x4)

.ARM.extab      0x08017268        0x0
                0x08017268                        . = ALIGN (0x4)
 *(.ARM.extab* .gnu.linkonce.armextab.*)
                0x08017268                        . = ALIGN (0x4)

.ARM            0x08017268        0x8
                0x08017268                        . = ALIGN (0x4)
                0x08017268                        __exidx_start = .
 *(.ARM.exidx*)
 .ARM.exidx     0x08017268        0x8 C:/ST/STM32CubeIDE_1.13.1/STM32CubeIDE/plugins/com.st.stm32cube.ide.mcu.externaltools.gnu-tools-for-stm32.12.3.rel1.win32_1.0.100.202403111256/tools/bin/../lib/gcc/arm-none-eabi/12.3.1/../../../../arm-none-eabi/lib/thumb/v7e-m+fp/hard\libc_nano.a(libc_a-strlen.o)
 .ARM.exidx     0x08017270        0x0 C:/ST/STM32CubeIDE_1.13.1/STM32CubeIDE/plugins/com.st.stm32cube.ide.mcu.externaltools.gnu-tools-for-stm32.12.3.rel1.win32_1.0.100.202403111256/tools/bin/../lib/gcc/arm-none-eabi/12.3.1/../../../../arm-none-eabi/lib/thumb/v7e-m+fp/hard\libc_nano.a(libc_a-memchr.o)
                                  0x8 (size before relaxing)
 .ARM.exidx     0x08017270        0x0 C:/ST/STM32CubeIDE_1.13.1/STM32CubeIDE/plugins/com.st.stm32cube.ide.mcu.externaltools.gnu-tools-for-stm32.12.3.rel1.win32_1.0.100.202403111256/tools/bin/../lib/gcc/arm-none-eabi/12.3.1/thumb/v7e-m+fp/hard\libgcc.a(_udivmoddi4.o)
                                  0x8 (size before relaxing)
                0x08017270                        __exidx_end = .
                0x08017270                        . = ALIGN (0x4)

.preinit_array  0x08017270        0x0
                0x08017270                        . = ALIGN (0x4)
                0x08017270                        PROVIDE (__preinit_array_start = .)
 *(.preinit_array*)
                0x08017270                        PROVIDE (__preinit_array_end = .)
                0x08017270                        . = ALIGN (0x4)

.init_array     0x08017270        0x4
                0x08017270                        . = ALIGN (0x4)
                0x08017270                        PROVIDE (__init_array_start = .)
 *(SORT_BY_NAME(.init_array.*))
 *(.init_array*)
 .init_array    0x08017270        0x4 C:/ST/STM32CubeIDE_1.13.1/STM32CubeIDE/plugins/com.st.stm32cube.ide.mcu.externaltools.gnu-tools-for-stm32.12.3.rel1.win32_1.0.100.202403111256/tools/bin/../lib/gcc/arm-none-eabi/12.3.1/thumb/v7e-m+fp/hard/crtbegin.o
                0x08017274                        PROVIDE (__init_array_end = .)
                0x08017274                        . = ALIGN (0x4)

.fini_array     0x08017274        0x4
                0x08017274                        . = ALIGN (0x4)
                [!provide]                        PROVIDE (__fini_array_start = .)
 *(SORT_BY_NAME(.fini_array.*))
 *(.fini_array*)
 .fini_array    0x08017274        0x4 C:/ST/STM32CubeIDE_1.13.1/STM32CubeIDE/plugins/com.st.stm32cube.ide.mcu.externaltools.gnu-tools-for-stm32.12.3.rel1.win32_1.0.100.202403111256/tools/bin/../lib/gcc/arm-none-eabi/12.3.1/thumb/v7e-m+fp/hard/crtbegin.o
                [!provide]                        PROVIDE (__fini_array_end = .)
                0x08017278                        . = ALIGN (0x4)
                0x08017278                        _sidata = LOADADDR (.data)

.rel.dyn        0x08017278        0x0
 .rel.iplt      0x08017278        0x0 C:/ST/STM32CubeIDE_1.13.1/STM32CubeIDE/plugins/com.st.stm32cube.ide.mcu.externaltools.gnu-tools-for-stm32.12.3.rel1.win32_1.0.100.202403111256/tools/bin/../lib/gcc/arm-none-eabi/12.3.1/thumb/v7e-m+fp/hard/crtbegin.o

.data           0x20000000      0x2d8 load address 0x08017278
                0x20000000                        . = ALIGN (0x4)
                0x20000000                        _sdata = .
 *(.data)
 *(.data*)
 .data.SPI1_TX_completed_flag
                0x20000000        0x1 ./Core/Src/main.o
                0x20000000                SPI1_TX_completed_flag
 *fill*         0x20000001        0x3 
 .data.AA       0x20000004      0x276 ./Core/Src/main.o
                0x20000004                AA
 .data.firstReception
                0x2000027a        0x1 ./Core/Src/main.o
                0x2000027a                firstReception
 *fill*         0x2000027b        0x1 
 .data.SystemCoreClock
                0x2000027c        0x4 ./Core/Src/system_stm32f4xx.o
                0x2000027c                SystemCoreClock
 .data.uwTickPrio
                0x20000280        0x4 ./Drivers/STM32F4xx_HAL_Driver/Src/stm32f4xx_hal.o
                0x20000280                uwTickPrio
 .data.uwTickFreq
                0x20000284        0x1 ./Drivers/STM32F4xx_HAL_Driver/Src/stm32f4xx_hal.o
                0x20000284                uwTickFreq
 *fill*         0x20000285        0x3 
 .data._impure_ptr
                0x20000288        0x4 C:/ST/STM32CubeIDE_1.13.1/STM32CubeIDE/plugins/com.st.stm32cube.ide.mcu.externaltools.gnu-tools-for-stm32.12.3.rel1.win32_1.0.100.202403111256/tools/bin/../lib/gcc/arm-none-eabi/12.3.1/../../../../arm-none-eabi/lib/thumb/v7e-m+fp/hard\libc_nano.a(libc_a-impure.o)
                0x20000288                _impure_ptr
 .data._impure_data
                0x2000028c       0x4c C:/ST/STM32CubeIDE_1.13.1/STM32CubeIDE/plugins/com.st.stm32cube.ide.mcu.externaltools.gnu-tools-for-stm32.12.3.rel1.win32_1.0.100.202403111256/tools/bin/../lib/gcc/arm-none-eabi/12.3.1/../../../../arm-none-eabi/lib/thumb/v7e-m+fp/hard\libc_nano.a(libc_a-impure.o)
                0x2000028c                _impure_data
 *(.RamFunc)
 *(.RamFunc*)
                0x200002d8                        . = ALIGN (0x4)
                0x200002d8                        _edata = .

.igot.plt       0x200002d8        0x0 load address 0x08017550
 .igot.plt      0x200002d8        0x0 C:/ST/STM32CubeIDE_1.13.1/STM32CubeIDE/plugins/com.st.stm32cube.ide.mcu.externaltools.gnu-tools-for-stm32.12.3.rel1.win32_1.0.100.202403111256/tools/bin/../lib/gcc/arm-none-eabi/12.3.1/thumb/v7e-m+fp/hard/crtbegin.o
                0x200002d8                        . = ALIGN (0x4)

.bss            0x200002d8      0x3a4 load address 0x08017550
                0x200002d8                        _sbss = .
                0x200002d8                        __bss_start__ = _sbss
 *(.bss)
 .bss           0x200002d8       0x1c C:/ST/STM32CubeIDE_1.13.1/STM32CubeIDE/plugins/com.st.stm32cube.ide.mcu.externaltools.gnu-tools-for-stm32.12.3.rel1.win32_1.0.100.202403111256/tools/bin/../lib/gcc/arm-none-eabi/12.3.1/thumb/v7e-m+fp/hard/crtbegin.o
 *(.bss*)
 .bss._width    0x200002f4        0x2 ./Core/Src/ILI9488.o
                0x200002f4                _width
 .bss._height   0x200002f6        0x2 ./Core/Src/ILI9488.o
                0x200002f6                _height
 .bss.rotation  0x200002f8        0x1 ./Core/Src/ILI9488.o
                0x200002f8                rotation
 *fill*         0x200002f9        0x3 
 .bss.hspi1     0x200002fc       0x58 ./Core/Src/main.o
                0x200002fc                hspi1
 .bss.hspi2     0x20000354       0x58 ./Core/Src/main.o
                0x20000354                hspi2
 .bss.hdma_spi2_tx
                0x200003ac       0x60 ./Core/Src/main.o
                0x200003ac                hdma_spi2_tx
 .bss.htim2     0x2000040c       0x48 ./Core/Src/main.o
                0x2000040c                htim2
 .bss.huart1    0x20000454       0x48 ./Core/Src/main.o
                0x20000454                huart1
 .bss.hdma_usart1_rx
                0x2000049c       0x60 ./Core/Src/main.o
                0x2000049c                hdma_usart1_rx
 .bss.RxBuffer  0x200004fc       0x19 ./Core/Src/main.o
                0x200004fc                RxBuffer
 .bss.rxComplete
                0x20000515        0x1 ./Core/Src/main.o
                0x20000515                rxComplete
 *fill*         0x20000516        0x2 
 .bss.depth     0x20000518        0x4 ./Core/Src/main.o
                0x20000518                depth
 .bss.velocity  0x2000051c        0x4 ./Core/Src/main.o
                0x2000051c                velocity
 .bss.roll      0x20000520        0x4 ./Core/Src/main.o
                0x20000520                roll
 .bss.pitch     0x20000524        0x4 ./Core/Src/main.o
                0x20000524                pitch
 .bss.yaw       0x20000528        0x4 ./Core/Src/main.o
                0x20000528                yaw
 .bss.__sbrk_heap_end
                0x2000052c        0x4 ./Core/Src/sysmem.o
 .bss.uwTick    0x20000530        0x4 ./Drivers/STM32F4xx_HAL_Driver/Src/stm32f4xx_hal.o
                0x20000530                uwTick
 .bss.__sf      0x20000534      0x138 C:/ST/STM32CubeIDE_1.13.1/STM32CubeIDE/plugins/com.st.stm32cube.ide.mcu.externaltools.gnu-tools-for-stm32.12.3.rel1.win32_1.0.100.202403111256/tools/bin/../lib/gcc/arm-none-eabi/12.3.1/../../../../arm-none-eabi/lib/thumb/v7e-m+fp/hard\libc_nano.a(libc_a-findfp.o)
                0x20000534                __sf
 .bss.errno     0x2000066c        0x4 C:/ST/STM32CubeIDE_1.13.1/STM32CubeIDE/plugins/com.st.stm32cube.ide.mcu.externaltools.gnu-tools-for-stm32.12.3.rel1.win32_1.0.100.202403111256/tools/bin/../lib/gcc/arm-none-eabi/12.3.1/../../../../arm-none-eabi/lib/thumb/v7e-m+fp/hard\libc_nano.a(libc_a-reent.o)
                0x2000066c                errno
 .bss.__lock___malloc_recursive_mutex
                0x20000670        0x1 C:/ST/STM32CubeIDE_1.13.1/STM32CubeIDE/plugins/com.st.stm32cube.ide.mcu.externaltools.gnu-tools-for-stm32.12.3.rel1.win32_1.0.100.202403111256/tools/bin/../lib/gcc/arm-none-eabi/12.3.1/../../../../arm-none-eabi/lib/thumb/v7e-m+fp/hard\libc_nano.a(libc_a-lock.o)
                0x20000670                __lock___malloc_recursive_mutex
 *fill*         0x20000671        0x3 
 .bss.__malloc_sbrk_start
                0x20000674        0x4 C:/ST/STM32CubeIDE_1.13.1/STM32CubeIDE/plugins/com.st.stm32cube.ide.mcu.externaltools.gnu-tools-for-stm32.12.3.rel1.win32_1.0.100.202403111256/tools/bin/../lib/gcc/arm-none-eabi/12.3.1/../../../../arm-none-eabi/lib/thumb/v7e-m+fp/hard\libc_nano.a(libc_a-mallocr.o)
                0x20000674                __malloc_sbrk_start
 .bss.__malloc_free_list
                0x20000678        0x4 C:/ST/STM32CubeIDE_1.13.1/STM32CubeIDE/plugins/com.st.stm32cube.ide.mcu.externaltools.gnu-tools-for-stm32.12.3.rel1.win32_1.0.100.202403111256/tools/bin/../lib/gcc/arm-none-eabi/12.3.1/../../../../arm-none-eabi/lib/thumb/v7e-m+fp/hard\libc_nano.a(libc_a-mallocr.o)
                0x20000678                __malloc_free_list
 *(COMMON)
                0x2000067c                        . = ALIGN (0x4)
                0x2000067c                        _ebss = .
                0x2000067c                        __bss_end__ = _ebss

._user_heap_stack
                0x2000067c      0x604 load address 0x08017550
                0x20000680                        . = ALIGN (0x8)
 *fill*         0x2000067c        0x4 
                [!provide]                        PROVIDE (end = .)
                0x20000680                        PROVIDE (_end = .)
                0x20000880                        . = (. + _Min_Heap_Size)
 *fill*         0x20000680      0x200 
                0x20000c80                        . = (. + _Min_Stack_Size)
 *fill*         0x20000880      0x400 
                0x20000c80                        . = ALIGN (0x8)

/DISCARD/
 libc.a(*)
 libm.a(*)
 libgcc.a(*)

.ARM.attributes
                0x00000000       0x30
 *(.ARM.attributes)
 .ARM.attributes
                0x00000000       0x22 C:/ST/STM32CubeIDE_1.13.1/STM32CubeIDE/plugins/com.st.stm32cube.ide.mcu.externaltools.gnu-tools-for-stm32.12.3.rel1.win32_1.0.100.202403111256/tools/bin/../lib/gcc/arm-none-eabi/12.3.1/thumb/v7e-m+fp/hard/crti.o
 .ARM.attributes
                0x00000022       0x34 C:/ST/STM32CubeIDE_1.13.1/STM32CubeIDE/plugins/com.st.stm32cube.ide.mcu.externaltools.gnu-tools-for-stm32.12.3.rel1.win32_1.0.100.202403111256/tools/bin/../lib/gcc/arm-none-eabi/12.3.1/thumb/v7e-m+fp/hard/crtbegin.o
 .ARM.attributes
                0x00000056       0x34 ./Core/Src/ILI9488.o
 .ARM.attributes
                0x0000008a       0x34 ./Core/Src/main.o
 .ARM.attributes
                0x000000be       0x34 ./Core/Src/stm32f4xx_hal_msp.o
 .ARM.attributes
                0x000000f2       0x34 ./Core/Src/stm32f4xx_it.o
 .ARM.attributes
                0x00000126       0x34 ./Core/Src/sysmem.o
 .ARM.attributes
                0x0000015a       0x34 ./Core/Src/system_stm32f4xx.o
 .ARM.attributes
                0x0000018e       0x34 ./Core/Src/xpt2046.o
 .ARM.attributes
                0x000001c2       0x21 ./Core/Startup/startup_stm32f446retx.o
 .ARM.attributes
                0x000001e3       0x34 ./Drivers/STM32F4xx_HAL_Driver/Src/stm32f4xx_hal.o
 .ARM.attributes
                0x00000217       0x34 ./Drivers/STM32F4xx_HAL_Driver/Src/stm32f4xx_hal_cortex.o
 .ARM.attributes
                0x0000024b       0x34 ./Drivers/STM32F4xx_HAL_Driver/Src/stm32f4xx_hal_dma.o
 .ARM.attributes
                0x0000027f       0x34 ./Drivers/STM32F4xx_HAL_Driver/Src/stm32f4xx_hal_gpio.o
 .ARM.attributes
                0x000002b3       0x34 ./Drivers/STM32F4xx_HAL_Driver/Src/stm32f4xx_hal_rcc.o
 .ARM.attributes
                0x000002e7       0x34 ./Drivers/STM32F4xx_HAL_Driver/Src/stm32f4xx_hal_rcc_ex.o
 .ARM.attributes
                0x0000031b       0x34 ./Drivers/STM32F4xx_HAL_Driver/Src/stm32f4xx_hal_spi.o
 .ARM.attributes
                0x0000034f       0x34 ./Drivers/STM32F4xx_HAL_Driver/Src/stm32f4xx_hal_tim.o
 .ARM.attributes
                0x00000383       0x34 ./Drivers/STM32F4xx_HAL_Driver/Src/stm32f4xx_hal_tim_ex.o
 .ARM.attributes
                0x000003b7       0x34 ./Drivers/STM32F4xx_HAL_Driver/Src/stm32f4xx_hal_uart.o
 .ARM.attributes
                0x000003eb       0x34 C:/ST/STM32CubeIDE_1.13.1/STM32CubeIDE/plugins/com.st.stm32cube.ide.mcu.externaltools.gnu-tools-for-stm32.12.3.rel1.win32_1.0.100.202403111256/tools/bin/../lib/gcc/arm-none-eabi/12.3.1/../../../../arm-none-eabi/lib/thumb/v7e-m+fp/hard\libc_nano.a(libc_a-findfp.o)
 .ARM.attributes
                0x0000041f       0x34 C:/ST/STM32CubeIDE_1.13.1/STM32CubeIDE/plugins/com.st.stm32cube.ide.mcu.externaltools.gnu-tools-for-stm32.12.3.rel1.win32_1.0.100.202403111256/tools/bin/../lib/gcc/arm-none-eabi/12.3.1/../../../../arm-none-eabi/lib/thumb/v7e-m+fp/hard\libc_nano.a(libc_a-sprintf.o)
 .ARM.attributes
                0x00000453       0x34 C:/ST/STM32CubeIDE_1.13.1/STM32CubeIDE/plugins/com.st.stm32cube.ide.mcu.externaltools.gnu-tools-for-stm32.12.3.rel1.win32_1.0.100.202403111256/tools/bin/../lib/gcc/arm-none-eabi/12.3.1/../../../../arm-none-eabi/lib/thumb/v7e-m+fp/hard\libc_nano.a(libc_a-memset.o)
 .ARM.attributes
                0x00000487       0x34 C:/ST/STM32CubeIDE_1.13.1/STM32CubeIDE/plugins/com.st.stm32cube.ide.mcu.externaltools.gnu-tools-for-stm32.12.3.rel1.win32_1.0.100.202403111256/tools/bin/../lib/gcc/arm-none-eabi/12.3.1/../../../../arm-none-eabi/lib/thumb/v7e-m+fp/hard\libc_nano.a(libc_a-reent.o)
 .ARM.attributes
                0x000004bb       0x34 C:/ST/STM32CubeIDE_1.13.1/STM32CubeIDE/plugins/com.st.stm32cube.ide.mcu.externaltools.gnu-tools-for-stm32.12.3.rel1.win32_1.0.100.202403111256/tools/bin/../lib/gcc/arm-none-eabi/12.3.1/../../../../arm-none-eabi/lib/thumb/v7e-m+fp/hard\libc_nano.a(libc_a-impure.o)
 .ARM.attributes
                0x000004ef       0x34 C:/ST/STM32CubeIDE_1.13.1/STM32CubeIDE/plugins/com.st.stm32cube.ide.mcu.externaltools.gnu-tools-for-stm32.12.3.rel1.win32_1.0.100.202403111256/tools/bin/../lib/gcc/arm-none-eabi/12.3.1/../../../../arm-none-eabi/lib/thumb/v7e-m+fp/hard\libc_nano.a(libc_a-errno.o)
 .ARM.attributes
                0x00000523       0x34 C:/ST/STM32CubeIDE_1.13.1/STM32CubeIDE/plugins/com.st.stm32cube.ide.mcu.externaltools.gnu-tools-for-stm32.12.3.rel1.win32_1.0.100.202403111256/tools/bin/../lib/gcc/arm-none-eabi/12.3.1/../../../../arm-none-eabi/lib/thumb/v7e-m+fp/hard\libc_nano.a(libc_a-init.o)
 .ARM.attributes
                0x00000557       0x34 C:/ST/STM32CubeIDE_1.13.1/STM32CubeIDE/plugins/com.st.stm32cube.ide.mcu.externaltools.gnu-tools-for-stm32.12.3.rel1.win32_1.0.100.202403111256/tools/bin/../lib/gcc/arm-none-eabi/12.3.1/../../../../arm-none-eabi/lib/thumb/v7e-m+fp/hard\libc_nano.a(libc_a-lock.o)
 .ARM.attributes
                0x0000058b       0x34 C:/ST/STM32CubeIDE_1.13.1/STM32CubeIDE/plugins/com.st.stm32cube.ide.mcu.externaltools.gnu-tools-for-stm32.12.3.rel1.win32_1.0.100.202403111256/tools/bin/../lib/gcc/arm-none-eabi/12.3.1/../../../../arm-none-eabi/lib/thumb/v7e-m+fp/hard\libc_nano.a(libc_a-memcpy-stub.o)
 .ARM.attributes
                0x000005bf       0x17 C:/ST/STM32CubeIDE_1.13.1/STM32CubeIDE/plugins/com.st.stm32cube.ide.mcu.externaltools.gnu-tools-for-stm32.12.3.rel1.win32_1.0.100.202403111256/tools/bin/../lib/gcc/arm-none-eabi/12.3.1/../../../../arm-none-eabi/lib/thumb/v7e-m+fp/hard\libc_nano.a(libc_a-strlen.o)
 .ARM.attributes
                0x000005d6       0x34 C:/ST/STM32CubeIDE_1.13.1/STM32CubeIDE/plugins/com.st.stm32cube.ide.mcu.externaltools.gnu-tools-for-stm32.12.3.rel1.win32_1.0.100.202403111256/tools/bin/../lib/gcc/arm-none-eabi/12.3.1/../../../../arm-none-eabi/lib/thumb/v7e-m+fp/hard\libc_nano.a(libc_a-freer.o)
 .ARM.attributes
                0x0000060a       0x34 C:/ST/STM32CubeIDE_1.13.1/STM32CubeIDE/plugins/com.st.stm32cube.ide.mcu.externaltools.gnu-tools-for-stm32.12.3.rel1.win32_1.0.100.202403111256/tools/bin/../lib/gcc/arm-none-eabi/12.3.1/../../../../arm-none-eabi/lib/thumb/v7e-m+fp/hard\libc_nano.a(libc_a-mallocr.o)
 .ARM.attributes
                0x0000063e       0x34 C:/ST/STM32CubeIDE_1.13.1/STM32CubeIDE/plugins/com.st.stm32cube.ide.mcu.externaltools.gnu-tools-for-stm32.12.3.rel1.win32_1.0.100.202403111256/tools/bin/../lib/gcc/arm-none-eabi/12.3.1/../../../../arm-none-eabi/lib/thumb/v7e-m+fp/hard\libc_nano.a(libc_a-mlock.o)
 .ARM.attributes
                0x00000672       0x34 C:/ST/STM32CubeIDE_1.13.1/STM32CubeIDE/plugins/com.st.stm32cube.ide.mcu.externaltools.gnu-tools-for-stm32.12.3.rel1.win32_1.0.100.202403111256/tools/bin/../lib/gcc/arm-none-eabi/12.3.1/../../../../arm-none-eabi/lib/thumb/v7e-m+fp/hard\libc_nano.a(libc_a-nano-svfprintf.o)
 .ARM.attributes
                0x000006a6       0x34 C:/ST/STM32CubeIDE_1.13.1/STM32CubeIDE/plugins/com.st.stm32cube.ide.mcu.externaltools.gnu-tools-for-stm32.12.3.rel1.win32_1.0.100.202403111256/tools/bin/../lib/gcc/arm-none-eabi/12.3.1/../../../../arm-none-eabi/lib/thumb/v7e-m+fp/hard\libc_nano.a(libc_a-nano-vfprintf_i.o)
 .ARM.attributes
                0x000006da       0x34 C:/ST/STM32CubeIDE_1.13.1/STM32CubeIDE/plugins/com.st.stm32cube.ide.mcu.externaltools.gnu-tools-for-stm32.12.3.rel1.win32_1.0.100.202403111256/tools/bin/../lib/gcc/arm-none-eabi/12.3.1/../../../../arm-none-eabi/lib/thumb/v7e-m+fp/hard\libc_nano.a(libc_a-memmove.o)
 .ARM.attributes
                0x0000070e       0x34 C:/ST/STM32CubeIDE_1.13.1/STM32CubeIDE/plugins/com.st.stm32cube.ide.mcu.externaltools.gnu-tools-for-stm32.12.3.rel1.win32_1.0.100.202403111256/tools/bin/../lib/gcc/arm-none-eabi/12.3.1/../../../../arm-none-eabi/lib/thumb/v7e-m+fp/hard\libc_nano.a(libc_a-sbrkr.o)
 .ARM.attributes
                0x00000742       0x1c C:/ST/STM32CubeIDE_1.13.1/STM32CubeIDE/plugins/com.st.stm32cube.ide.mcu.externaltools.gnu-tools-for-stm32.12.3.rel1.win32_1.0.100.202403111256/tools/bin/../lib/gcc/arm-none-eabi/12.3.1/../../../../arm-none-eabi/lib/thumb/v7e-m+fp/hard\libc_nano.a(libc_a-memchr.o)
 .ARM.attributes
                0x0000075e       0x34 C:/ST/STM32CubeIDE_1.13.1/STM32CubeIDE/plugins/com.st.stm32cube.ide.mcu.externaltools.gnu-tools-for-stm32.12.3.rel1.win32_1.0.100.202403111256/tools/bin/../lib/gcc/arm-none-eabi/12.3.1/../../../../arm-none-eabi/lib/thumb/v7e-m+fp/hard\libc_nano.a(libc_a-reallocr.o)
 .ARM.attributes
                0x00000792       0x34 C:/ST/STM32CubeIDE_1.13.1/STM32CubeIDE/plugins/com.st.stm32cube.ide.mcu.externaltools.gnu-tools-for-stm32.12.3.rel1.win32_1.0.100.202403111256/tools/bin/../lib/gcc/arm-none-eabi/12.3.1/../../../../arm-none-eabi/lib/thumb/v7e-m+fp/hard\libc_nano.a(libc_a-msizer.o)
 .ARM.attributes
                0x000007c6       0x34 C:/ST/STM32CubeIDE_1.13.1/STM32CubeIDE/plugins/com.st.stm32cube.ide.mcu.externaltools.gnu-tools-for-stm32.12.3.rel1.win32_1.0.100.202403111256/tools/bin/../lib/gcc/arm-none-eabi/12.3.1/../../../../arm-none-eabi/lib/thumb/v7e-m+fp/hard\libm.a(libm_a-s_cos.o)
 .ARM.attributes
                0x000007fa       0x34 C:/ST/STM32CubeIDE_1.13.1/STM32CubeIDE/plugins/com.st.stm32cube.ide.mcu.externaltools.gnu-tools-for-stm32.12.3.rel1.win32_1.0.100.202403111256/tools/bin/../lib/gcc/arm-none-eabi/12.3.1/../../../../arm-none-eabi/lib/thumb/v7e-m+fp/hard\libm.a(libm_a-s_sin.o)
 .ARM.attributes
                0x0000082e       0x34 C:/ST/STM32CubeIDE_1.13.1/STM32CubeIDE/plugins/com.st.stm32cube.ide.mcu.externaltools.gnu-tools-for-stm32.12.3.rel1.win32_1.0.100.202403111256/tools/bin/../lib/gcc/arm-none-eabi/12.3.1/../../../../arm-none-eabi/lib/thumb/v7e-m+fp/hard\libm.a(libm_a-k_cos.o)
 .ARM.attributes
                0x00000862       0x34 C:/ST/STM32CubeIDE_1.13.1/STM32CubeIDE/plugins/com.st.stm32cube.ide.mcu.externaltools.gnu-tools-for-stm32.12.3.rel1.win32_1.0.100.202403111256/tools/bin/../lib/gcc/arm-none-eabi/12.3.1/../../../../arm-none-eabi/lib/thumb/v7e-m+fp/hard\libm.a(libm_a-k_sin.o)
 .ARM.attributes
                0x00000896       0x34 C:/ST/STM32CubeIDE_1.13.1/STM32CubeIDE/plugins/com.st.stm32cube.ide.mcu.externaltools.gnu-tools-for-stm32.12.3.rel1.win32_1.0.100.202403111256/tools/bin/../lib/gcc/arm-none-eabi/12.3.1/../../../../arm-none-eabi/lib/thumb/v7e-m+fp/hard\libm.a(libm_a-e_rem_pio2.o)
 .ARM.attributes
                0x000008ca       0x34 C:/ST/STM32CubeIDE_1.13.1/STM32CubeIDE/plugins/com.st.stm32cube.ide.mcu.externaltools.gnu-tools-for-stm32.12.3.rel1.win32_1.0.100.202403111256/tools/bin/../lib/gcc/arm-none-eabi/12.3.1/../../../../arm-none-eabi/lib/thumb/v7e-m+fp/hard\libm.a(libm_a-s_fabs.o)
 .ARM.attributes
                0x000008fe       0x34 C:/ST/STM32CubeIDE_1.13.1/STM32CubeIDE/plugins/com.st.stm32cube.ide.mcu.externaltools.gnu-tools-for-stm32.12.3.rel1.win32_1.0.100.202403111256/tools/bin/../lib/gcc/arm-none-eabi/12.3.1/../../../../arm-none-eabi/lib/thumb/v7e-m+fp/hard\libm.a(libm_a-k_rem_pio2.o)
 .ARM.attributes
                0x00000932       0x34 C:/ST/STM32CubeIDE_1.13.1/STM32CubeIDE/plugins/com.st.stm32cube.ide.mcu.externaltools.gnu-tools-for-stm32.12.3.rel1.win32_1.0.100.202403111256/tools/bin/../lib/gcc/arm-none-eabi/12.3.1/../../../../arm-none-eabi/lib/thumb/v7e-m+fp/hard\libm.a(libm_a-s_scalbn.o)
 .ARM.attributes
                0x00000966       0x34 C:/ST/STM32CubeIDE_1.13.1/STM32CubeIDE/plugins/com.st.stm32cube.ide.mcu.externaltools.gnu-tools-for-stm32.12.3.rel1.win32_1.0.100.202403111256/tools/bin/../lib/gcc/arm-none-eabi/12.3.1/../../../../arm-none-eabi/lib/thumb/v7e-m+fp/hard\libm.a(libm_a-s_floor.o)
 .ARM.attributes
                0x0000099a       0x22 C:/ST/STM32CubeIDE_1.13.1/STM32CubeIDE/plugins/com.st.stm32cube.ide.mcu.externaltools.gnu-tools-for-stm32.12.3.rel1.win32_1.0.100.202403111256/tools/bin/../lib/gcc/arm-none-eabi/12.3.1/thumb/v7e-m+fp/hard\libgcc.a(_arm_muldf3.o)
 .ARM.attributes
                0x000009bc       0x22 C:/ST/STM32CubeIDE_1.13.1/STM32CubeIDE/plugins/com.st.stm32cube.ide.mcu.externaltools.gnu-tools-for-stm32.12.3.rel1.win32_1.0.100.202403111256/tools/bin/../lib/gcc/arm-none-eabi/12.3.1/thumb/v7e-m+fp/hard\libgcc.a(_arm_addsubdf3.o)
 .ARM.attributes
                0x000009de       0x22 C:/ST/STM32CubeIDE_1.13.1/STM32CubeIDE/plugins/com.st.stm32cube.ide.mcu.externaltools.gnu-tools-for-stm32.12.3.rel1.win32_1.0.100.202403111256/tools/bin/../lib/gcc/arm-none-eabi/12.3.1/thumb/v7e-m+fp/hard\libgcc.a(_arm_cmpdf2.o)
 .ARM.attributes
                0x00000a00       0x22 C:/ST/STM32CubeIDE_1.13.1/STM32CubeIDE/plugins/com.st.stm32cube.ide.mcu.externaltools.gnu-tools-for-stm32.12.3.rel1.win32_1.0.100.202403111256/tools/bin/../lib/gcc/arm-none-eabi/12.3.1/thumb/v7e-m+fp/hard\libgcc.a(_arm_fixdfsi.o)
 .ARM.attributes
                0x00000a22       0x22 C:/ST/STM32CubeIDE_1.13.1/STM32CubeIDE/plugins/com.st.stm32cube.ide.mcu.externaltools.gnu-tools-for-stm32.12.3.rel1.win32_1.0.100.202403111256/tools/bin/../lib/gcc/arm-none-eabi/12.3.1/thumb/v7e-m+fp/hard\libgcc.a(_arm_truncdfsf2.o)
 .ARM.attributes
                0x00000a44       0x22 C:/ST/STM32CubeIDE_1.13.1/STM32CubeIDE/plugins/com.st.stm32cube.ide.mcu.externaltools.gnu-tools-for-stm32.12.3.rel1.win32_1.0.100.202403111256/tools/bin/../lib/gcc/arm-none-eabi/12.3.1/thumb/v7e-m+fp/hard\libgcc.a(_aeabi_uldivmod.o)
 .ARM.attributes
                0x00000a66       0x34 C:/ST/STM32CubeIDE_1.13.1/STM32CubeIDE/plugins/com.st.stm32cube.ide.mcu.externaltools.gnu-tools-for-stm32.12.3.rel1.win32_1.0.100.202403111256/tools/bin/../lib/gcc/arm-none-eabi/12.3.1/thumb/v7e-m+fp/hard\libgcc.a(_udivmoddi4.o)
 .ARM.attributes
                0x00000a9a       0x22 C:/ST/STM32CubeIDE_1.13.1/STM32CubeIDE/plugins/com.st.stm32cube.ide.mcu.externaltools.gnu-tools-for-stm32.12.3.rel1.win32_1.0.100.202403111256/tools/bin/../lib/gcc/arm-none-eabi/12.3.1/thumb/v7e-m+fp/hard\libgcc.a(_dvmd_tls.o)
 .ARM.attributes
                0x00000abc       0x22 C:/ST/STM32CubeIDE_1.13.1/STM32CubeIDE/plugins/com.st.stm32cube.ide.mcu.externaltools.gnu-tools-for-stm32.12.3.rel1.win32_1.0.100.202403111256/tools/bin/../lib/gcc/arm-none-eabi/12.3.1/thumb/v7e-m+fp/hard/crtn.o
OUTPUT(UART_NUCLEO.elf elf32-littlearm)
LOAD linker stubs
LOAD C:/ST/STM32CubeIDE_1.13.1/STM32CubeIDE/plugins/com.st.stm32cube.ide.mcu.externaltools.gnu-tools-for-stm32.12.3.rel1.win32_1.0.100.202403111256/tools/bin/../lib/gcc/arm-none-eabi/12.3.1/../../../../arm-none-eabi/lib/thumb/v7e-m+fp/hard\libc.a
LOAD C:/ST/STM32CubeIDE_1.13.1/STM32CubeIDE/plugins/com.st.stm32cube.ide.mcu.externaltools.gnu-tools-for-stm32.12.3.rel1.win32_1.0.100.202403111256/tools/bin/../lib/gcc/arm-none-eabi/12.3.1/../../../../arm-none-eabi/lib/thumb/v7e-m+fp/hard\libm.a
LOAD C:/ST/STM32CubeIDE_1.13.1/STM32CubeIDE/plugins/com.st.stm32cube.ide.mcu.externaltools.gnu-tools-for-stm32.12.3.rel1.win32_1.0.100.202403111256/tools/bin/../lib/gcc/arm-none-eabi/12.3.1/thumb/v7e-m+fp/hard\libgcc.a

.debug_info     0x00000000    0x1238d
 .debug_info    0x00000000     0x1c86 ./Core/Src/ILI9488.o
 .debug_info    0x00001c86     0x2086 ./Core/Src/main.o
 .debug_info    0x00003d0c     0x138e ./Core/Src/stm32f4xx_hal_msp.o
 .debug_info    0x0000509a      0x681 ./Core/Src/stm32f4xx_it.o
 .debug_info    0x0000571b      0x168 ./Core/Src/sysmem.o
 .debug_info    0x00005883      0x54a ./Core/Src/system_stm32f4xx.o
 .debug_info    0x00005dcd      0x88a ./Core/Src/xpt2046.o
 .debug_info    0x00006657       0x30 ./Core/Startup/startup_stm32f446retx.o
 .debug_info    0x00006687      0x99a ./Drivers/STM32F4xx_HAL_Driver/Src/stm32f4xx_hal.o
 .debug_info    0x00007021      0xd75 ./Drivers/STM32F4xx_HAL_Driver/Src/stm32f4xx_hal_cortex.o
 .debug_info    0x00007d96      0x8e7 ./Drivers/STM32F4xx_HAL_Driver/Src/stm32f4xx_hal_dma.o
 .debug_info    0x0000867d      0x70b ./Drivers/STM32F4xx_HAL_Driver/Src/stm32f4xx_hal_gpio.o
 .debug_info    0x00008d88      0x8ed ./Drivers/STM32F4xx_HAL_Driver/Src/stm32f4xx_hal_rcc.o
 .debug_info    0x00009675      0x956 ./Drivers/STM32F4xx_HAL_Driver/Src/stm32f4xx_hal_rcc_ex.o
 .debug_info    0x00009fcb     0x15fb ./Drivers/STM32F4xx_HAL_Driver/Src/stm32f4xx_hal_spi.o
 .debug_info    0x0000b5c6     0x299d ./Drivers/STM32F4xx_HAL_Driver/Src/stm32f4xx_hal_tim.o
 .debug_info    0x0000df63     0x14db ./Drivers/STM32F4xx_HAL_Driver/Src/stm32f4xx_hal_tim_ex.o
 .debug_info    0x0000f43e     0x2f4f ./Drivers/STM32F4xx_HAL_Driver/Src/stm32f4xx_hal_uart.o

.debug_abbrev   0x00000000     0x26ff
 .debug_abbrev  0x00000000      0x2e9 ./Core/Src/ILI9488.o
 .debug_abbrev  0x000002e9      0x32c ./Core/Src/main.o
 .debug_abbrev  0x00000615      0x297 ./Core/Src/stm32f4xx_hal_msp.o
 .debug_abbrev  0x000008ac      0x176 ./Core/Src/stm32f4xx_it.o
 .debug_abbrev  0x00000a22       0xbc ./Core/Src/sysmem.o
 .debug_abbrev  0x00000ade      0x11a ./Core/Src/system_stm32f4xx.o
 .debug_abbrev  0x00000bf8      0x222 ./Core/Src/xpt2046.o
 .debug_abbrev  0x00000e1a       0x24 ./Core/Startup/startup_stm32f446retx.o
 .debug_abbrev  0x00000e3e      0x214 ./Drivers/STM32F4xx_HAL_Driver/Src/stm32f4xx_hal.o
 .debug_abbrev  0x00001052      0x328 ./Drivers/STM32F4xx_HAL_Driver/Src/stm32f4xx_hal_cortex.o
 .debug_abbrev  0x0000137a      0x264 ./Drivers/STM32F4xx_HAL_Driver/Src/stm32f4xx_hal_dma.o
 .debug_abbrev  0x000015de      0x1d4 ./Drivers/STM32F4xx_HAL_Driver/Src/stm32f4xx_hal_gpio.o
 .debug_abbrev  0x000017b2      0x2b6 ./Drivers/STM32F4xx_HAL_Driver/Src/stm32f4xx_hal_rcc.o
 .debug_abbrev  0x00001a68      0x20a ./Drivers/STM32F4xx_HAL_Driver/Src/stm32f4xx_hal_rcc_ex.o
 .debug_abbrev  0x00001c72      0x284 ./Drivers/STM32F4xx_HAL_Driver/Src/stm32f4xx_hal_spi.o
 .debug_abbrev  0x00001ef6      0x278 ./Drivers/STM32F4xx_HAL_Driver/Src/stm32f4xx_hal_tim.o
 .debug_abbrev  0x0000216e      0x283 ./Drivers/STM32F4xx_HAL_Driver/Src/stm32f4xx_hal_tim_ex.o
 .debug_abbrev  0x000023f1      0x30e ./Drivers/STM32F4xx_HAL_Driver/Src/stm32f4xx_hal_uart.o

.debug_aranges  0x00000000     0x1060
 .debug_aranges
                0x00000000      0x158 ./Core/Src/ILI9488.o
 .debug_aranges
                0x00000158       0x70 ./Core/Src/main.o
 .debug_aranges
                0x000001c8       0x58 ./Core/Src/stm32f4xx_hal_msp.o
 .debug_aranges
                0x00000220       0x78 ./Core/Src/stm32f4xx_it.o
 .debug_aranges
                0x00000298       0x20 ./Core/Src/sysmem.o
 .debug_aranges
                0x000002b8       0x28 ./Core/Src/system_stm32f4xx.o
 .debug_aranges
                0x000002e0       0x50 ./Core/Src/xpt2046.o
 .debug_aranges
                0x00000330       0x28 ./Core/Startup/startup_stm32f446retx.o
 .debug_aranges
                0x00000358       0xf0 ./Drivers/STM32F4xx_HAL_Driver/Src/stm32f4xx_hal.o
 .debug_aranges
                0x00000448      0x120 ./Drivers/STM32F4xx_HAL_Driver/Src/stm32f4xx_hal_cortex.o
 .debug_aranges
                0x00000568       0x90 ./Drivers/STM32F4xx_HAL_Driver/Src/stm32f4xx_hal_dma.o
 .debug_aranges
                0x000005f8       0x58 ./Drivers/STM32F4xx_HAL_Driver/Src/stm32f4xx_hal_gpio.o
 .debug_aranges
                0x00000650       0x88 ./Drivers/STM32F4xx_HAL_Driver/Src/stm32f4xx_hal_rcc.o
 .debug_aranges
                0x000006d8       0x78 ./Drivers/STM32F4xx_HAL_Driver/Src/stm32f4xx_hal_rcc_ex.o
 .debug_aranges
                0x00000750      0x1d0 ./Drivers/STM32F4xx_HAL_Driver/Src/stm32f4xx_hal_spi.o
 .debug_aranges
                0x00000920      0x3d0 ./Drivers/STM32F4xx_HAL_Driver/Src/stm32f4xx_hal_tim.o
 .debug_aranges
                0x00000cf0      0x168 ./Drivers/STM32F4xx_HAL_Driver/Src/stm32f4xx_hal_tim_ex.o
 .debug_aranges
                0x00000e58      0x208 ./Drivers/STM32F4xx_HAL_Driver/Src/stm32f4xx_hal_uart.o

.debug_rnglists
                0x00000000      0xcdc
 .debug_rnglists
                0x00000000      0x117 ./Core/Src/ILI9488.o
 .debug_rnglists
                0x00000117       0x53 ./Core/Src/main.o
 .debug_rnglists
                0x0000016a       0x3f ./Core/Src/stm32f4xx_hal_msp.o
 .debug_rnglists
                0x000001a9       0x55 ./Core/Src/stm32f4xx_it.o
 .debug_rnglists
                0x000001fe       0x13 ./Core/Src/sysmem.o
 .debug_rnglists
                0x00000211       0x1a ./Core/Src/system_stm32f4xx.o
 .debug_rnglists
                0x0000022b       0x38 ./Core/Src/xpt2046.o
 .debug_rnglists
                0x00000263       0x19 ./Core/Startup/startup_stm32f446retx.o
 .debug_rnglists
                0x0000027c       0xaf ./Drivers/STM32F4xx_HAL_Driver/Src/stm32f4xx_hal.o
 .debug_rnglists
                0x0000032b       0xd4 ./Drivers/STM32F4xx_HAL_Driver/Src/stm32f4xx_hal_cortex.o
 .debug_rnglists
                0x000003ff       0x70 ./Drivers/STM32F4xx_HAL_Driver/Src/stm32f4xx_hal_dma.o
 .debug_rnglists
                0x0000046f       0x3f ./Drivers/STM32F4xx_HAL_Driver/Src/stm32f4xx_hal_gpio.o
 .debug_rnglists
                0x000004ae       0x66 ./Drivers/STM32F4xx_HAL_Driver/Src/stm32f4xx_hal_rcc.o
 .debug_rnglists
                0x00000514       0x5e ./Drivers/STM32F4xx_HAL_Driver/Src/stm32f4xx_hal_rcc_ex.o
 .debug_rnglists
                0x00000572      0x16f ./Drivers/STM32F4xx_HAL_Driver/Src/stm32f4xx_hal_spi.o
 .debug_rnglists
                0x000006e1      0x31a ./Drivers/STM32F4xx_HAL_Driver/Src/stm32f4xx_hal_tim.o
 .debug_rnglists
                0x000009fb      0x125 ./Drivers/STM32F4xx_HAL_Driver/Src/stm32f4xx_hal_tim_ex.o
 .debug_rnglists
                0x00000b20      0x1bc ./Drivers/STM32F4xx_HAL_Driver/Src/stm32f4xx_hal_uart.o

.debug_macro    0x00000000    0x23178
 .debug_macro   0x00000000      0x30e ./Core/Src/ILI9488.o
 .debug_macro   0x0000030e      0xab4 ./Core/Src/ILI9488.o
 .debug_macro   0x00000dc2       0x22 ./Core/Src/ILI9488.o
 .debug_macro   0x00000de4       0x5b ./Core/Src/ILI9488.o
 .debug_macro   0x00000e3f       0x2a ./Core/Src/ILI9488.o
 .debug_macro   0x00000e69       0x94 ./Core/Src/ILI9488.o
 .debug_macro   0x00000efd       0x43 ./Core/Src/ILI9488.o
 .debug_macro   0x00000f40       0x34 ./Core/Src/ILI9488.o
 .debug_macro   0x00000f74      0x189 ./Core/Src/ILI9488.o
 .debug_macro   0x000010fd       0x16 ./Core/Src/ILI9488.o
 .debug_macro   0x00001113       0x43 ./Core/Src/ILI9488.o
 .debug_macro   0x00001156       0x57 ./Core/Src/ILI9488.o
 .debug_macro   0x000011ad       0x34 ./Core/Src/ILI9488.o
 .debug_macro   0x000011e1       0x10 ./Core/Src/ILI9488.o
 .debug_macro   0x000011f1       0x58 ./Core/Src/ILI9488.o
 .debug_macro   0x00001249       0x8e ./Core/Src/ILI9488.o
 .debug_macro   0x000012d7       0x1c ./Core/Src/ILI9488.o
 .debug_macro   0x000012f3      0x177 ./Core/Src/ILI9488.o
 .debug_macro   0x0000146a      0x369 ./Core/Src/ILI9488.o
 .debug_macro   0x000017d3      0x19b ./Core/Src/ILI9488.o
 .debug_macro   0x0000196e      0x2a1 ./Core/Src/ILI9488.o
 .debug_macro   0x00001c0f       0x2e ./Core/Src/ILI9488.o
 .debug_macro   0x00001c3d       0x28 ./Core/Src/ILI9488.o
 .debug_macro   0x00001c65      0x103 ./Core/Src/ILI9488.o
 .debug_macro   0x00001d68       0x6a ./Core/Src/ILI9488.o
 .debug_macro   0x00001dd2      0x1df ./Core/Src/ILI9488.o
 .debug_macro   0x00001fb1       0x1c ./Core/Src/ILI9488.o
 .debug_macro   0x00001fcd       0x22 ./Core/Src/ILI9488.o
 .debug_macro   0x00001fef       0xfb ./Core/Src/ILI9488.o
 .debug_macro   0x000020ea     0x1011 ./Core/Src/ILI9488.o
 .debug_macro   0x000030fb      0x11f ./Core/Src/ILI9488.o
 .debug_macro   0x0000321a    0x16749 ./Core/Src/ILI9488.o
 .debug_macro   0x00019963       0x6d ./Core/Src/ILI9488.o
 .debug_macro   0x000199d0     0x368c ./Core/Src/ILI9488.o
 .debug_macro   0x0001d05c       0x56 ./Core/Src/ILI9488.o
 .debug_macro   0x0001d0b2      0xca5 ./Core/Src/ILI9488.o
 .debug_macro   0x0001dd57      0x9e9 ./Core/Src/ILI9488.o
 .debug_macro   0x0001e740      0x115 ./Core/Src/ILI9488.o
 .debug_macro   0x0001e855      0x1a0 ./Core/Src/ILI9488.o
 .debug_macro   0x0001e9f5       0xa5 ./Core/Src/ILI9488.o
 .debug_macro   0x0001ea9a      0x16d ./Core/Src/ILI9488.o
 .debug_macro   0x0001ec07      0x287 ./Core/Src/ILI9488.o
 .debug_macro   0x0001ee8e       0x5f ./Core/Src/ILI9488.o
 .debug_macro   0x0001eeed      0x236 ./Core/Src/ILI9488.o
 .debug_macro   0x0001f123      0x132 ./Core/Src/ILI9488.o
 .debug_macro   0x0001f255      0x29c ./Core/Src/ILI9488.o
 .debug_macro   0x0001f4f1       0x2e ./Core/Src/ILI9488.o
 .debug_macro   0x0001f51f      0x127 ./Core/Src/ILI9488.o
 .debug_macro   0x0001f646       0xe8 ./Core/Src/ILI9488.o
 .debug_macro   0x0001f72e       0x89 ./Core/Src/ILI9488.o
 .debug_macro   0x0001f7b7      0x225 ./Core/Src/ILI9488.o
 .debug_macro   0x0001f9dc      0x8ed ./Core/Src/ILI9488.o
 .debug_macro   0x000202c9       0x53 ./Core/Src/ILI9488.o
 .debug_macro   0x0002031c      0x2aa ./Core/Src/ILI9488.o
 .debug_macro   0x000205c6      0x126 ./Core/Src/ILI9488.o
 .debug_macro   0x000206ec       0x64 ./Core/Src/ILI9488.o
 .debug_macro   0x00020750      0x356 ./Core/Src/ILI9488.o
 .debug_macro   0x00020aa6       0x16 ./Core/Src/ILI9488.o
 .debug_macro   0x00020abc       0x35 ./Core/Src/ILI9488.o
 .debug_macro   0x00020af1       0x16 ./Core/Src/ILI9488.o
 .debug_macro   0x00020b07       0x29 ./Core/Src/ILI9488.o
 .debug_macro   0x00020b30       0x22 ./Core/Src/ILI9488.o
 .debug_macro   0x00020b52       0x16 ./Core/Src/ILI9488.o
 .debug_macro   0x00020b68       0x20 ./Core/Src/ILI9488.o
 .debug_macro   0x00020b88      0x3cc ./Core/Src/main.o
 .debug_macro   0x00020f54       0x8e ./Core/Src/main.o
 .debug_macro   0x00020fe2       0x51 ./Core/Src/main.o
 .debug_macro   0x00021033       0x5c ./Core/Src/main.o
 .debug_macro   0x0002108f       0x61 ./Core/Src/main.o
 .debug_macro   0x000210f0       0x7c ./Core/Src/main.o
 .debug_macro   0x0002116c       0x1c ./Core/Src/main.o
 .debug_macro   0x00021188       0x10 ./Core/Src/main.o
 .debug_macro   0x00021198       0x1c ./Core/Src/main.o
 .debug_macro   0x000211b4       0x16 ./Core/Src/main.o
 .debug_macro   0x000211ca      0x146 ./Core/Src/main.o
 .debug_macro   0x00021310      0x1e7 ./Core/Src/stm32f4xx_hal_msp.o
 .debug_macro   0x000214f7      0x1f1 ./Core/Src/stm32f4xx_it.o
 .debug_macro   0x000216e8       0xff ./Core/Src/sysmem.o
 .debug_macro   0x000217e7      0x23c ./Core/Src/sysmem.o
 .debug_macro   0x00021a23      0x1d8 ./Core/Src/system_stm32f4xx.o
 .debug_macro   0x00021bfb      0x1f6 ./Core/Src/xpt2046.o
 .debug_macro   0x00021df1       0x76 ./Core/Src/xpt2046.o
 .debug_macro   0x00021e67      0x238 ./Drivers/STM32F4xx_HAL_Driver/Src/stm32f4xx_hal.o
 .debug_macro   0x0002209f      0x1d8 ./Drivers/STM32F4xx_HAL_Driver/Src/stm32f4xx_hal_cortex.o
 .debug_macro   0x00022277      0x1de ./Drivers/STM32F4xx_HAL_Driver/Src/stm32f4xx_hal_dma.o
 .debug_macro   0x00022455      0x1de ./Drivers/STM32F4xx_HAL_Driver/Src/stm32f4xx_hal_gpio.o
 .debug_macro   0x00022633      0x1fc ./Drivers/STM32F4xx_HAL_Driver/Src/stm32f4xx_hal_rcc.o
 .debug_macro   0x0002282f      0x1d8 ./Drivers/STM32F4xx_HAL_Driver/Src/stm32f4xx_hal_rcc_ex.o
 .debug_macro   0x00022a07      0x1e7 ./Drivers/STM32F4xx_HAL_Driver/Src/stm32f4xx_hal_spi.o
 .debug_macro   0x00022bee      0x1d9 ./Drivers/STM32F4xx_HAL_Driver/Src/stm32f4xx_hal_tim.o
 .debug_macro   0x00022dc7      0x1d8 ./Drivers/STM32F4xx_HAL_Driver/Src/stm32f4xx_hal_tim_ex.o
 .debug_macro   0x00022f9f      0x1d9 ./Drivers/STM32F4xx_HAL_Driver/Src/stm32f4xx_hal_uart.o

.debug_line     0x00000000    0x13f83
 .debug_line    0x00000000     0x1969 ./Core/Src/ILI9488.o
 .debug_line    0x00001969     0x1036 ./Core/Src/main.o
 .debug_line    0x0000299f      0x8eb ./Core/Src/stm32f4xx_hal_msp.o
 .debug_line    0x0000328a      0x870 ./Core/Src/stm32f4xx_it.o
 .debug_line    0x00003afa      0x583 ./Core/Src/sysmem.o
 .debug_line    0x0000407d      0x7ea ./Core/Src/system_stm32f4xx.o
 .debug_line    0x00004867      0x8b0 ./Core/Src/xpt2046.o
 .debug_line    0x00005117       0x7a ./Core/Startup/startup_stm32f446retx.o
 .debug_line    0x00005191      0xa53 ./Drivers/STM32F4xx_HAL_Driver/Src/stm32f4xx_hal.o
 .debug_line    0x00005be4      0xd1b ./Drivers/STM32F4xx_HAL_Driver/Src/stm32f4xx_hal_cortex.o
 .debug_line    0x000068ff      0xfc3 ./Drivers/STM32F4xx_HAL_Driver/Src/stm32f4xx_hal_dma.o
 .debug_line    0x000078c2      0xbcb ./Drivers/STM32F4xx_HAL_Driver/Src/stm32f4xx_hal_gpio.o
 .debug_line    0x0000848d      0xdd2 ./Drivers/STM32F4xx_HAL_Driver/Src/stm32f4xx_hal_rcc.o
 .debug_line    0x0000925f     0x1471 ./Drivers/STM32F4xx_HAL_Driver/Src/stm32f4xx_hal_rcc_ex.o
 .debug_line    0x0000a6d0     0x1d4e ./Drivers/STM32F4xx_HAL_Driver/Src/stm32f4xx_hal_spi.o
 .debug_line    0x0000c41e     0x37f7 ./Drivers/STM32F4xx_HAL_Driver/Src/stm32f4xx_hal_tim.o
 .debug_line    0x0000fc15     0x1a49 ./Drivers/STM32F4xx_HAL_Driver/Src/stm32f4xx_hal_tim_ex.o
 .debug_line    0x0001165e     0x2925 ./Drivers/STM32F4xx_HAL_Driver/Src/stm32f4xx_hal_uart.o

.debug_str      0x00000000    0xd4d80
 .debug_str     0x00000000    0xcf8ac ./Core/Src/ILI9488.o
                              0xcfc3c (size before relaxing)
 .debug_str     0x000cf8ac     0x1d21 ./Core/Src/main.o
                              0xd1556 (size before relaxing)
 .debug_str     0x000d15cd      0x10a ./Core/Src/stm32f4xx_hal_msp.o
                              0xcbcf1 (size before relaxing)
 .debug_str     0x000d16d7      0x132 ./Core/Src/stm32f4xx_it.o
                              0xcb15d (size before relaxing)
 .debug_str     0x000d1809      0x4dc ./Core/Src/sysmem.o
                               0x60d4 (size before relaxing)
 .debug_str     0x000d1ce5       0xdb ./Core/Src/system_stm32f4xx.o
                              0xcac44 (size before relaxing)
 .debug_str     0x000d1dc0       0x50 ./Core/Src/xpt2046.o