Archive member included to satisfy reference by file (symbol)

C:/ST/STM32CubeIDE_1.13.1/STM32CubeIDE/plugins/com.st.stm32cube.ide.mcu.externaltools.gnu-tools-for-stm32.12.3.rel1.win32_1.0.100.202403111256/tools/bin/../lib/gcc/arm-none-eabi/12.3.1/../../../../arm-none-eabi/lib/thumb/v7e-m+fp/hard\libc_nano.a(libc_a-exit.o)
                              C:/ST/STM32CubeIDE_1.13.1/STM32CubeIDE/plugins/com.st.stm32cube.ide.mcu.externaltools.gnu-tools-for-stm32.12.3.rel1.win32_1.0.100.202403111256/tools/bin/../lib/gcc/arm-none-eabi/12.3.1/../../../../arm-none-eabi/lib/thumb/v7e-m+fp/hard/crt0.o (exit)
C:/ST/STM32CubeIDE_1.13.1/STM32CubeIDE/plugins/com.st.stm32cube.ide.mcu.externaltools.gnu-tools-for-stm32.12.3.rel1.win32_1.0.100.202403111256/tools/bin/../lib/gcc/arm-none-eabi/12.3.1/../../../../arm-none-eabi/lib/thumb/v7e-m+fp/hard\libc_nano.a(libc_a-nano-vfprintf_float.o)
                              (_printf_float)
C:/ST/STM32CubeIDE_1.13.1/STM32CubeIDE/plugins/com.st.stm32cube.ide.mcu.externaltools.gnu-tools-for-stm32.12.3.rel1.win32_1.0.100.202403111256/tools/bin/../lib/gcc/arm-none-eabi/12.3.1/../../../../arm-none-eabi/lib/thumb/v7e-m+fp/hard\libc_nano.a(libc_a-nano-vfprintf_i.o)
                              C:/ST/STM32CubeIDE_1.13.1/STM32CubeIDE/plugins/com.st.stm32cube.ide.mcu.externaltools.gnu-tools-for-stm32.12.3.rel1.win32_1.0.100.202403111256/tools/bin/../lib/gcc/arm-none-eabi/12.3.1/../../../../arm-none-eabi/lib/thumb/v7e-m+fp/hard\libc_nano.a(libc_a-nano-vfprintf_float.o) (_printf_common)
C:/ST/STM32CubeIDE_1.13.1/STM32CubeIDE/plugins/com.st.stm32cube.ide.mcu.externaltools.gnu-tools-for-stm32.12.3.rel1.win32_1.0.100.202403111256/tools/bin/../lib/gcc/arm-none-eabi/12.3.1/../../../../arm-none-eabi/lib/thumb/v7e-m+fp/hard\libc_nano.a(libc_a-findfp.o)
                              ./Middlewares/Third_Party/FreeRTOS/Source/tasks.o (__sf)
C:/ST/STM32CubeIDE_1.13.1/STM32CubeIDE/plugins/com.st.stm32cube.ide.mcu.externaltools.gnu-tools-for-stm32.12.3.rel1.win32_1.0.100.202403111256/tools/bin/../lib/gcc/arm-none-eabi/12.3.1/../../../../arm-none-eabi/lib/thumb/v7e-m+fp/hard\libc_nano.a(libc_a-fwalk.o)
                              C:/ST/STM32CubeIDE_1.13.1/STM32CubeIDE/plugins/com.st.stm32cube.ide.mcu.externaltools.gnu-tools-for-stm32.12.3.rel1.win32_1.0.100.202403111256/tools/bin/../lib/gcc/arm-none-eabi/12.3.1/../../../../arm-none-eabi/lib/thumb/v7e-m+fp/hard\libc_nano.a(libc_a-findfp.o) (_fwalk_sglue)
C:/ST/STM32CubeIDE_1.13.1/STM32CubeIDE/plugins/com.st.stm32cube.ide.mcu.externaltools.gnu-tools-for-stm32.12.3.rel1.win32_1.0.100.202403111256/tools/bin/../lib/gcc/arm-none-eabi/12.3.1/../../../../arm-none-eabi/lib/thumb/v7e-m+fp/hard\libc_nano.a(libc_a-printf.o)
                              ./Core/Src/main.o (printf)
C:/ST/STM32CubeIDE_1.13.1/STM32CubeIDE/plugins/com.st.stm32cube.ide.mcu.externaltools.gnu-tools-for-stm32.12.3.rel1.win32_1.0.100.202403111256/tools/bin/../lib/gcc/arm-none-eabi/12.3.1/../../../../arm-none-eabi/lib/thumb/v7e-m+fp/hard\libc_nano.a(libc_a-sprintf.o)
                              ./Core/Src/main.o (sprintf)
C:/ST/STM32CubeIDE_1.13.1/STM32CubeIDE/plugins/com.st.stm32cube.ide.mcu.externaltools.gnu-tools-for-stm32.12.3.rel1.win32_1.0.100.202403111256/tools/bin/../lib/gcc/arm-none-eabi/12.3.1/../../../../arm-none-eabi/lib/thumb/v7e-m+fp/hard\libc_nano.a(libc_a-stdio.o)
                              C:/ST/STM32CubeIDE_1.13.1/STM32CubeIDE/plugins/com.st.stm32cube.ide.mcu.externaltools.gnu-tools-for-stm32.12.3.rel1.win32_1.0.100.202403111256/tools/bin/../lib/gcc/arm-none-eabi/12.3.1/../../../../arm-none-eabi/lib/thumb/v7e-m+fp/hard\libc_nano.a(libc_a-findfp.o) (__sread)
C:/ST/STM32CubeIDE_1.13.1/STM32CubeIDE/plugins/com.st.stm32cube.ide.mcu.externaltools.gnu-tools-for-stm32.12.3.rel1.win32_1.0.100.202403111256/tools/bin/../lib/gcc/arm-none-eabi/12.3.1/../../../../arm-none-eabi/lib/thumb/v7e-m+fp/hard\libc_nano.a(libc_a-memset.o)
                              C:/ST/STM32CubeIDE_1.13.1/STM32CubeIDE/plugins/com.st.stm32cube.ide.mcu.externaltools.gnu-tools-for-stm32.12.3.rel1.win32_1.0.100.202403111256/tools/bin/../lib/gcc/arm-none-eabi/12.3.1/../../../../arm-none-eabi/lib/thumb/v7e-m+fp/hard/crt0.o (memset)
C:/ST/STM32CubeIDE_1.13.1/STM32CubeIDE/plugins/com.st.stm32cube.ide.mcu.externaltools.gnu-tools-for-stm32.12.3.rel1.win32_1.0.100.202403111256/tools/bin/../lib/gcc/arm-none-eabi/12.3.1/../../../../arm-none-eabi/lib/thumb/v7e-m+fp/hard\libc_nano.a(libc_a-localeconv.o)
                              C:/ST/STM32CubeIDE_1.13.1/STM32CubeIDE/plugins/com.st.stm32cube.ide.mcu.externaltools.gnu-tools-for-stm32.12.3.rel1.win32_1.0.100.202403111256/tools/bin/../lib/gcc/arm-none-eabi/12.3.1/../../../../arm-none-eabi/lib/thumb/v7e-m+fp/hard\libc_nano.a(libc_a-nano-vfprintf_float.o) (_localeconv_r)
[...]
Memory Configuration

Name             Origin             Length             Attributes
RAM              0x20000000         0x00020000         xrw
FLASH            0x08000000         0x00080000         xr
*default*        0x00000000         0xffffffff

Linker script and memory map

LOAD C:/ST/STM32CubeIDE_1.13.1/STM32CubeIDE/plugins/com.st.stm32cube.ide.mcu.externaltools.gnu-tools-for-stm32.12.3.rel1.win32_1.0.100.202403111256/tools/bin/../lib/gcc/arm-none-eabi/12.3.1/thumb/v7e-m+fp/hard/crti.o
LOAD C:/ST/STM32CubeIDE_1.13.1/STM32CubeIDE/plugins/com.st.stm32cube.ide.mcu.externaltools.gnu-tools-for-stm32.12.3.rel1.win32_1.0.100.202403111256/tools/bin/../lib/gcc/arm-none-eabi/12.3.1/thumb/v7e-m+fp/hard/crtbegin.o
LOAD C:/ST/STM32CubeIDE_1.13.1/STM32CubeIDE/plugins/com.st.stm32cube.ide.mcu.externaltools.gnu-tools-for-stm32.12.3.rel1.win32_1.0.100.202403111256/tools/bin/../lib/gcc/arm-none-eabi/12.3.1/../../../../arm-none-eabi/lib/thumb/v7e-m+fp/hard/crt0.o
LOAD ./Core/Src/Bar30.o
LOAD ./Core/Src/KalmanRollPitch.o
LOAD ./Core/Src/MPU6050.o
LOAD ./Core/Src/attitudeEstimation.o
LOAD ./Core/Src/fatfs_sd.o
LOAD ./Core/Src/freertos.o
LOAD ./Core/Src/main.o
LOAD ./Core/Src/servos.o
LOAD ./Core/Src/stm32f4xx_hal_msp.o
LOAD ./Core/Src/stm32f4xx_hal_timebase_tim.o
LOAD ./Core/Src/stm32f4xx_it.o
LOAD ./Core/Src/syscalls.o
LOAD ./Core/Src/sysmem.o
LOAD ./Core/Src/system_stm32f4xx.o
LOAD ./Core/Startup/startup_stm32f446retx.o
LOAD ./Drivers/STM32F4xx_HAL_Driver/Src/stm32f4xx_hal.o
LOAD ./Drivers/STM32F4xx_HAL_Driver/Src/stm32f4xx_hal_adc.o
LOAD ./Drivers/STM32F4xx_HAL_Driver/Src/stm32f4xx_hal_adc_ex.o
LOAD ./Drivers/STM32F4xx_HAL_Driver/Src/stm32f4xx_hal_cortex.o
LOAD ./Drivers/STM32F4xx_HAL_Driver/Src/stm32f4xx_hal_dma.o
LOAD ./Drivers/STM32F4xx_HAL_Driver/Src/stm32f4xx_hal_dma_ex.o
LOAD ./Drivers/STM32F4xx_HAL_Driver/Src/stm32f4xx_hal_exti.o
LOAD ./Drivers/STM32F4xx_HAL_Driver/Src/stm32f4xx_hal_flash.o
LOAD ./Drivers/STM32F4xx_HAL_Driver/Src/stm32f4xx_hal_flash_ex.o
LOAD ./Drivers/STM32F4xx_HAL_Driver/Src/stm32f4xx_hal_flash_ramfunc.o
LOAD ./Drivers/STM32F4xx_HAL_Driver/Src/stm32f4xx_hal_gpio.o
LOAD ./Drivers/STM32F4xx_HAL_Driver/Src/stm32f4xx_hal_i2c.o
LOAD ./Drivers/STM32F4xx_HAL_Driver/Src/stm32f4xx_hal_i2c_ex.o
LOAD ./Drivers/STM32F4xx_HAL_Driver/Src/stm32f4xx_hal_pwr.o
LOAD ./Drivers/STM32F4xx_HAL_Driver/Src/stm32f4xx_hal_pwr_ex.o
LOAD ./Drivers/STM32F4xx_HAL_Driver/Src/stm32f4xx_hal_rcc.o
LOAD ./Drivers/STM32F4xx_HAL_Driver/Src/stm32f4xx_hal_rcc_ex.o
LOAD ./Drivers/STM32F4xx_HAL_Driver/Src/stm32f4xx_hal_spi.o
LOAD ./Drivers/STM32F4xx_HAL_Driver/Src/stm32f4xx_hal_tim.o
LOAD ./Drivers/STM32F4xx_HAL_Driver/Src/stm32f4xx_hal_tim_ex.o
LOAD ./Drivers/STM32F4xx_HAL_Driver/Src/stm32f4xx_hal_uart.o
LOAD ./Drivers/STM32F4xx_HAL_Driver/Src/stm32f4xx_ll_adc.o
LOAD ./FATFS/App/fatfs.o
LOAD ./FATFS/Target/user_diskio.o
LOAD ./Middlewares/Third_Party/FatFs/src/diskio.o
LOAD ./Middlewares/Third_Party/FatFs/src/ff.o
LOAD ./Middlewares/Third_Party/FatFs/src/ff_gen_drv.o
LOAD ./Middlewares/Third_Party/FatFs/src/option/ccsbcs.o
LOAD ./Middlewares/Third_Party/FatFs/src/option/syscall.o
LOAD ./Middlewares/Third_Party/FreeRTOS/Source/CMSIS_RTOS/cmsis_os.o
LOAD ./Middlewares/Third_Party/FreeRTOS/Source/croutine.o
LOAD ./Middlewares/Third_Party/FreeRTOS/Source/event_groups.o
LOAD ./Middlewares/Third_Party/FreeRTOS/Source/list.o
LOAD ./Middlewares/Third_Party/FreeRTOS/Source/queue.o
LOAD ./Middlewares/Third_Party/FreeRTOS/Source/stream_buffer.o
LOAD ./Middlewares/Third_Party/FreeRTOS/Source/tasks.o
LOAD ./Middlewares/Third_Party/FreeRTOS/Source/timers.o
LOAD ./Middlewares/Third_Party/FreeRTOS/Source/portable/GCC/ARM_CM4F/port.o
LOAD ./Middlewares/Third_Party/FreeRTOS/Source/portable/MemMang/heap_4.o
START GROUP
LOAD C:/ST/STM32CubeIDE_1.13.1/STM32CubeIDE/plugins/com.st.stm32cube.ide.mcu.externaltools.gnu-tools-for-stm32.12.3.rel1.win32_1.0.100.202403111256/tools/bin/../lib/gcc/arm-none-eabi/12.3.1/../../../../arm-none-eabi/lib/thumb/v7e-m+fp/hard\libc_nano.a
LOAD C:/ST/STM32CubeIDE_1.13.1/STM32CubeIDE/plugins/com.st.stm32cube.ide.mcu.externaltools.gnu-tools-for-stm32.12.3.rel1.win32_1.0.100.202403111256/tools/bin/../lib/gcc/arm-none-eabi/12.3.1/../../../../arm-none-eabi/lib/thumb/v7e-m+fp/hard\libm.a
END GROUP
START GROUP
LOAD C:/ST/STM32CubeIDE_1.13.1/STM32CubeIDE/plugins/com.st.stm32cube.ide.mcu.externaltools.gnu-tools-for-stm32.12.3.rel1.win32_1.0.100.202403111256/tools/bin/../lib/gcc/arm-none-eabi/12.3.1/thumb/v7e-m+fp/hard\libgcc.a
LOAD C:/ST/STM32CubeIDE_1.13.1/STM32CubeIDE/plugins/com.st.stm32cube.ide.mcu.externaltools.gnu-tools-for-stm32.12.3.rel1.win32_1.0.100.202403111256/tools/bin/../lib/gcc/arm-none-eabi/12.3.1/../../../../arm-none-eabi/lib/thumb/v7e-m+fp/hard\libc_nano.a
END GROUP
START GROUP
LOAD C:/ST/STM32CubeIDE_1.13.1/STM32CubeIDE/plugins/com.st.stm32cube.ide.mcu.externaltools.gnu-tools-for-stm32.12.3.rel1.win32_1.0.100.202403111256/tools/bin/../lib/gcc/arm-none-eabi/12.3.1/thumb/v7e-m+fp/hard\libgcc.a
LOAD C:/ST/STM32CubeIDE_1.13.1/STM32CubeIDE/plugins/com.st.stm32cube.ide.mcu.externaltools.gnu-tools-for-stm32.12.3.rel1.win32_1.0.100.202403111256/tools/bin/../lib/gcc/arm-none-eabi/12.3.1/../../../../arm-none-eabi/lib/thumb/v7e-m+fp/hard\libc_nano.a
LOAD C:/ST/STM32CubeIDE_1.13.1/STM32CubeIDE/plugins/com.st.stm32cube.ide.mcu.externaltools.gnu-tools-for-stm32.12.3.rel1.win32_1.0.100.202403111256/tools/bin/../lib/gcc/arm-none-eabi/12.3.1/../../../../arm-none-eabi/lib/thumb/v7e-m+fp/hard\libnosys.a
END GROUP
START GROUP
LOAD C:/ST/STM32CubeIDE_1.13.1/STM32CubeIDE/plugins/com.st.stm32cube.ide.mcu.externaltools.gnu-tools-for-stm32.12.3.rel1.win32_1.0.100.202403111256/tools/bin/../lib/gcc/arm-none-eabi/12.3.1/thumb/v7e-m+fp/hard\libgcc.a
LOAD C:/ST/STM32CubeIDE_1.13.1/STM32CubeIDE/plugins/com.st.stm32cube.ide.mcu.externaltools.gnu-tools-for-stm32.12.3.rel1.win32_1.0.100.202403111256/tools/bin/../lib/gcc/arm-none-eabi/12.3.1/../../../../arm-none-eabi/lib/thumb/v7e-m+fp/hard\libc_nano.a
LOAD C:/ST/STM32CubeIDE_1.13.1/STM32CubeIDE/plugins/com.st.stm32cube.ide.mcu.externaltools.gnu-tools-for-stm32.12.3.rel1.win32_1.0.100.202403111256/tools/bin/../lib/gcc/arm-none-eabi/12.3.1/../../../../arm-none-eabi/lib/thumb/v7e-m+fp/hard\libnosys.a
END GROUP
LOAD C:/ST/STM32CubeIDE_1.13.1/STM32CubeIDE/plugins/com.st.stm32cube.ide.mcu.externaltools.gnu-tools-for-stm32.12.3.rel1.win32_1.0.100.202403111256/tools/bin/../lib/gcc/arm-none-eabi/12.3.1/thumb/v7e-m+fp/hard/crtend.o
LOAD C:/ST/STM32CubeIDE_1.13.1/STM32CubeIDE/plugins/com.st.stm32cube.ide.mcu.externaltools.gnu-tools-for-stm32.12.3.rel1.win32_1.0.100.202403111256/tools/bin/../lib/gcc/arm-none-eabi/12.3.1/thumb/v7e-m+fp/hard/crtn.o
                0x20020000                        _estack = (ORIGIN (RAM) + LENGTH (RAM))
                0x00000400                        _Min_Heap_Size = 0x400
                0x00000400                        _Min_Stack_Size = 0x400

.isr_vector     0x08000000      0x1c4
                0x08000000                        . = ALIGN (0x4)
 *(.isr_vector)
 .isr_vector    0x08000000      0x1c4 ./Core/Startup/startup_stm32f446retx.o
                0x08000000                g_pfnVectors
                0x080001c4                        . = ALIGN (0x4)

.text           0x080001d0    0x16b84
                0x080001d0                        . = ALIGN (0x4)
 *(.text)
 .text          0x080001d0       0x40 C:/ST/STM32CubeIDE_1.13.1/STM32CubeIDE/plugins/com.st.stm32cube.ide.mcu.externaltools.gnu-tools-for-stm32.12.3.rel1.win32_1.0.100.202403111256/tools/bin/../lib/gcc/arm-none-eabi/12.3.1/thumb/v7e-m+fp/hard/crtbegin.o
 .text          0x08000210       0xa0 C:/ST/STM32CubeIDE_1.13.1/STM32CubeIDE/plugins/com.st.stm32cube.ide.mcu.externaltools.gnu-tools-for-stm32.12.3.rel1.win32_1.0.100.202403111256/tools/bin/../lib/gcc/arm-none-eabi/12.3.1/../../../../arm-none-eabi/lib/thumb/v7e-m+fp/hard\libc_nano.a(libc_a-memchr.o)
                0x08000210                memchr
 .text          0x080002b0       0x10 C:/ST/STM32CubeIDE_1.13.1/STM32CubeIDE/plugins/com.st.stm32cube.ide.mcu.externaltools.gnu-tools-for-stm32.12.3.rel1.win32_1.0.100.202403111256/tools/bin/../lib/gcc/arm-none-eabi/12.3.1/../../../../arm-none-eabi/lib/thumb/v7e-m+fp/hard\libc_nano.a(libc_a-strlen.o)
                0x080002b0                strlen
 .text          0x080002c0      0x378 C:/ST/STM32CubeIDE_1.13.1/STM32CubeIDE/plugins/com.st.stm32cube.ide.mcu.externaltools.gnu-tools-for-stm32.12.3.rel1.win32_1.0.100.202403111256/tools/bin/../lib/gcc/arm-none-eabi/12.3.1/thumb/v7e-m+fp/hard\libgcc.a(_arm_addsubdf3.o)
                0x080002c0                __aeabi_drsub
                0x080002c8                __aeabi_dsub
                0x080002c8                __subdf3
                0x080002cc                __aeabi_dadd
                0x080002cc                __adddf3
                0x08000544                __floatunsidf
                0x08000544                __aeabi_ui2d
                0x08000564                __floatsidf
                0x08000564                __aeabi_i2d
                0x08000588                __aeabi_f2d
                0x08000588                __extendsfdf2
                0x080005cc                __floatundidf
                0x080005cc                __aeabi_ul2d
                0x080005dc                __floatdidf
                0x080005dc                __aeabi_l2d
 .text          0x08000638      0x424 C:/ST/STM32CubeIDE_1.13.1/STM32CubeIDE/plugins/com.st.stm32cube.ide.mcu.externaltools.gnu-tools-for-stm32.12.3.rel1.win32_1.0.100.202403111256/tools/bin/../lib/gcc/arm-none-eabi/12.3.1/thumb/v7e-m+fp/hard\libgcc.a(_arm_muldivdf3.o)
                0x08000638                __aeabi_dmul
                0x08000638                __muldf3
                0x0800088c                __divdf3
                0x0800088c                __aeabi_ddiv
 .text          0x08000a5c      0x110 C:/ST/STM32CubeIDE_1.13.1/STM32CubeIDE/plugins/com.st.stm32cube.ide.mcu.externaltools.gnu-tools-for-stm32.12.3.rel1.win32_1.0.100.202403111256/tools/bin/../lib/gcc/arm-none-eabi/12.3.1/thumb/v7e-m+fp/hard\libgcc.a(_arm_cmpdf2.o)
                0x08000a5c                __gtdf2
                0x08000a5c                __gedf2
                0x08000a64                __ltdf2
                0x08000a64                __ledf2
                0x08000a6c                __nedf2
                0x08000a6c                __eqdf2
                0x08000a6c                __cmpdf2
                0x08000ae8                __aeabi_cdrcmple
                0x08000af8                __aeabi_cdcmpeq
                0x08000af8                __aeabi_cdcmple
                0x08000b08                __aeabi_dcmpeq
                0x08000b1c                __aeabi_dcmplt
                0x08000b30                __aeabi_dcmple
                0x08000b44                __aeabi_dcmpge
                0x08000b58                __aeabi_dcmpgt
 .text          0x08000b6c       0x2c C:/ST/STM32CubeIDE_1.13.1/STM32CubeIDE/plugins/com.st.stm32cube.ide.mcu.externaltools.gnu-tools-for-stm32.12.3.rel1.win32_1.0.100.202403111256/tools/bin/../lib/gcc/arm-none-eabi/12.3.1/thumb/v7e-m+fp/hard\libgcc.a(_arm_unorddf2.o)
                0x08000b6c                __unorddf2
                0x08000b6c                __aeabi_dcmpun
 .text          0x08000b98       0x50 C:/ST/STM32CubeIDE_1.13.1/STM32CubeIDE/plugins/com.st.stm32cube.ide.mcu.externaltools.gnu-tools-for-stm32.12.3.rel1.win32_1.0.100.202403111256/tools/bin/../lib/gcc/arm-none-eabi/12.3.1/thumb/v7e-m+fp/hard\libgcc.a(_arm_fixdfsi.o)
                0x08000b98                __aeabi_d2iz
                0x08000b98                __fixdfsi
 .text          0x08000be8       0xa0 C:/ST/STM32CubeIDE_1.13.1/STM32CubeIDE/plugins/com.st.stm32cube.ide.mcu.externaltools.gnu-tools-for-stm32.12.3.rel1.win32_1.0.100.202403111256/tools/bin/../lib/gcc/arm-none-eabi/12.3.1/thumb/v7e-m+fp/hard\libgcc.a(_arm_truncdfsf2.o)
                0x08000be8                __truncdfsf2
                0x08000be8                __aeabi_d2f
 .text          0x08000c88       0x30 C:/ST/STM32CubeIDE_1.13.1/STM32CubeIDE/plugins/com.st.stm32cube.ide.mcu.externaltools.gnu-tools-for-stm32.12.3.rel1.win32_1.0.100.202403111256/tools/bin/../lib/gcc/arm-none-eabi/12.3.1/thumb/v7e-m+fp/hard\libgcc.a(_aeabi_uldivmod.o)
                0x08000c88                __aeabi_uldivmod
 .text          0x08000cb8      0x2bc C:/ST/STM32CubeIDE_1.13.1/STM32CubeIDE/plugins/com.st.stm32cube.ide.mcu.externaltools.gnu-tools-for-stm32.12.3.rel1.win32_1.0.100.202403111256/tools/bin/../lib/gcc/arm-none-eabi/12.3.1/thumb/v7e-m+fp/hard\libgcc.a(_udivmoddi4.o)
                0x08000cb8                __udivmoddi4
 .text          0x08000f74        0x4 C:/ST/STM32CubeIDE_1.13.1/STM32CubeIDE/plugins/com.st.stm32cube.ide.mcu.externaltools.gnu-tools-for-stm32.12.3.rel1.win32_1.0.100.202403111256/tools/bin/../lib/gcc/arm-none-eabi/12.3.1/thumb/v7e-m+fp/hard\libgcc.a(_dvmd_tls.o)
                0x08000f74                __aeabi_idiv0
                0x08000f74                __aeabi_ldiv0
 *(.text*)
 .text.Bar30init
                0x08000f78       0x6a ./Core/Src/Bar30.o
                0x08000f78                Bar30init
 *fill*         0x08000fe2        0x2 
 .text.Bar30reset
                0x08000fe4       0x4c ./Core/Src/Bar30.o
                0x08000fe4                Bar30reset
 .text.Bar30getCalibration
                0x08001030       0xbc ./Core/Src/Bar30.o
                0x08001030                Bar30getCalibration
 .text.Bar30getData
                0x080010ec       0xa0 ./Core/Src/Bar30.o
                0x080010ec                Bar30getData
 .text.initiatePressureConversion
                0x0800118c       0x3c ./Core/Src/Bar30.o
                0x0800118c                initiatePressureConversion
 .text.initiateTemperatureConversion
                0x080011c8       0x3c ./Core/Src/Bar30.o
                0x080011c8                initiateTemperatureConversion
 .text.readPressureData
                0x08001204       0x80 ./Core/Src/Bar30.o
                0x08001204                readPressureData
 .text.readTemperatureData
                0x08001284       0x80 ./Core/Src/Bar30.o
                0x08001284                readTemperatureData
 .text.Bar30CRCcheck
                0x08001304       0xb4 ./Core/Src/Bar30.o
                0x08001304                Bar30CRCcheck
 .text.calculateTemperature
                0x080013b8       0x8c ./Core/Src/Bar30.o
                0x080013b8                calculateTemperature
 .text.calculatePressure
                0x08001444      0x194 ./Core/Src/Bar30.o
                0x08001444                calculatePressure
 .text.calculateDepth
                0x080015d8       0x48 ./Core/Src/Bar30.o
                0x080015d8                calculateDepth
 .text.checkMPU6050Ready
                0x08001620       0x24 ./Core/Src/MPU6050.o
                0x08001620                checkMPU6050Ready
 .text.i2cWriteRegMPU6050
                0x08001644       0x44 ./Core/Src/MPU6050.o
                0x08001644                i2cWriteRegMPU6050
 .text.MPU6050init
                0x08001688      0x144 ./Core/Src/MPU6050.o
                0x08001688                MPU6050init
 .text.MPU6050readDataDMA
                0x080017cc       0x54 ./Core/Src/MPU6050.o
                0x080017cc                MPU6050readDataDMA
 .text.MPU6050convertRawData
                0x08001820      0x1f8 ./Core/Src/MPU6050.o
                0x08001820                MPU6050convertRawData
 .text.SELECT   0x08001a18       0x20 ./Core/Src/fatfs_sd.o
 .text.DESELECT
                0x08001a38       0x20 ./Core/Src/fatfs_sd.o
 .text.SPI_TxByte
                0x08001a58       0x34 ./Core/Src/fatfs_sd.o
 .text.SPI_TxBuffer
                0x08001a8c       0x34 ./Core/Src/fatfs_sd.o
 .text.SPI_RxByte
                0x08001ac0       0x38 ./Core/Src/fatfs_sd.o
 .text.SPI_RxBytePtr
                0x08001af8       0x1c ./Core/Src/fatfs_sd.o
 .text.SD_ReadyWait
                0x08001b14       0x34 ./Core/Src/fatfs_sd.o
 .text.SD_PowerOn
                0x08001b48       0x84 ./Core/Src/fatfs_sd.o
 .text.SD_PowerOff
                0x08001bcc       0x18 ./Core/Src/fatfs_sd.o
 .text.SD_CheckPower
                0x08001be4       0x18 ./Core/Src/fatfs_sd.o
 .text.SD_RxDataBlock
                0x08001bfc       0x5c ./Core/Src/fatfs_sd.o
 .text.SD_TxDataBlock
                0x08001c58       0x86 ./Core/Src/fatfs_sd.o
 .text.SD_SendCmd
                0x08001cde       0xa8 ./Core/Src/fatfs_sd.o
 *fill*         0x08001d86        0x2 
 .text.SD_disk_initialize
                0x08001d88      0x1cc ./Core/Src/fatfs_sd.o
                0x08001d88                SD_disk_initialize
 .text.SD_disk_status
                0x08001f54       0x2c ./Core/Src/fatfs_sd.o
                0x08001f54                SD_disk_status
 .text.SD_disk_read
                0x08001f80       0xd4 ./Core/Src/fatfs_sd.o
                0x08001f80                SD_disk_read
 .text.SD_disk_write
                0x08002054      0x108 ./Core/Src/fatfs_sd.o
                0x08002054                SD_disk_write
 .text.SD_disk_ioctl
                0x0800215c      0x254 ./Core/Src/fatfs_sd.o
                0x0800215c                SD_disk_ioctl
 .text.vApplicationGetIdleTaskMemory
                0x080023b0       0x34 ./Core/Src/freertos.o
                0x080023b0                vApplicationGetIdleTaskMemory
 .text.ITM_SendChar
                0x080023e4       0x4e ./Core/Src/main.o
 *fill*         0x08002432        0x2 
 .text.HAL_GPIO_EXTI_Callback
                0x08002434       0x4c ./Core/Src/main.o
                0x08002434                HAL_GPIO_EXTI_Callback
 .text.HAL_I2C_MemRxCpltCallback
                0x08002480       0x30 ./Core/Src/main.o
                0x08002480                HAL_I2C_MemRxCpltCallback
 .text.HAL_ADC_ConvCpltCallback
                0x080024b0       0xdc ./Core/Src/main.o
                0x080024b0                HAL_ADC_ConvCpltCallback
 .text.HAL_UART_RxCpltCallback
                0x0800258c       0x14 ./Core/Src/main.o
                0x0800258c                HAL_UART_RxCpltCallback
 .text.HAL_UART_TxCpltCallback
                0x080025a0       0x14 ./Core/Src/main.o
                0x080025a0                HAL_UART_TxCpltCallback
 .text._write   0x080025b4       0x38 ./Core/Src/main.o
                0x080025b4                _write
 .text.main     0x080025ec      0x280 ./Core/Src/main.o
                0x080025ec                main
 .text.SystemClock_Config
                0x0800286c       0xd8 ./Core/Src/main.o
                0x0800286c                SystemClock_Config
 .text.MX_ADC1_Init
                0x08002944       0xa4 ./Core/Src/main.o
 .text.MX_ADC2_Init
                0x080029e8       0xa4 ./Core/Src/main.o
 .text.MX_I2C1_Init
                0x08002a8c       0x5c ./Core/Src/main.o
 .text.MX_I2C2_Init
                0x08002ae8       0x5c ./Core/Src/main.o
 .text.MX_SPI2_Init
                0x08002b44       0x6c ./Core/Src/main.o
 .text.MX_TIM2_Init
                0x08002bb0       0xe8 ./Core/Src/main.o
 .text.MX_TIM3_Init
                0x08002c98       0xf4 ./Core/Src/main.o
 .text.MX_TIM8_Init
                0x08002d8c      0x13c ./Core/Src/main.o
 .text.MX_USART2_UART_Init
                0x08002ec8       0x54 ./Core/Src/main.o
 .text.MX_USART3_UART_Init
                0x08002f1c       0x54 ./Core/Src/main.o
 .text.MX_USB_OTG_FS_USB_Init
                0x08002f70        0xe ./Core/Src/main.o
 *fill*         0x08002f7e        0x2 
 .text.MX_DMA_Init
                0x08002f80       0xbc ./Core/Src/main.o
 .text.MX_GPIO_Init
                0x0800303c      0x19c ./Core/Src/main.o
 .text.defaultTask
                0x080031d8       0x10 ./Core/Src/main.o
                0x080031d8                defaultTask
 .text.sendDataToScreen
                0x080031e8      0x1d8 ./Core/Src/main.o
                0x080031e8                sendDataToScreen
 .text.updateControlLoop
                0x080033c0       0xec ./Core/Src/main.o
                0x080033c0                updateControlLoop
 .text.recordSDdata
                0x080034ac      0x2e4 ./Core/Src/main.o
                0x080034ac                recordSDdata
 .text.getBar30Data
                0x08003790       0x28 ./Core/Src/main.o
                0x08003790                getBar30Data
 .text.EKFpredict
                0x080037b8      0x25c ./Core/Src/main.o
                0x080037b8                EKFpredict
 .text.HAL_TIM_PeriodElapsedCallback
                0x08003a14       0x24 ./Core/Src/main.o
                0x08003a14                HAL_TIM_PeriodElapsedCallback
 .text.Error_Handler
                0x08003a38        0xc ./Core/Src/main.o
                0x08003a38                Error_Handler
 .text.turnLeft
                0x08003a44       0x84 ./Core/Src/servos.o
                0x08003a44                turnLeft
 .text.turnRight
                0x08003ac8       0x84 ./Core/Src/servos.o
                0x08003ac8                turnRight
 .text.surface  0x08003b4c       0x84 ./Core/Src/servos.o
                0x08003b4c                surface
 .text.dive     0x08003bd0       0x84 ./Core/Src/servos.o
                0x08003bd0                dive
 .text.neutralRudders
                0x08003c54       0x3c ./Core/Src/servos.o
                0x08003c54                neutralRudders
 .text.HAL_MspInit
                0x08003c90       0x58 ./Core/Src/stm32f4xx_hal_msp.o
                0x08003c90                HAL_MspInit
 .text.HAL_ADC_MspInit
                0x08003ce8      0x1dc ./Core/Src/stm32f4xx_hal_msp.o
                0x08003ce8                HAL_ADC_MspInit
 .text.HAL_I2C_MspInit
                0x08003ec4      0x22c ./Core/Src/stm32f4xx_hal_msp.o
                0x08003ec4                HAL_I2C_MspInit
 .text.HAL_SPI_MspInit
                0x080040f0       0x90 ./Core/Src/stm32f4xx_hal_msp.o
                0x080040f0                HAL_SPI_MspInit
 .text.HAL_TIM_Base_MspInit
                0x08004180       0x6c ./Core/Src/stm32f4xx_hal_msp.o
                0x08004180                HAL_TIM_Base_MspInit
 .text.HAL_TIM_PWM_MspInit
                0x080041ec       0x50 ./Core/Src/stm32f4xx_hal_msp.o
                0x080041ec                HAL_TIM_PWM_MspInit
 .text.HAL_TIM_MspPostInit
                0x0800423c       0x74 ./Core/Src/stm32f4xx_hal_msp.o
                0x0800423c                HAL_TIM_MspPostInit
 .text.HAL_UART_MspInit
                0x080042b0      0x254 ./Core/Src/stm32f4xx_hal_msp.o
                0x080042b0                HAL_UART_MspInit
 .text.HAL_InitTick
                0x08004504       0xe8 ./Core/Src/stm32f4xx_hal_timebase_tim.o
                0x08004504                HAL_InitTick
 .text.NMI_Handler
                0x080045ec        0x8 ./Core/Src/stm32f4xx_it.o
                0x080045ec                NMI_Handler
 .text.HardFault_Handler
                0x080045f4        0x8 ./Core/Src/stm32f4xx_it.o
                0x080045f4                HardFault_Handler
 .text.MemManage_Handler
                0x080045fc        0x8 ./Core/Src/stm32f4xx_it.o
                0x080045fc                MemManage_Handler
 .text.BusFault_Handler
                0x08004604        0x8 ./Core/Src/stm32f4xx_it.o
                0x08004604                BusFault_Handler
 .text.UsageFault_Handler
                0x0800460c        0x8 ./Core/Src/stm32f4xx_it.o
                0x0800460c                UsageFault_Handler
 .text.DebugMon_Handler
                0x08004614        0xe ./Core/Src/stm32f4xx_it.o
                0x08004614                DebugMon_Handler
 .text.EXTI1_IRQHandler
                0x08004622        0xe ./Core/Src/stm32f4xx_it.o
                0x08004622                EXTI1_IRQHandler
 .text.DMA1_Stream0_IRQHandler
                0x08004630       0x14 ./Core/Src/stm32f4xx_it.o
                0x08004630                DMA1_Stream0_IRQHandler
 .text.DMA1_Stream1_IRQHandler
                0x08004644       0x14 ./Core/Src/stm32f4xx_it.o
                0x08004644                DMA1_Stream1_IRQHandler
 .text.DMA1_Stream3_IRQHandler
                0x08004658       0x14 ./Core/Src/stm32f4xx_it.o
                0x08004658                DMA1_Stream3_IRQHandler
 .text.DMA1_Stream6_IRQHandler
                0x0800466c       0x14 ./Core/Src/stm32f4xx_it.o
                0x0800466c                DMA1_Stream6_IRQHandler
 .text.ADC_IRQHandler
                0x08004680       0x1c ./Core/Src/stm32f4xx_it.o
                0x08004680                ADC_IRQHandler
 .text.TIM1_UP_TIM10_IRQHandler
                0x0800469c       0x14 ./Core/Src/stm32f4xx_it.o
                0x0800469c                TIM1_UP_TIM10_IRQHandler
 .text.TIM3_IRQHandler
                0x080046b0       0x14 ./Core/Src/stm32f4xx_it.o
                0x080046b0                TIM3_IRQHandler
 .text.I2C1_EV_IRQHandler
                0x080046c4       0x14 ./Core/Src/stm32f4xx_it.o
                0x080046c4                I2C1_EV_IRQHandler
 .text.I2C2_EV_IRQHandler
                0x080046d8       0x14 ./Core/Src/stm32f4xx_it.o
                0x080046d8                I2C2_EV_IRQHandler
 .text.USART2_IRQHandler
                0x080046ec       0x14 ./Core/Src/stm32f4xx_it.o
                0x080046ec                USART2_IRQHandler
 .text.USART3_IRQHandler
                0x08004700       0x14 ./Core/Src/stm32f4xx_it.o
                0x08004700                USART3_IRQHandler
 .text.DMA1_Stream7_IRQHandler
                0x08004714       0x14 ./Core/Src/stm32f4xx_it.o
                0x08004714                DMA1_Stream7_IRQHandler
 .text.DMA2_Stream0_IRQHandler
                0x08004728       0x14 ./Core/Src/stm32f4xx_it.o
                0x08004728                DMA2_Stream0_IRQHandler
 .text.DMA2_Stream2_IRQHandler
                0x0800473c       0x14 ./Core/Src/stm32f4xx_it.o
                0x0800473c                DMA2_Stream2_IRQHandler
 .text._getpid  0x08004750       0x10 ./Core/Src/syscalls.o
                0x08004750                _getpid
 .text._kill    0x08004760       0x20 ./Core/Src/syscalls.o
                0x08004760                _kill
 .text._exit    0x08004780       0x16 ./Core/Src/syscalls.o
                0x08004780                _exit
 .text._read    0x08004796       0x3a ./Core/Src/syscalls.o
                0x08004796                _read
 .text._close   0x080047d0       0x18 ./Core/Src/syscalls.o
                0x080047d0                _close
 .text._fstat   0x080047e8       0x20 ./Core/Src/syscalls.o
                0x080047e8                _fstat
 .text._isatty  0x08004808       0x16 ./Core/Src/syscalls.o
                0x08004808                _isatty
 .text._lseek   0x0800481e       0x1a ./Core/Src/syscalls.o
                0x0800481e                _lseek
 .text._sbrk    0x08004838       0x6c ./Core/Src/sysmem.o
                0x08004838                _sbrk
 .text.SystemInit
                0x080048a4       0x24 ./Core/Src/system_stm32f4xx.o
                0x080048a4                SystemInit
 .text.Reset_Handler
                0x080048c8       0x50 ./Core/Startup/startup_stm32f446retx.o
                0x080048c8                Reset_Handler
 .text.Default_Handler
                0x08004918        0x2 ./Core/Startup/startup_stm32f446retx.o
                0x08004918                RTC_Alarm_IRQHandler
                0x08004918                EXTI2_IRQHandler
                0x08004918                TIM8_CC_IRQHandler
                0x08004918                FMPI2C1_EV_IRQHandler
                0x08004918                SPI4_IRQHandler
                0x08004918                TIM1_CC_IRQHandler
                0x08004918                DMA2_Stream5_IRQHandler
                0x08004918                DMA1_Stream5_IRQHandler
                0x08004918                PVD_IRQHandler
                0x08004918                SDIO_IRQHandler
                0x08004918                TAMP_STAMP_IRQHandler
                0x08004918                CAN2_RX1_IRQHandler
                0x08004918                EXTI3_IRQHandler
                0x08004918                TIM8_TRG_COM_TIM14_IRQHandler
                0x08004918                TIM8_UP_TIM13_IRQHandler
                0x08004918                I2C3_ER_IRQHandler
                0x08004918                EXTI0_IRQHandler
                0x08004918                DMA1_Stream2_IRQHandler
                0x08004918                CAN1_RX0_IRQHandler
                0x08004918                FPU_IRQHandler
                0x08004918                OTG_HS_WKUP_IRQHandler
                0x08004918                CAN2_SCE_IRQHandler
                0x08004918                SPI1_IRQHandler
                0x08004918                TIM6_DAC_IRQHandler
                0x08004918                TIM1_BRK_TIM9_IRQHandler
                0x08004918                DCMI_IRQHandler
                0x08004918                CAN2_RX0_IRQHandler
                0x08004918                DMA2_Stream3_IRQHandler
                0x08004918                SAI2_IRQHandler
                0x08004918                USART6_IRQHandler
                0x08004918                CAN1_RX1_IRQHandler
                0x08004918                UART5_IRQHandler
                0x08004918                TIM4_IRQHandler
                0x08004918                QUADSPI_IRQHandler
                0x08004918                UART4_IRQHandler
                0x08004918                RCC_IRQHandler
                0x08004918                TIM8_BRK_TIM12_IRQHandler
                0x08004918                Default_Handler
                0x08004918                CEC_IRQHandler
                0x08004918                EXTI15_10_IRQHandler
                0x08004918                TIM7_IRQHandler
                0x08004918                CAN2_TX_IRQHandler
                0x08004918                TIM5_IRQHandler
                0x08004918                DMA2_Stream7_IRQHandler
                0x08004918                I2C3_EV_IRQHandler
                0x08004918                EXTI9_5_IRQHandler
                0x08004918                RTC_WKUP_IRQHandler
                0x08004918                SPDIF_RX_IRQHandler
                0x08004918                SPI2_IRQHandler
                0x08004918                OTG_HS_EP1_IN_IRQHandler
                0x08004918                CAN1_TX_IRQHandler
                0x08004918                FMPI2C1_ER_IRQHandler
                0x08004918                EXTI4_IRQHandler
                0x08004918                OTG_HS_EP1_OUT_IRQHandler
                0x08004918                WWDG_IRQHandler
                0x08004918                TIM2_IRQHandler
                0x08004918                OTG_FS_WKUP_IRQHandler
                0x08004918                TIM1_TRG_COM_TIM11_IRQHandler
                0x08004918                OTG_HS_IRQHandler
                0x08004918                I2C2_ER_IRQHandler
                0x08004918                DMA2_Stream1_IRQHandler
                0x08004918                CAN1_SCE_IRQHandler
                0x08004918                FLASH_IRQHandler
                0x08004918                DMA2_Stream4_IRQHandler
                0x08004918                USART1_IRQHandler
                0x08004918                OTG_FS_IRQHandler
                0x08004918                SPI3_IRQHandler
                0x08004918                DMA1_Stream4_IRQHandler
                0x08004918                I2C1_ER_IRQHandler
                0x08004918                FMC_IRQHandler
                0x08004918                DMA2_Stream6_IRQHandler
                0x08004918                SAI1_IRQHandler
 *fill*         0x0800491a        0x2 
 .text.HAL_Init
                0x0800491c       0x44 ./Drivers/STM32F4xx_HAL_Driver/Src/stm32f4xx_hal.o
                0x0800491c                HAL_Init
 .text.HAL_IncTick
                0x08004960       0x28 ./Drivers/STM32F4xx_HAL_Driver/Src/stm32f4xx_hal.o
                0x08004960                HAL_IncTick
 .text.HAL_GetTick
                0x08004988       0x18 ./Drivers/STM32F4xx_HAL_Driver/Src/stm32f4xx_hal.o
                0x08004988                HAL_GetTick
 .text.HAL_Delay
                0x080049a0       0x48 ./Drivers/STM32F4xx_HAL_Driver/Src/stm32f4xx_hal.o
                0x080049a0                HAL_Delay
 .text.HAL_ADC_Init
                0x080049e8       0x86 ./Drivers/STM32F4xx_HAL_Driver/Src/stm32f4xx_hal_adc.o
                0x080049e8                HAL_ADC_Init
 .text.HAL_ADC_IRQHandler
                0x08004a6e      0x220 ./Drivers/STM32F4xx_HAL_Driver/Src/stm32f4xx_hal_adc.o
                0x08004a6e                HAL_ADC_IRQHandler
 *fill*         0x08004c8e        0x2 
 .text.HAL_ADC_Start_DMA
                0x08004c90      0x220 ./Drivers/STM32F4xx_HAL_Driver/Src/stm32f4xx_hal_adc.o
                0x08004c90                HAL_ADC_Start_DMA
 .text.HAL_ADC_ConvHalfCpltCallback
                0x08004eb0       0x14 ./Drivers/STM32F4xx_HAL_Driver/Src/stm32f4xx_hal_adc.o
                0x08004eb0                HAL_ADC_ConvHalfCpltCallback
 .text.HAL_ADC_LevelOutOfWindowCallback
                0x08004ec4       0x14 ./Drivers/STM32F4xx_HAL_Driver/Src/stm32f4xx_hal_adc.o
                0x08004ec4                HAL_ADC_LevelOutOfWindowCallback
 .text.HAL_ADC_ErrorCallback
                0x08004ed8       0x14 ./Drivers/STM32F4xx_HAL_Driver/Src/stm32f4xx_hal_adc.o
                0x08004ed8                HAL_ADC_ErrorCallback
 .text.HAL_ADC_ConfigChannel
                0x08004eec      0x264 ./Drivers/STM32F4xx_HAL_Driver/Src/stm32f4xx_hal_adc.o
                0x08004eec                HAL_ADC_ConfigChannel
 .text.ADC_Init
                0x08005150      0x1f8 ./Drivers/STM32F4xx_HAL_Driver/Src/stm32f4xx_hal_adc.o
 .text.ADC_DMAConvCplt
                0x08005348       0xba ./Drivers/STM32F4xx_HAL_Driver/Src/stm32f4xx_hal_adc.o
 .text.ADC_DMAHalfConvCplt
                0x08005402       0x1c ./Drivers/STM32F4xx_HAL_Driver/Src/stm32f4xx_hal_adc.o
 .text.ADC_DMAError
                0x0800541e       0x2e ./Drivers/STM32F4xx_HAL_Driver/Src/stm32f4xx_hal_adc.o
 .text.HAL_ADCEx_InjectedConvCpltCallback
                0x0800544c       0x14 ./Drivers/STM32F4xx_HAL_Driver/Src/stm32f4xx_hal_adc_ex.o
                0x0800544c                HAL_ADCEx_InjectedConvCpltCallback
 .text.__NVIC_SetPriorityGrouping
                0x08005460       0x48 ./Drivers/STM32F4xx_HAL_Driver/Src/stm32f4xx_hal_cortex.o
 .text.__NVIC_GetPriorityGrouping
                0x080054a8       0x1c ./Drivers/STM32F4xx_HAL_Driver/Src/stm32f4xx_hal_cortex.o
 .text.__NVIC_EnableIRQ
                0x080054c4       0x3c ./Drivers/STM32F4xx_HAL_Driver/Src/stm32f4xx_hal_cortex.o
 .text.__NVIC_SetPriority
                0x08005500       0x54 ./Drivers/STM32F4xx_HAL_Driver/Src/stm32f4xx_hal_cortex.o
 .text.NVIC_EncodePriority
                0x08005554       0x66 ./Drivers/STM32F4xx_HAL_Driver/Src/stm32f4xx_hal_cortex.o
 .text.HAL_NVIC_SetPriorityGrouping
                0x080055ba       0x16 ./Drivers/STM32F4xx_HAL_Driver/Src/stm32f4xx_hal_cortex.o
                0x080055ba                HAL_NVIC_SetPriorityGrouping
 .text.HAL_NVIC_SetPriority
                0x080055d0       0x38 ./Drivers/STM32F4xx_HAL_Driver/Src/stm32f4xx_hal_cortex.o
                0x080055d0                HAL_NVIC_SetPriority
 .text.HAL_NVIC_EnableIRQ
                0x08005608       0x1c ./Drivers/STM32F4xx_HAL_Driver/Src/stm32f4xx_hal_cortex.o
                0x08005608                HAL_NVIC_EnableIRQ
 .text.HAL_DMA_Init
                0x08005624      0x15c ./Drivers/STM32F4xx_HAL_Driver/Src/stm32f4xx_hal_dma.o
                0x08005624                HAL_DMA_Init
 .text.HAL_DMA_Start_IT
                0x08005780       0xb0 ./Drivers/STM32F4xx_HAL_Driver/Src/stm32f4xx_hal_dma.o
                0x08005780                HAL_DMA_Start_IT
 .text.HAL_DMA_Abort
                0x08005830       0xe0 ./Drivers/STM32F4xx_HAL_Driver/Src/stm32f4xx_hal_dma.o
                0x08005830                HAL_DMA_Abort
 .text.HAL_DMA_Abort_IT
                0x08005910       0x44 ./Drivers/STM32F4xx_HAL_Driver/Src/stm32f4xx_hal_dma.o
                0x08005910                HAL_DMA_Abort_IT
 .text.HAL_DMA_IRQHandler
                0x08005954      0x314 ./Drivers/STM32F4xx_HAL_Driver/Src/stm32f4xx_hal_dma.o
                0x08005954                HAL_DMA_IRQHandler
 .text.HAL_DMA_GetState
                0x08005c68       0x1c ./Drivers/STM32F4xx_HAL_Driver/Src/stm32f4xx_hal_dma.o
                0x08005c68                HAL_DMA_GetState
 .text.HAL_DMA_GetError
                0x08005c84       0x18 ./Drivers/STM32F4xx_HAL_Driver/Src/stm32f4xx_hal_dma.o
                0x08005c84                HAL_DMA_GetError
 .text.DMA_SetConfig
                0x08005c9c       0x5c ./Drivers/STM32F4xx_HAL_Driver/Src/stm32f4xx_hal_dma.o
 .text.DMA_CalcBaseAndBitshift
                0x08005cf8       0x6c ./Drivers/STM32F4xx_HAL_Driver/Src/stm32f4xx_hal_dma.o
 .text.DMA_CheckFifoParam
                0x08005d64       0xf8 ./Drivers/STM32F4xx_HAL_Driver/Src/stm32f4xx_hal_dma.o
 .text.HAL_GPIO_Init
                0x08005e5c      0x328 ./Drivers/STM32F4xx_HAL_Driver/Src/stm32f4xx_hal_gpio.o
                0x08005e5c                HAL_GPIO_Init
 .text.HAL_GPIO_WritePin
                0x08006184       0x32 ./Drivers/STM32F4xx_HAL_Driver/Src/stm32f4xx_hal_gpio.o
                0x08006184                HAL_GPIO_WritePin
 *fill*         0x080061b6        0x2 
 .text.HAL_GPIO_EXTI_IRQHandler
                0x080061b8       0x30 ./Drivers/STM32F4xx_HAL_Driver/Src/stm32f4xx_hal_gpio.o
                0x080061b8                HAL_GPIO_EXTI_IRQHandler
 .text.HAL_I2C_Init
                0x080061e8      0x288 ./Drivers/STM32F4xx_HAL_Driver/Src/stm32f4xx_hal_i2c.o
                0x080061e8                HAL_I2C_Init
 .text.HAL_I2C_Master_Transmit
                0x08006470      0x1fc ./Drivers/STM32F4xx_HAL_Driver/Src/stm32f4xx_hal_i2c.o
                0x08006470                HAL_I2C_Master_Transmit
 .text.HAL_I2C_Master_Receive
                0x0800666c      0x44c ./Drivers/STM32F4xx_HAL_Driver/Src/stm32f4xx_hal_i2c.o
                0x0800666c                HAL_I2C_Master_Receive
 .text.HAL_I2C_Mem_Write
                0x08006ab8      0x1f4 ./Drivers/STM32F4xx_HAL_Driver/Src/stm32f4xx_hal_i2c.o
                0x08006ab8                HAL_I2C_Mem_Write
 .text.HAL_I2C_Mem_Read
                0x08006cac      0x44c ./Drivers/STM32F4xx_HAL_Driver/Src/stm32f4xx_hal_i2c.o
                0x08006cac                HAL_I2C_Mem_Read
 .text.HAL_I2C_Mem_Read_DMA
                0x080070f8      0x328 ./Drivers/STM32F4xx_HAL_Driver/Src/stm32f4xx_hal_i2c.o
                0x080070f8                HAL_I2C_Mem_Read_DMA
 .text.HAL_I2C_IsDeviceReady
                0x08007420      0x25c ./Drivers/STM32F4xx_HAL_Driver/Src/stm32f4xx_hal_i2c.o
                0x08007420                HAL_I2C_IsDeviceReady
 .text.HAL_I2C_EV_IRQHandler
                0x0800767c      0x2a6 ./Drivers/STM32F4xx_HAL_Driver/Src/stm32f4xx_hal_i2c.o
                0x0800767c                HAL_I2C_EV_IRQHandler
 .text.HAL_I2C_MasterTxCpltCallback
                0x08007922       0x14 ./Drivers/STM32F4xx_HAL_Driver/Src/stm32f4xx_hal_i2c.o
                0x08007922                HAL_I2C_MasterTxCpltCallback
 .text.HAL_I2C_MasterRxCpltCallback
                0x08007936       0x14 ./Drivers/STM32F4xx_HAL_Driver/Src/stm32f4xx_hal_i2c.o
                0x08007936                HAL_I2C_MasterRxCpltCallback
 .text.HAL_I2C_SlaveTxCpltCallback
                0x0800794a       0x14 ./Drivers/STM32F4xx_HAL_Driver/Src/stm32f4xx_hal_i2c.o
                0x0800794a                HAL_I2C_SlaveTxCpltCallback
 .text.HAL_I2C_SlaveRxCpltCallback
                0x0800795e       0x14 ./Drivers/STM32F4xx_HAL_Driver/Src/stm32f4xx_hal_i2c.o
                0x0800795e                HAL_I2C_SlaveRxCpltCallback
 .text.HAL_I2C_AddrCallback
                0x08007972       0x1c ./Drivers/STM32F4xx_HAL_Driver/Src/stm32f4xx_hal_i2c.o
                0x08007972                HAL_I2C_AddrCallback
 .text.HAL_I2C_ListenCpltCallback
                0x0800798e       0x14 ./Drivers/STM32F4xx_HAL_Driver/Src/stm32f4xx_hal_i2c.o
                0x0800798e                HAL_I2C_ListenCpltCallback
 .text.HAL_I2C_MemTxCpltCallback
                0x080079a2       0x14 ./Drivers/STM32F4xx_HAL_Driver/Src/stm32f4xx_hal_i2c.o
                0x080079a2                HAL_I2C_MemTxCpltCallback
 .text.HAL_I2C_ErrorCallback
                0x080079b6       0x14 ./Drivers/STM32F4xx_HAL_Driver/Src/stm32f4xx_hal_i2c.o
                0x080079b6                HAL_I2C_ErrorCallback
 .text.HAL_I2C_AbortCpltCallback
                0x080079ca       0x14 ./Drivers/STM32F4xx_HAL_Driver/Src/stm32f4xx_hal_i2c.o
                0x080079ca                HAL_I2C_AbortCpltCallback
 .text.I2C_MasterTransmit_TXE
                0x080079de      0x138 ./Drivers/STM32F4xx_HAL_Driver/Src/stm32f4xx_hal_i2c.o
 .text.I2C_MasterTransmit_BTF
                0x08007b16       0xec ./Drivers/STM32F4xx_HAL_Driver/Src/stm32f4xx_hal_i2c.o
 .text.I2C_MemoryTransmit_TXE_BTF
                0x08007c02      0x128 ./Drivers/STM32F4xx_HAL_Driver/Src/stm32f4xx_hal_i2c.o
 .text.I2C_MasterReceive_RXNE
                0x08007d2a      0x176 ./Drivers/STM32F4xx_HAL_Driver/Src/stm32f4xx_hal_i2c.o
 .text.I2C_MasterReceive_BTF
                0x08007ea0      0x1d4 ./Drivers/STM32F4xx_HAL_Driver/Src/stm32f4xx_hal_i2c.o
 .text.I2C_Master_SB
                0x08008074      0x10c ./Drivers/STM32F4xx_HAL_Driver/Src/stm32f4xx_hal_i2c.o
 .text.I2C_Master_ADD10
                0x08008180       0x54 ./Drivers/STM32F4xx_HAL_Driver/Src/stm32f4xx_hal_i2c.o
 .text.I2C_Master_ADDR
                0x080081d4      0x322 ./Drivers/STM32F4xx_HAL_Driver/Src/stm32f4xx_hal_i2c.o
 .text.I2C_SlaveTransmit_TXE
                0x080084f6       0x7a ./Drivers/STM32F4xx_HAL_Driver/Src/stm32f4xx_hal_i2c.o
 .text.I2C_SlaveTransmit_BTF
                0x08008570       0x42 ./Drivers/STM32F4xx_HAL_Driver/Src/stm32f4xx_hal_i2c.o
 .text.I2C_SlaveReceive_RXNE
                0x080085b2       0x7c ./Drivers/STM32F4xx_HAL_Driver/Src/stm32f4xx_hal_i2c.o
 .text.I2C_SlaveReceive_BTF
                0x0800862e       0x44 ./Drivers/STM32F4xx_HAL_Driver/Src/stm32f4xx_hal_i2c.o
 .text.I2C_Slave_ADDR
                0x08008672       0x90 ./Drivers/STM32F4xx_HAL_Driver/Src/stm32f4xx_hal_i2c.o
 *fill*         0x08008702        0x2 
 .text.I2C_Slave_STOPF
                0x08008704      0x260 ./Drivers/STM32F4xx_HAL_Driver/Src/stm32f4xx_hal_i2c.o
 .text.I2C_ITError
                0x08008964      0x264 ./Drivers/STM32F4xx_HAL_Driver/Src/stm32f4xx_hal_i2c.o
 .text.I2C_MasterRequestWrite
                0x08008bc8      0x104 ./Drivers/STM32F4xx_HAL_Driver/Src/stm32f4xx_hal_i2c.o
 .text.I2C_MasterRequestRead
                0x08008ccc      0x19c ./Drivers/STM32F4xx_HAL_Driver/Src/stm32f4xx_hal_i2c.o
 .text.I2C_RequestMemoryWrite
                0x08008e68      0x12c ./Drivers/STM32F4xx_HAL_Driver/Src/stm32f4xx_hal_i2c.o
 .text.I2C_RequestMemoryRead
                0x08008f94      0x1d0 ./Drivers/STM32F4xx_HAL_Driver/Src/stm32f4xx_hal_i2c.o
 .text.I2C_DMAXferCplt
                0x08009164      0x1aa ./Drivers/STM32F4xx_HAL_Driver/Src/stm32f4xx_hal_i2c.o
 .text.I2C_DMAError
                0x0800930e       0x7a ./Drivers/STM32F4xx_HAL_Driver/Src/stm32f4xx_hal_i2c.o
 .text.I2C_DMAAbort
                0x08009388      0x150 ./Drivers/STM32F4xx_HAL_Driver/Src/stm32f4xx_hal_i2c.o
 .text.I2C_WaitOnFlagUntilTimeout
                0x080094d8       0xae ./Drivers/STM32F4xx_HAL_Driver/Src/stm32f4xx_hal_i2c.o
 .text.I2C_WaitOnMasterAddressFlagUntilTimeout
                0x08009586       0xfe ./Drivers/STM32F4xx_HAL_Driver/Src/stm32f4xx_hal_i2c.o
 .text.I2C_WaitOnTXEFlagUntilTimeout
                0x08009684       0x82 ./Drivers/STM32F4xx_HAL_Driver/Src/stm32f4xx_hal_i2c.o
 .text.I2C_WaitOnBTFFlagUntilTimeout
                0x08009706       0x82 ./Drivers/STM32F4xx_HAL_Driver/Src/stm32f4xx_hal_i2c.o
 .text.I2C_WaitOnSTOPRequestThroughIT
                0x08009788       0x64 ./Drivers/STM32F4xx_HAL_Driver/Src/stm32f4xx_hal_i2c.o
 .text.I2C_WaitOnRXNEFlagUntilTimeout
                0x080097ec       0xac ./Drivers/STM32F4xx_HAL_Driver/Src/stm32f4xx_hal_i2c.o
 .text.I2C_IsAcknowledgeFailed
                0x08009898       0x5e ./Drivers/STM32F4xx_HAL_Driver/Src/stm32f4xx_hal_i2c.o
 .text.I2C_ConvertOtherXferOptions
                0x080098f6       0x36 ./Drivers/STM32F4xx_HAL_Driver/Src/stm32f4xx_hal_i2c.o
 .text.HAL_RCC_ClockConfig
                0x0800992c      0x1cc ./Drivers/STM32F4xx_HAL_Driver/Src/stm32f4xx_hal_rcc.o
                0x0800992c                HAL_RCC_ClockConfig
 .text.HAL_RCC_GetHCLKFreq
                0x08009af8       0x18 ./Drivers/STM32F4xx_HAL_Driver/Src/stm32f4xx_hal_rcc.o
                0x08009af8                HAL_RCC_GetHCLKFreq
 .text.HAL_RCC_GetPCLK1Freq
                0x08009b10       0x28 ./Drivers/STM32F4xx_HAL_Driver/Src/stm32f4xx_hal_rcc.o
                0x08009b10                HAL_RCC_GetPCLK1Freq
 .text.HAL_RCC_GetPCLK2Freq
                0x08009b38       0x28 ./Drivers/STM32F4xx_HAL_Driver/Src/stm32f4xx_hal_rcc.o
                0x08009b38                HAL_RCC_GetPCLK2Freq
 .text.HAL_RCC_GetClockConfig
                0x08009b60       0x64 ./Drivers/STM32F4xx_HAL_Driver/Src/stm32f4xx_hal_rcc.o
                0x08009b60                HAL_RCC_GetClockConfig
 .text.HAL_RCC_GetSysClockFreq
                0x08009bc4      0x45c ./Drivers/STM32F4xx_HAL_Driver/Src/stm32f4xx_hal_rcc_ex.o
                0x08009bc4                HAL_RCC_GetSysClockFreq
 .text.HAL_RCC_OscConfig
                0x0800a020      0x53c ./Drivers/STM32F4xx_HAL_Driver/Src/stm32f4xx_hal_rcc_ex.o
                0x0800a020                HAL_RCC_OscConfig
 .text.HAL_SPI_Init
                0x0800a55c      0x112 ./Drivers/STM32F4xx_HAL_Driver/Src/stm32f4xx_hal_spi.o
                0x0800a55c                HAL_SPI_Init
 .text.HAL_SPI_Transmit
                0x0800a66e      0x278 ./Drivers/STM32F4xx_HAL_Driver/Src/stm32f4xx_hal_spi.o
                0x0800a66e                HAL_SPI_Transmit
 .text.HAL_SPI_TransmitReceive
                0x0800a8e6      0x344 ./Drivers/STM32F4xx_HAL_Driver/Src/stm32f4xx_hal_spi.o
                0x0800a8e6                HAL_SPI_TransmitReceive
 *fill*         0x0800ac2a        0x2 
 .text.SPI_WaitFlagStateUntilTimeout
                0x0800ac2c      0x110 ./Drivers/STM32F4xx_HAL_Driver/Src/stm32f4xx_hal_spi.o
 .text.SPI_EndRxTxTransaction
                0x0800ad3c       0x84 ./Drivers/STM32F4xx_HAL_Driver/Src/stm32f4xx_hal_spi.o
 .text.HAL_TIM_Base_Init
                0x0800adc0       0x9e ./Drivers/STM32F4xx_HAL_Driver/Src/stm32f4xx_hal_tim.o
                0x0800adc0                HAL_TIM_Base_Init
 *fill*         0x0800ae5e        0x2 
 .text.HAL_TIM_Base_Start
                0x0800ae60       0xd0 ./Drivers/STM32F4xx_HAL_Driver/Src/stm32f4xx_hal_tim.o
                0x0800ae60                HAL_TIM_Base_Start
 .text.HAL_TIM_Base_Start_IT
                0x0800af30       0xe0 ./Drivers/STM32F4xx_HAL_Driver/Src/stm32f4xx_hal_tim.o
                0x0800af30                HAL_TIM_Base_Start_IT
 .text.HAL_TIM_PWM_Init
                0x0800b010       0x9e ./Drivers/STM32F4xx_HAL_Driver/Src/stm32f4xx_hal_tim.o
                0x0800b010                HAL_TIM_PWM_Init
 *fill*         0x0800b0ae        0x2 
 .text.HAL_TIM_PWM_Start
                0x0800b0b0      0x190 ./Drivers/STM32F4xx_HAL_Driver/Src/stm32f4xx_hal_tim.o
                0x0800b0b0                HAL_TIM_PWM_Start
 .text.HAL_TIM_IRQHandler
                0x0800b240      0x210 ./Drivers/STM32F4xx_HAL_Driver/Src/stm32f4xx_hal_tim.o
                0x0800b240                HAL_TIM_IRQHandler
 .text.HAL_TIM_PWM_ConfigChannel
                0x0800b450      0x184 ./Drivers/STM32F4xx_HAL_Driver/Src/stm32f4xx_hal_tim.o
                0x0800b450                HAL_TIM_PWM_ConfigChannel
 .text.HAL_TIM_ConfigClockSource
                0x0800b5d4      0x18e ./Drivers/STM32F4xx_HAL_Driver/Src/stm32f4xx_hal_tim.o
                0x0800b5d4                HAL_TIM_ConfigClockSource
 .text.HAL_TIM_OC_DelayElapsedCallback
                0x0800b762       0x14 ./Drivers/STM32F4xx_HAL_Driver/Src/stm32f4xx_hal_tim.o
                0x0800b762                HAL_TIM_OC_DelayElapsedCallback
 .text.HAL_TIM_IC_CaptureCallback
                0x0800b776       0x14 ./Drivers/STM32F4xx_HAL_Driver/Src/stm32f4xx_hal_tim.o
                0x0800b776                HAL_TIM_IC_CaptureCallback
 .text.HAL_TIM_PWM_PulseFinishedCallback
                0x0800b78a       0x14 ./Drivers/STM32F4xx_HAL_Driver/Src/stm32f4xx_hal_tim.o
                0x0800b78a                HAL_TIM_PWM_PulseFinishedCallback
 .text.HAL_TIM_TriggerCallback
                0x0800b79e       0x14 ./Drivers/STM32F4xx_HAL_Driver/Src/stm32f4xx_hal_tim.o
                0x0800b79e                HAL_TIM_TriggerCallback
 *fill*         0x0800b7b2        0x2 
 .text.TIM_Base_SetConfig
                0x0800b7b4      0x140 ./Drivers/STM32F4xx_HAL_Driver/Src/stm32f4xx_hal_tim.o
                0x0800b7b4                TIM_Base_SetConfig
 .text.TIM_OC1_SetConfig
                0x0800b8f4       0xe0 ./Drivers/STM32F4xx_HAL_Driver/Src/stm32f4xx_hal_tim.o
 .text.TIM_OC2_SetConfig
                0x0800b9d4       0xec ./Drivers/STM32F4xx_HAL_Driver/Src/stm32f4xx_hal_tim.o
                0x0800b9d4                TIM_OC2_SetConfig
 .text.TIM_OC3_SetConfig
                0x0800bac0       0xe8 ./Drivers/STM32F4xx_HAL_Driver/Src/stm32f4xx_hal_tim.o
 .text.TIM_OC4_SetConfig
                0x0800bba8       0xac ./Drivers/STM32F4xx_HAL_Driver/Src/stm32f4xx_hal_tim.o
 .text.TIM_TI1_ConfigInputStage
                0x0800bc54       0x5e ./Drivers/STM32F4xx_HAL_Driver/Src/stm32f4xx_hal_tim.o
 .text.TIM_TI2_ConfigInputStage
                0x0800bcb2       0x60 ./Drivers/STM32F4xx_HAL_Driver/Src/stm32f4xx_hal_tim.o
 .text.TIM_ITRx_SetConfig
                0x0800bd12       0x36 ./Drivers/STM32F4xx_HAL_Driver/Src/stm32f4xx_hal_tim.o
 .text.TIM_ETR_SetConfig
                0x0800bd48       0x40 ./Drivers/STM32F4xx_HAL_Driver/Src/stm32f4xx_hal_tim.o
                0x0800bd48                TIM_ETR_SetConfig
 .text.TIM_CCxChannelCmd
                0x0800bd88       0x4a ./Drivers/STM32F4xx_HAL_Driver/Src/stm32f4xx_hal_tim.o
                0x0800bd88                TIM_CCxChannelCmd
 *fill*         0x0800bdd2        0x2 
 .text.HAL_TIMEx_MasterConfigSynchronization
                0x0800bdd4       0xf8 ./Drivers/STM32F4xx_HAL_Driver/Src/stm32f4xx_hal_tim_ex.o
                0x0800bdd4                HAL_TIMEx_MasterConfigSynchronization
 .text.HAL_TIMEx_ConfigBreakDeadTime
                0x0800becc       0xa4 ./Drivers/STM32F4xx_HAL_Driver/Src/stm32f4xx_hal_tim_ex.o
                0x0800becc                HAL_TIMEx_ConfigBreakDeadTime
 .text.HAL_TIMEx_CommutCallback
                0x0800bf70       0x14 ./Drivers/STM32F4xx_HAL_Driver/Src/stm32f4xx_hal_tim_ex.o
                0x0800bf70                HAL_TIMEx_CommutCallback
 .text.HAL_TIMEx_BreakCallback
                0x0800bf84       0x14 ./Drivers/STM32F4xx_HAL_Driver/Src/stm32f4xx_hal_tim_ex.o
                0x0800bf84                HAL_TIMEx_BreakCallback
 .text.HAL_UART_Init
                0x0800bf98       0x9a ./Drivers/STM32F4xx_HAL_Driver/Src/stm32f4xx_hal_uart.o
                0x0800bf98                HAL_UART_Init
 *fill*         0x0800c032        0x2 
 .text.HAL_UART_Transmit_DMA
                0x0800c034       0xfc ./Drivers/STM32F4xx_HAL_Driver/Src/stm32f4xx_hal_uart.o
                0x0800c034                HAL_UART_Transmit_DMA
 .text.HAL_UART_IRQHandler
                0x0800c130      0x51c ./Drivers/STM32F4xx_HAL_Driver/Src/stm32f4xx_hal_uart.o
                0x0800c130                HAL_UART_IRQHandler
 .text.HAL_UART_TxHalfCpltCallback
                0x0800c64c       0x14 ./Drivers/STM32F4xx_HAL_Driver/Src/stm32f4xx_hal_uart.o
                0x0800c64c                HAL_UART_TxHalfCpltCallback
 .text.HAL_UART_ErrorCallback
                0x0800c660       0x14 ./Drivers/STM32F4xx_HAL_Driver/Src/stm32f4xx_hal_uart.o
                0x0800c660                HAL_UART_ErrorCallback
 .text.HAL_UARTEx_RxEventCallback
                0x0800c674       0x18 ./Drivers/STM32F4xx_HAL_Driver/Src/stm32f4xx_hal_uart.o
                0x0800c674                HAL_UARTEx_RxEventCallback
 .text.UART_DMATransmitCplt
                0x0800c68c       0x9a ./Drivers/STM32F4xx_HAL_Driver/Src/stm32f4xx_hal_uart.o
 .text.UART_DMATxHalfCplt
                0x0800c726       0x1c ./Drivers/STM32F4xx_HAL_Driver/Src/stm32f4xx_hal_uart.o
 .text.UART_DMAError
                0x0800c742       0x94 ./Drivers/STM32F4xx_HAL_Driver/Src/stm32f4xx_hal_uart.o
 .text.UART_EndTxTransfer
                0x0800c7d6       0x50 ./Drivers/STM32F4xx_HAL_Driver/Src/stm32f4xx_hal_uart.o
 .text.UART_EndRxTransfer
                0x0800c826       0xc6 ./Drivers/STM32F4xx_HAL_Driver/Src/stm32f4xx_hal_uart.o
 .text.UART_DMAAbortOnError
                0x0800c8ec       0x28 ./Drivers/STM32F4xx_HAL_Driver/Src/stm32f4xx_hal_uart.o
 .text.UART_Transmit_IT
                0x0800c914       0xa0 ./Drivers/STM32F4xx_HAL_Driver/Src/stm32f4xx_hal_uart.o
 .text.UART_EndTransmit_IT
                0x0800c9b4       0x30 ./Drivers/STM32F4xx_HAL_Driver/Src/stm32f4xx_hal_uart.o
 .text.UART_Receive_IT
                0x0800c9e4      0x176 ./Drivers/STM32F4xx_HAL_Driver/Src/stm32f4xx_hal_uart.o
 *fill*         0x0800cb5a        0x2 
 .text.UART_SetConfig
                0x0800cb5c      0x4e8 ./Drivers/STM32F4xx_HAL_Driver/Src/stm32f4xx_hal_uart.o
 .text.MX_FATFS_Init
                0x0800d044       0x24 ./FATFS/App/fatfs.o
                0x0800d044                MX_FATFS_Init
 .text.get_fattime
                0x0800d068       0x10 ./FATFS/App/fatfs.o
                0x0800d068                get_fattime
 .text.USER_initialize
                0x0800d078       0x1c ./FATFS/Target/user_diskio.o
                0x0800d078                USER_initialize
 .text.USER_status
                0x0800d094       0x1c ./FATFS/Target/user_diskio.o
                0x0800d094                USER_status
 .text.USER_read
                0x0800d0b0       0x26 ./FATFS/Target/user_diskio.o
                0x0800d0b0                USER_read
 .text.USER_write
                0x0800d0d6       0x26 ./FATFS/Target/user_diskio.o
                0x0800d0d6                USER_write
 .text.USER_ioctl
                0x0800d0fc       0x26 ./FATFS/Target/user_diskio.o
                0x0800d0fc                USER_ioctl
 *fill*         0x0800d122        0x2 
 .text.disk_status
                0x0800d124       0x34 ./Middlewares/Third_Party/FatFs/src/diskio.o
                0x0800d124                disk_status
 .text.disk_initialize
                0x0800d158       0x4c ./Middlewares/Third_Party/FatFs/src/diskio.o
                0x0800d158                disk_initialize
 .text.disk_read
                0x0800d1a4       0x40 ./Middlewares/Third_Party/FatFs/src/diskio.o
                0x0800d1a4                disk_read
 .text.disk_write
                0x0800d1e4       0x40 ./Middlewares/Third_Party/FatFs/src/diskio.o
                0x0800d1e4                disk_write
 .text.disk_ioctl
                0x0800d224       0x3c ./Middlewares/Third_Party/FatFs/src/diskio.o
                0x0800d224                disk_ioctl
 .text.ld_word  0x0800d260       0x30 ./Middlewares/Third_Party/FatFs/src/ff.o
 .text.ld_dword
                0x0800d290       0x46 ./Middlewares/Third_Party/FatFs/src/ff.o
 .text.st_word  0x0800d2d6       0x36 ./Middlewares/Third_Party/FatFs/src/ff.o
 .text.st_dword
                0x0800d30c       0x58 ./Middlewares/Third_Party/FatFs/src/ff.o
 .text.mem_cpy  0x0800d364       0x42 ./Middlewares/Third_Party/FatFs/src/ff.o
 .text.mem_set  0x0800d3a6       0x36 ./Middlewares/Third_Party/FatFs/src/ff.o
 .text.mem_cmp  0x0800d3dc       0x4e ./Middlewares/Third_Party/FatFs/src/ff.o
 .text.chk_chr  0x0800d42a       0x36 ./Middlewares/Third_Party/FatFs/src/ff.o
 .text.lock_fs  0x0800d460       0x2c ./Middlewares/Third_Party/FatFs/src/ff.o
 .text.unlock_fs
                0x0800d48c       0x36 ./Middlewares/Third_Party/FatFs/src/ff.o
 *fill*         0x0800d4c2        0x2 
 .text.chk_lock
                0x0800d4c4       0xb8 ./Middlewares/Third_Party/FatFs/src/ff.o
 .text.enq_lock
                0x0800d57c       0x44 ./Middlewares/Third_Party/FatFs/src/ff.o
 .text.inc_lock
                0x0800d5c0      0x11c ./Middlewares/Third_Party/FatFs/src/ff.o
 .text.dec_lock
                0x0800d6dc       0x78 ./Middlewares/Third_Party/FatFs/src/ff.o
 .text.clear_lock
                0x0800d754       0x48 ./Middlewares/Third_Party/FatFs/src/ff.o
 .text.sync_window
                0x0800d79c       0x88 ./Middlewares/Third_Party/FatFs/src/ff.o
 .text.move_window
                0x0800d824       0x5a ./Middlewares/Third_Party/FatFs/src/ff.o
 *fill*         0x0800d87e        0x2 
 .text.sync_fs  0x0800d880       0xe0 ./Middlewares/Third_Party/FatFs/src/ff.o
 .text.clust2sect
                0x0800d960       0x3e ./Middlewares/Third_Party/FatFs/src/ff.o
 .text.get_fat  0x0800d99e      0x1a6 ./Middlewares/Third_Party/FatFs/src/ff.o
 .text.put_fat  0x0800db44      0x234 ./Middlewares/Third_Party/FatFs/src/ff.o
 .text.remove_chain
                0x0800dd78       0xca ./Middlewares/Third_Party/FatFs/src/ff.o
 .text.create_chain
                0x0800de42      0x130 ./Middlewares/Third_Party/FatFs/src/ff.o
 .text.clmt_clust
                0x0800df72       0x70 ./Middlewares/Third_Party/FatFs/src/ff.o
 .text.dir_sdi  0x0800dfe2      0x112 ./Middlewares/Third_Party/FatFs/src/ff.o
 .text.dir_next
                0x0800e0f4      0x1ac ./Middlewares/Third_Party/FatFs/src/ff.o
 .text.dir_alloc
                0x0800e2a0       0x8e ./Middlewares/Third_Party/FatFs/src/ff.o
 .text.ld_clust
                0x0800e32e       0x3e ./Middlewares/Third_Party/FatFs/src/ff.o
 .text.st_clust
                0x0800e36c       0x40 ./Middlewares/Third_Party/FatFs/src/ff.o
 .text.cmp_lfn  0x0800e3ac       0xe0 ./Middlewares/Third_Party/FatFs/src/ff.o
 .text.put_lfn  0x0800e48c       0xd0 ./Middlewares/Third_Party/FatFs/src/ff.o
 .text.gen_numname
                0x0800e55c      0x11c ./Middlewares/Third_Party/FatFs/src/ff.o
 .text.sum_sfn  0x0800e678       0x42 ./Middlewares/Third_Party/FatFs/src/ff.o
 .text.dir_find
                0x0800e6ba      0x180 ./Middlewares/Third_Party/FatFs/src/ff.o
 *fill*         0x0800e83a        0x2 
 .text.dir_register
                0x0800e83c      0x1f0 ./Middlewares/Third_Party/FatFs/src/ff.o
 .text.create_name
                0x0800ea2c      0x370 ./Middlewares/Third_Party/FatFs/src/ff.o
 .text.follow_path
                0x0800ed9c       0xec ./Middlewares/Third_Party/FatFs/src/ff.o
 .text.get_ldnumber
                0x0800ee88       0x88 ./Middlewares/Third_Party/FatFs/src/ff.o
 .text.check_fs
                0x0800ef10       0xac ./Middlewares/Third_Party/FatFs/src/ff.o
 .text.find_volume
                0x0800efbc      0x510 ./Middlewares/Third_Party/FatFs/src/ff.o
 .text.validate
                0x0800f4cc       0x8e ./Middlewares/Third_Party/FatFs/src/ff.o
 *fill*         0x0800f55a        0x2 
 .text.f_mount  0x0800f55c       0xc8 ./Middlewares/Third_Party/FatFs/src/ff.o
                0x0800f55c                f_mount
 .text.f_open   0x0800f624      0x598 ./Middlewares/Third_Party/FatFs/src/ff.o
                0x0800f624                f_open
 .text.f_write  0x0800fbbc      0x386 ./Middlewares/Third_Party/FatFs/src/ff.o
                0x0800fbbc                f_write
 .text.f_sync   0x0800ff42      0x112 ./Middlewares/Third_Party/FatFs/src/ff.o
                0x0800ff42                f_sync
 .text.f_close  0x08010054       0x5e ./Middlewares/Third_Party/FatFs/src/ff.o
                0x08010054                f_close
 .text.f_getfree
                0x080100b2      0x178 ./Middlewares/Third_Party/FatFs/src/ff.o
                0x080100b2                f_getfree
 .text.putc_bfd
                0x0801022a       0x7a ./Middlewares/Third_Party/FatFs/src/ff.o
 .text.putc_flush
                0x080102a4       0x4a ./Middlewares/Third_Party/FatFs/src/ff.o
 .text.putc_init
                0x080102ee       0x2a ./Middlewares/Third_Party/FatFs/src/ff.o
 .text.f_puts   0x08010318       0x48 ./Middlewares/Third_Party/FatFs/src/ff.o
                0x08010318                f_puts
 .text.FATFS_LinkDriverEx
                0x08010360       0x98 ./Middlewares/Third_Party/FatFs/src/ff_gen_drv.o
                0x08010360                FATFS_LinkDriverEx
 .text.FATFS_LinkDriver
                0x080103f8       0x1e ./Middlewares/Third_Party/FatFs/src/ff_gen_drv.o
                0x080103f8                FATFS_LinkDriver
 *fill*         0x08010416        0x2 
 .text.ff_convert
                0x08010418       0x78 ./Middlewares/Third_Party/FatFs/src/option/ccsbcs.o
                0x08010418                ff_convert
 .text.ff_wtoupper
                0x08010490      0x114 ./Middlewares/Third_Party/FatFs/src/option/ccsbcs.o
                0x08010490                ff_wtoupper
 .text.ff_cre_syncobj
                0x080105a4       0x40 ./Middlewares/Third_Party/FatFs/src/option/syscall.o
                0x080105a4                ff_cre_syncobj
 .text.ff_del_syncobj
                0x080105e4       0x18 ./Middlewares/Third_Party/FatFs/src/option/syscall.o
                0x080105e4                ff_del_syncobj
 .text.ff_req_grant
                0x080105fc       0x2a ./Middlewares/Third_Party/FatFs/src/option/syscall.o
                0x080105fc                ff_req_grant
 .text.ff_rel_grant
                0x08010626       0x16 ./Middlewares/Third_Party/FatFs/src/option/syscall.o
                0x08010626                ff_rel_grant
 .text.makeFreeRtosPriority
                0x0801063c       0x30 ./Middlewares/Third_Party/FreeRTOS/Source/CMSIS_RTOS/cmsis_os.o
 .text.inHandlerMode
                0x0801066c       0x24 ./Middlewares/Third_Party/FreeRTOS/Source/CMSIS_RTOS/cmsis_os.o
 .text.osKernelStart
                0x08010690        0xe ./Middlewares/Third_Party/FreeRTOS/Source/CMSIS_RTOS/cmsis_os.o
                0x08010690                osKernelStart
 .text.osThreadCreate
                0x0801069e       0x98 ./Middlewares/Third_Party/FreeRTOS/Source/CMSIS_RTOS/cmsis_os.o
                0x0801069e                osThreadCreate
 .text.osDelay  0x08010736       0x28 ./Middlewares/Third_Party/FreeRTOS/Source/CMSIS_RTOS/cmsis_os.o
                0x08010736                osDelay
 .text.osSemaphoreCreate
                0x0801075e       0x64 ./Middlewares/Third_Party/FreeRTOS/Source/CMSIS_RTOS/cmsis_os.o
                0x0801075e                osSemaphoreCreate
 *fill*         0x080107c2        0x2 
 .text.osSemaphoreWait
                0x080107c4       0x9c ./Middlewares/Third_Party/FreeRTOS/Source/CMSIS_RTOS/cmsis_os.o
                0x080107c4                osSemaphoreWait
 .text.osSemaphoreRelease
                0x08010860       0x6c ./Middlewares/Third_Party/FreeRTOS/Source/CMSIS_RTOS/cmsis_os.o
                0x08010860                osSemaphoreRelease
 .text.osSemaphoreDelete
                0x080108cc       0x26 ./Middlewares/Third_Party/FreeRTOS/Source/CMSIS_RTOS/cmsis_os.o
                0x080108cc                osSemaphoreDelete
 .text.vListInitialise
                0x080108f2       0x40 ./Middlewares/Third_Party/FreeRTOS/Source/list.o
                0x080108f2                vListInitialise
 .text.vListInitialiseItem
                0x08010932       0x1a ./Middlewares/Third_Party/FreeRTOS/Source/list.o
                0x08010932                vListInitialiseItem
 .text.vListInsertEnd
                0x0801094c       0x48 ./Middlewares/Third_Party/FreeRTOS/Source/list.o
                0x0801094c                vListInsertEnd
 .text.vListInsert
                0x08010994       0x72 ./Middlewares/Third_Party/FreeRTOS/Source/list.o
                0x08010994                vListInsert
 .text.uxListRemove
                0x08010a06       0x54 ./Middlewares/Third_Party/FreeRTOS/Source/list.o
                0x08010a06                uxListRemove
 *fill*         0x08010a5a        0x2 
 .text.xQueueGenericReset
                0x08010a5c       0xd4 ./Middlewares/Third_Party/FreeRTOS/Source/queue.o
                0x08010a5c                xQueueGenericReset
 .text.xQueueGenericCreateStatic
                0x08010b30       0xfa ./Middlewares/Third_Party/FreeRTOS/Source/queue.o
                0x08010b30                xQueueGenericCreateStatic
 .text.xQueueGenericCreate
                0x08010c2a       0x76 ./Middlewares/Third_Party/FreeRTOS/Source/queue.o
                0x08010c2a                xQueueGenericCreate
 .text.prvInitialiseNewQueue
                0x08010ca0       0x3e ./Middlewares/Third_Party/FreeRTOS/Source/queue.o
 *fill*         0x08010cde        0x2 
 .text.xQueueGenericSend
                0x08010ce0      0x204 ./Middlewares/Third_Party/FreeRTOS/Source/queue.o
                0x08010ce0                xQueueGenericSend
 .text.xQueueGiveFromISR
                0x08010ee4      0x120 ./Middlewares/Third_Party/FreeRTOS/Source/queue.o
                0x08010ee4                xQueueGiveFromISR
 .text.xQueueSemaphoreTake
                0x08011004      0x220 ./Middlewares/Third_Party/FreeRTOS/Source/queue.o
                0x08011004                xQueueSemaphoreTake
 .text.xQueueReceiveFromISR
                0x08011224      0x104 ./Middlewares/Third_Party/FreeRTOS/Source/queue.o
                0x08011224                xQueueReceiveFromISR
 .text.vQueueDelete
                0x08011328       0x48 ./Middlewares/Third_Party/FreeRTOS/Source/queue.o
                0x08011328                vQueueDelete
 .text.prvGetDisinheritPriorityAfterTimeout
                0x08011370       0x30 ./Middlewares/Third_Party/FreeRTOS/Source/queue.o
 .text.prvCopyDataToQueue
                0x080113a0       0xd4 ./Middlewares/Third_Party/FreeRTOS/Source/queue.o
 .text.prvCopyDataFromQueue
                0x08011474       0x4c ./Middlewares/Third_Party/FreeRTOS/Source/queue.o
 .text.prvUnlockQueue
                0x080114c0       0xa4 ./Middlewares/Third_Party/FreeRTOS/Source/queue.o
 .text.prvIsQueueEmpty
                0x08011564       0x2c ./Middlewares/Third_Party/FreeRTOS/Source/queue.o
 .text.prvIsQueueFull
                0x08011590       0x30 ./Middlewares/Third_Party/FreeRTOS/Source/queue.o
 .text.vQueueUnregisterQueue
                0x080115c0       0x54 ./Middlewares/Third_Party/FreeRTOS/Source/queue.o
                0x080115c0                vQueueUnregisterQueue
 .text.xTaskCreateStatic
                0x08011614       0xc0 ./Middlewares/Third_Party/FreeRTOS/Source/tasks.o
                0x08011614                xTaskCreateStatic
 .text.xTaskCreate
                0x080116d4       0x8a ./Middlewares/Third_Party/FreeRTOS/Source/tasks.o
                0x080116d4                xTaskCreate
 *fill*         0x0801175e        0x2 
 .text.prvInitialiseNewTask
                0x08011760      0x140 ./Middlewares/Third_Party/FreeRTOS/Source/tasks.o
 .text.prvAddNewTaskToReadyList
                0x080118a0       0xd4 ./Middlewares/Third_Party/FreeRTOS/Source/tasks.o
 .text.vTaskDelay
                0x08011974       0x6c ./Middlewares/Third_Party/FreeRTOS/Source/tasks.o
                0x08011974                vTaskDelay
 .text.vTaskStartScheduler
                0x080119e0       0xd4 ./Middlewares/Third_Party/FreeRTOS/Source/tasks.o
                0x080119e0                vTaskStartScheduler
 .text.vTaskSuspendAll
                0x08011ab4       0x1c ./Middlewares/Third_Party/FreeRTOS/Source/tasks.o
                0x08011ab4                vTaskSuspendAll
 .text.xTaskResumeAll
                0x08011ad0      0x13c ./Middlewares/Third_Party/FreeRTOS/Source/tasks.o
                0x08011ad0                xTaskResumeAll
 .text.xTaskIncrementTick
                0x08011c0c      0x174 ./Middlewares/Third_Party/FreeRTOS/Source/tasks.o
                0x08011c0c                xTaskIncrementTick
 .text.vTaskSwitchContext
                0x08011d80       0xc8 ./Middlewares/Third_Party/FreeRTOS/Source/tasks.o
                0x08011d80                vTaskSwitchContext
 .text.vTaskPlaceOnEventList
                0x08011e48       0x4c ./Middlewares/Third_Party/FreeRTOS/Source/tasks.o
                0x08011e48                vTaskPlaceOnEventList
 .text.xTaskRemoveFromEventList
                0x08011e94       0xc8 ./Middlewares/Third_Party/FreeRTOS/Source/tasks.o
                0x08011e94                xTaskRemoveFromEventList
 .text.vTaskInternalSetTimeOutState
                0x08011f5c       0x2c ./Middlewares/Third_Party/FreeRTOS/Source/tasks.o
                0x08011f5c                vTaskInternalSetTimeOutState
 .text.xTaskCheckForTimeOut
                0x08011f88       0xc8 ./Middlewares/Third_Party/FreeRTOS/Source/tasks.o
                0x08011f88                xTaskCheckForTimeOut
 .text.vTaskMissedYield
                0x08012050       0x18 ./Middlewares/Third_Party/FreeRTOS/Source/tasks.o
                0x08012050                vTaskMissedYield
 .text.prvIdleTask
                0x08012068       0x30 ./Middlewares/Third_Party/FreeRTOS/Source/tasks.o
 .text.prvInitialiseTaskLists
                0x08012098       0x80 ./Middlewares/Third_Party/FreeRTOS/Source/tasks.o
 .text.prvCheckTasksWaitingTermination
                0x08012118       0x5c ./Middlewares/Third_Party/FreeRTOS/Source/tasks.o
 .text.prvDeleteTCB
                0x08012174       0x6a ./Middlewares/Third_Party/FreeRTOS/Source/tasks.o
 *fill*         0x080121de        0x2 
 .text.prvResetNextTaskUnblockTime
                0x080121e0       0x40 ./Middlewares/Third_Party/FreeRTOS/Source/tasks.o
 .text.xTaskGetSchedulerState
                0x08012220       0x3c ./Middlewares/Third_Party/FreeRTOS/Source/tasks.o
                0x08012220                xTaskGetSchedulerState
 .text.xTaskPriorityInherit
                0x0801225c       0xec ./Middlewares/Third_Party/FreeRTOS/Source/tasks.o
                0x0801225c                xTaskPriorityInherit
 .text.xTaskPriorityDisinherit
                0x08012348      0x110 ./Middlewares/Third_Party/FreeRTOS/Source/tasks.o
                0x08012348                xTaskPriorityDisinherit
 .text.vTaskPriorityDisinheritAfterTimeout
                0x08012458      0x120 ./Middlewares/Third_Party/FreeRTOS/Source/tasks.o
                0x08012458                vTaskPriorityDisinheritAfterTimeout
 .text.pvTaskIncrementMutexHeldCount
                0x08012578       0x28 ./Middlewares/Third_Party/FreeRTOS/Source/tasks.o
                0x08012578                pvTaskIncrementMutexHeldCount
 .text.prvAddCurrentTaskToDelayedList
                0x080125a0       0xcc ./Middlewares/Third_Party/FreeRTOS/Source/tasks.o
 .text.pxPortInitialiseStack
                0x0801266c       0x68 ./Middlewares/Third_Party/FreeRTOS/Source/portable/GCC/ARM_CM4F/port.o
                0x0801266c                pxPortInitialiseStack
 .text.prvTaskExitError
                0x080126d4       0x5c ./Middlewares/Third_Party/FreeRTOS/Source/portable/GCC/ARM_CM4F/port.o
 .text.SVC_Handler
                0x08012730       0x28 ./Middlewares/Third_Party/FreeRTOS/Source/portable/GCC/ARM_CM4F/port.o
                0x08012730                SVC_Handler
 .text.prvPortStartFirstTask
                0x08012758       0x28 ./Middlewares/Third_Party/FreeRTOS/Source/portable/GCC/ARM_CM4F/port.o
 .text.xPortStartScheduler
                0x08012780      0x148 ./Middlewares/Third_Party/FreeRTOS/Source/portable/GCC/ARM_CM4F/port.o
                0x08012780                xPortStartScheduler
 .text.vPortEnterCritical
                0x080128c8       0x64 ./Middlewares/Third_Party/FreeRTOS/Source/portable/GCC/ARM_CM4F/port.o
                0x080128c8                vPortEnterCritical
 .text.vPortExitCritical
                0x0801292c       0x54 ./Middlewares/Third_Party/FreeRTOS/Source/portable/GCC/ARM_CM4F/port.o
                0x0801292c                vPortExitCritical
 .text.PendSV_Handler
                0x08012980       0x68 ./Middlewares/Third_Party/FreeRTOS/Source/portable/GCC/ARM_CM4F/port.o
                0x08012980                PendSV_Handler
 .text.SysTick_Handler
                0x080129e8       0x44 ./Middlewares/Third_Party/FreeRTOS/Source/portable/GCC/ARM_CM4F/port.o
                0x080129e8                SysTick_Handler
 .text.vPortSetupTimerInterrupt
                0x08012a2c       0x48 ./Middlewares/Third_Party/FreeRTOS/Source/portable/GCC/ARM_CM4F/port.o
                0x08012a2c                vPortSetupTimerInterrupt
 .text.vPortEnableVFP
                0x08012a74       0x14 ./Middlewares/Third_Party/FreeRTOS/Source/portable/GCC/ARM_CM4F/port.o
 .text.vPortValidateInterruptPriority
                0x08012a88       0x84 ./Middlewares/Third_Party/FreeRTOS/Source/portable/GCC/ARM_CM4F/port.o
                0x08012a88                vPortValidateInterruptPriority
 .text.pvPortMalloc
                0x08012b0c      0x19c ./Middlewares/Third_Party/FreeRTOS/Source/portable/MemMang/heap_4.o
                0x08012b0c                pvPortMalloc
 .text.vPortFree
                0x08012ca8       0xc8 ./Middlewares/Third_Party/FreeRTOS/Source/portable/MemMang/heap_4.o
                0x08012ca8                vPortFree
 .text.prvHeapInit
                0x08012d70       0xc4 ./Middlewares/Third_Party/FreeRTOS/Source/portable/MemMang/heap_4.o
 .text.prvInsertBlockIntoFreeList
                0x08012e34       0xb4 ./Middlewares/Third_Party/FreeRTOS/Source/portable/MemMang/heap_4.o
 .text.__cvt    0x08012ee8       0xca C:/ST/STM32CubeIDE_1.13.1/STM32CubeIDE/plugins/com.st.stm32cube.ide.mcu.externaltools.gnu-tools-for-stm32.12.3.rel1.win32_1.0.100.202403111256/tools/bin/../lib/gcc/arm-none-eabi/12.3.1/../../../../arm-none-eabi/lib/thumb/v7e-m+fp/hard\libc_nano.a(libc_a-nano-vfprintf_float.o)
                0x08012ee8                __cvt
 .text.__exponent
                0x08012fb2       0x74 C:/ST/STM32CubeIDE_1.13.1/STM32CubeIDE/plugins/com.st.stm32cube.ide.mcu.externaltools.gnu-tools-for-stm32.12.3.rel1.win32_1.0.100.202403111256/tools/bin/../lib/gcc/arm-none-eabi/12.3.1/../../../../arm-none-eabi/lib/thumb/v7e-m+fp/hard\libc_nano.a(libc_a-nano-vfprintf_float.o)
                0x08012fb2                __exponent
 *fill*         0x08013026        0x2 
 .text._printf_float
                0x08013028      0x454 C:/ST/STM32CubeIDE_1.13.1/STM32CubeIDE/plugins/com.st.stm32cube.ide.mcu.externaltools.gnu-tools-for-stm32.12.3.rel1.win32_1.0.100.202403111256/tools/bin/../lib/gcc/arm-none-eabi/12.3.1/../../../../arm-none-eabi/lib/thumb/v7e-m+fp/hard\libc_nano.a(libc_a-nano-vfprintf_float.o)
                0x08013028                _printf_float
 .text._printf_common
                0x0801347c       0xda C:/ST/STM32CubeIDE_1.13.1/STM32CubeIDE/plugins/com.st.stm32cube.ide.mcu.externaltools.gnu-tools-for-stm32.12.3.rel1.win32_1.0.100.202403111256/tools/bin/../lib/gcc/arm-none-eabi/12.3.1/../../../../arm-none-eabi/lib/thumb/v7e-m+fp/hard\libc_nano.a(libc_a-nano-vfprintf_i.o)
                0x0801347c                _printf_common
 *fill*         0x08013556        0x2 
 .text._printf_i
                0x08013558      0x240 C:/ST/STM32CubeIDE_1.13.1/STM32CubeIDE/plugins/com.st.stm32cube.ide.mcu.externaltools.gnu-tools-for-stm32.12.3.rel1.win32_1.0.100.202403111256/tools/bin/../lib/gcc/arm-none-eabi/12.3.1/../../../../arm-none-eabi/lib/thumb/v7e-m+fp/hard\libc_nano.a(libc_a-nano-vfprintf_i.o)
                0x08013558                _printf_i
 .text.std      0x08013798       0x6c C:/ST/STM32CubeIDE_1.13.1/STM32CubeIDE/plugins/com.st.stm32cube.ide.mcu.externaltools.gnu-tools-for-stm32.12.3.rel1.win32_1.0.100.202403111256/tools/bin/../lib/gcc/arm-none-eabi/12.3.1/../../../../arm-none-eabi/lib/thumb/v7e-m+fp/hard\libc_nano.a(libc_a-findfp.o)
 .text.stdio_exit_handler
                0x08013804       0x18 C:/ST/STM32CubeIDE_1.13.1/STM32CubeIDE/plugins/com.st.stm32cube.ide.mcu.externaltools.gnu-tools-for-stm32.12.3.rel1.win32_1.0.100.202403111256/tools/bin/../lib/gcc/arm-none-eabi/12.3.1/../../../../arm-none-eabi/lib/thumb/v7e-m+fp/hard\libc_nano.a(libc_a-findfp.o)
 .text.cleanup_stdio
                0x0801381c       0x40 C:/ST/STM32CubeIDE_1.13.1/STM32CubeIDE/plugins/com.st.stm32cube.ide.mcu.externaltools.gnu-tools-for-stm32.12.3.rel1.win32_1.0.100.202403111256/tools/bin/../lib/gcc/arm-none-eabi/12.3.1/../../../../arm-none-eabi/lib/thumb/v7e-m+fp/hard\libc_nano.a(libc_a-findfp.o)
 .text.global_stdio_init.part.0
                0x0801385c       0x3c C:/ST/STM32CubeIDE_1.13.1/STM32CubeIDE/plugins/com.st.stm32cube.ide.mcu.externaltools.gnu-tools-for-stm32.12.3.rel1.win32_1.0.100.202403111256/tools/bin/../lib/gcc/arm-none-eabi/12.3.1/../../../../arm-none-eabi/lib/thumb/v7e-m+fp/hard\libc_nano.a(libc_a-findfp.o)
 .text.__sfp_lock_acquire
                0x08013898        0xc C:/ST/STM32CubeIDE_1.13.1/STM32CubeIDE/plugins/com.st.stm32cube.ide.mcu.externaltools.gnu-tools-for-stm32.12.3.rel1.win32_1.0.100.202403111256/tools/bin/../lib/gcc/arm-none-eabi/12.3.1/../../../../arm-none-eabi/lib/thumb/v7e-m+fp/hard\libc_nano.a(libc_a-findfp.o)
                0x08013898                __sfp_lock_acquire
 .text.__sfp_lock_release
                0x080138a4        0xc C:/ST/STM32CubeIDE_1.13.1/STM32CubeIDE/plugins/com.st.stm32cube.ide.mcu.externaltools.gnu-tools-for-stm32.12.3.rel1.win32_1.0.100.202403111256/tools/bin/../lib/gcc/arm-none-eabi/12.3.1/../../../../arm-none-eabi/lib/thumb/v7e-m+fp/hard\libc_nano.a(libc_a-findfp.o)
                0x080138a4                __sfp_lock_release
 .text.__sinit  0x080138b0       0x30 C:/ST/STM32CubeIDE_1.13.1/STM32CubeIDE/plugins/com.st.stm32cube.ide.mcu.externaltools.gnu-tools-for-stm32.12.3.rel1.win32_1.0.100.202403111256/tools/bin/../lib/gcc/arm-none-eabi/12.3.1/../../../../arm-none-eabi/lib/thumb/v7e-m+fp/hard\libc_nano.a(libc_a-findfp.o)
                0x080138b0                __sinit
 .text._fwalk_sglue
                0x080138e0       0x3c C:/ST/STM32CubeIDE_1.13.1/STM32CubeIDE/plugins/com.st.stm32cube.ide.mcu.externaltools.gnu-tools-for-stm32.12.3.rel1.win32_1.0.100.202403111256/tools/bin/../lib/gcc/arm-none-eabi/12.3.1/../../../../arm-none-eabi/lib/thumb/v7e-m+fp/hard\libc_nano.a(libc_a-fwalk.o)
                0x080138e0                _fwalk_sglue
 .text.printf   0x0801391c       0x24 C:/ST/STM32CubeIDE_1.13.1/STM32CubeIDE/plugins/com.st.stm32cube.ide.mcu.externaltools.gnu-tools-for-stm32.12.3.rel1.win32_1.0.100.202403111256/tools/bin/../lib/gcc/arm-none-eabi/12.3.1/../../../../arm-none-eabi/lib/thumb/v7e-m+fp/hard\libc_nano.a(libc_a-printf.o)
                0x0801391c                iprintf
                0x0801391c                printf
 .text.sprintf  0x08013940       0x40 C:/ST/STM32CubeIDE_1.13.1/STM32CubeIDE/plugins/com.st.stm32cube.ide.mcu.externaltools.gnu-tools-for-stm32.12.3.rel1.win32_1.0.100.202403111256/tools/bin/../lib/gcc/arm-none-eabi/12.3.1/../../../../arm-none-eabi/lib/thumb/v7e-m+fp/hard\libc_nano.a(libc_a-sprintf.o)
                0x08013940                siprintf
                0x08013940                sprintf
 .text.__sread  0x08013980       0x22 C:/ST/STM32CubeIDE_1.13.1/STM32CubeIDE/plugins/com.st.stm32cube.ide.mcu.externaltools.gnu-tools-for-stm32.12.3.rel1.win32_1.0.100.202403111256/tools/bin/../lib/gcc/arm-none-eabi/12.3.1/../../../../arm-none-eabi/lib/thumb/v7e-m+fp/hard\libc_nano.a(libc_a-stdio.o)
                0x08013980                __sread
 .text.__swrite
                0x080139a2       0x38 C:/ST/STM32CubeIDE_1.13.1/STM32CubeIDE/plugins/com.st.stm32cube.ide.mcu.externaltools.gnu-tools-for-stm32.12.3.rel1.win32_1.0.100.202403111256/tools/bin/../lib/gcc/arm-none-eabi/12.3.1/../../../../arm-none-eabi/lib/thumb/v7e-m+fp/hard\libc_nano.a(libc_a-stdio.o)
                0x080139a2                __swrite
 .text.__sseek  0x080139da       0x24 C:/ST/STM32CubeIDE_1.13.1/STM32CubeIDE/plugins/com.st.stm32cube.ide.mcu.externaltools.gnu-tools-for-stm32.12.3.rel1.win32_1.0.100.202403111256/tools/bin/../lib/gcc/arm-none-eabi/12.3.1/../../../../arm-none-eabi/lib/thumb/v7e-m+fp/hard\libc_nano.a(libc_a-stdio.o)
                0x080139da                __sseek
 .text.__sclose
                0x080139fe        0x8 C:/ST/STM32CubeIDE_1.13.1/STM32CubeIDE/plugins/com.st.stm32cube.ide.mcu.externaltools.gnu-tools-for-stm32.12.3.rel1.win32_1.0.100.202403111256/tools/bin/../lib/gcc/arm-none-eabi/12.3.1/../../../../arm-none-eabi/lib/thumb/v7e-m+fp/hard\libc_nano.a(libc_a-stdio.o)
                0x080139fe                __sclose
 .text.memset   0x08013a06       0x10 C:/ST/STM32CubeIDE_1.13.1/STM32CubeIDE/plugins/com.st.stm32cube.ide.mcu.externaltools.gnu-tools-for-stm32.12.3.rel1.win32_1.0.100.202403111256/tools/bin/../lib/gcc/arm-none-eabi/12.3.1/../../../../arm-none-eabi/lib/thumb/v7e-m+fp/hard\libc_nano.a(libc_a-memset.o)
                0x08013a06                memset
 *fill*         0x08013a16        0x2 
 .text._localeconv_r
                0x08013a18        0x8 C:/ST/STM32CubeIDE_1.13.1/STM32CubeIDE/plugins/com.st.stm32cube.ide.mcu.externaltools.gnu-tools-for-stm32.12.3.rel1.win32_1.0.100.202403111256/tools/bin/../lib/gcc/arm-none-eabi/12.3.1/../../../../arm-none-eabi/lib/thumb/v7e-m+fp/hard\libc_nano.a(libc_a-localeconv.o)
                0x08013a18                _localeconv_r
 .text._close_r
                0x08013a20       0x20 C:/ST/STM32CubeIDE_1.13.1/STM32CubeIDE/plugins/com.st.stm32cube.ide.mcu.externaltools.gnu-tools-for-stm32.12.3.rel1.win32_1.0.100.202403111256/tools/bin/../lib/gcc/arm-none-eabi/12.3.1/../../../../arm-none-eabi/lib/thumb/v7e-m+fp/hard\libc_nano.a(libc_a-closer.o)
                0x08013a20                _close_r
 .text._reclaim_reent
                0x08013a40       0xac C:/ST/STM32CubeIDE_1.13.1/STM32CubeIDE/plugins/com.st.stm32cube.ide.mcu.externaltools.gnu-tools-for-stm32.12.3.rel1.win32_1.0.100.202403111256/tools/bin/../lib/gcc/arm-none-eabi/12.3.1/../../../../arm-none-eabi/lib/thumb/v7e-m+fp/hard\libc_nano.a(libc_a-reent.o)
                0x08013a40                _reclaim_reent
 .text._lseek_r
                0x08013aec       0x24 C:/ST/STM32CubeIDE_1.13.1/STM32CubeIDE/plugins/com.st.stm32cube.ide.mcu.externaltools.gnu-tools-for-stm32.12.3.rel1.win32_1.0.100.202403111256/tools/bin/../lib/gcc/arm-none-eabi/12.3.1/../../../../arm-none-eabi/lib/thumb/v7e-m+fp/hard\libc_nano.a(libc_a-lseekr.o)
                0x08013aec                _lseek_r
 .text._read_r  0x08013b10       0x24 C:/ST/STM32CubeIDE_1.13.1/STM32CubeIDE/plugins/com.st.stm32cube.ide.mcu.externaltools.gnu-tools-for-stm32.12.3.rel1.win32_1.0.100.202403111256/tools/bin/../lib/gcc/arm-none-eabi/12.3.1/../../../../arm-none-eabi/lib/thumb/v7e-m+fp/hard\libc_nano.a(libc_a-readr.o)
                0x08013b10                _read_r
 .text._write_r
                0x08013b34       0x24 C:/ST/STM32CubeIDE_1.13.1/STM32CubeIDE/plugins/com.st.stm32cube.ide.mcu.externaltools.gnu-tools-for-stm32.12.3.rel1.win32_1.0.100.202403111256/tools/bin/../lib/gcc/arm-none-eabi/12.3.1/../../../../arm-none-eabi/lib/thumb/v7e-m+fp/hard\libc_nano.a(libc_a-writer.o)
                0x08013b34                _write_r
 .text.__errno  0x08013b58        0xc C:/ST/STM32CubeIDE_1.13.1/STM32CubeIDE/plugins/com.st.stm32cube.ide.mcu.externaltools.gnu-tools-for-stm32.12.3.rel1.win32_1.0.100.202403111256/tools/bin/../lib/gcc/arm-none-eabi/12.3.1/../../../../arm-none-eabi/lib/thumb/v7e-m+fp/hard\libc_nano.a(libc_a-errno.o)
                0x08013b58                __errno
 .text.__libc_init_array
                0x08013b64       0x48 C:/ST/STM32CubeIDE_1.13.1/STM32CubeIDE/plugins/com.st.stm32cube.ide.mcu.externaltools.gnu-tools-for-stm32.12.3.rel1.win32_1.0.100.202403111256/tools/bin/../lib/gcc/arm-none-eabi/12.3.1/../../../../arm-none-eabi/lib/thumb/v7e-m+fp/hard\libc_nano.a(libc_a-init.o)
                0x08013b64                __libc_init_array
 .text.__retarget_lock_init_recursive
                0x08013bac        0x2 C:/ST/STM32CubeIDE_1.13.1/STM32CubeIDE/plugins/com.st.stm32cube.ide.mcu.externaltools.gnu-tools-for-stm32.12.3.rel1.win32_1.0.100.202403111256/tools/bin/../lib/gcc/arm-none-eabi/12.3.1/../../../../arm-none-eabi/lib/thumb/v7e-m+fp/hard\libc_nano.a(libc_a-lock.o)
                0x08013bac                __retarget_lock_init_recursive
 .text.__retarget_lock_acquire_recursive
                0x08013bae        0x2 C:/ST/STM32CubeIDE_1.13.1/STM32CubeIDE/plugins/com.st.stm32cube.ide.mcu.externaltools.gnu-tools-for-stm32.12.3.rel1.win32_1.0.100.202403111256/tools/bin/../lib/gcc/arm-none-eabi/12.3.1/../../../../arm-none-eabi/lib/thumb/v7e-m+fp/hard\libc_nano.a(libc_a-lock.o)
                0x08013bae                __retarget_lock_acquire_recursive
 .text.__retarget_lock_release_recursive
                0x08013bb0        0x2 C:/ST/STM32CubeIDE_1.13.1/STM32CubeIDE/plugins/com.st.stm32cube.ide.mcu.externaltools.gnu-tools-for-stm32.12.3.rel1.win32_1.0.100.202403111256/tools/bin/../lib/gcc/arm-none-eabi/12.3.1/../../../../arm-none-eabi/lib/thumb/v7e-m+fp/hard\libc_nano.a(libc_a-lock.o)
                0x08013bb0                __retarget_lock_release_recursive
 .text.memcpy   0x08013bb2       0x1c C:/ST/STM32CubeIDE_1.13.1/STM32CubeIDE/plugins/com.st.stm32cube.ide.mcu.externaltools.gnu-tools-for-stm32.12.3.rel1.win32_1.0.100.202403111256/tools/bin/../lib/gcc/arm-none-eabi/12.3.1/../../../../arm-none-eabi/lib/thumb/v7e-m+fp/hard\libc_nano.a(libc_a-memcpy-stub.o)
                0x08013bb2                memcpy
 .text.quorem   0x08013bce      0x110 C:/ST/STM32CubeIDE_1.13.1/STM32CubeIDE/plugins/com.st.stm32cube.ide.mcu.externaltools.gnu-tools-for-stm32.12.3.rel1.win32_1.0.100.202403111256/tools/bin/../lib/gcc/arm-none-eabi/12.3.1/../../../../arm-none-eabi/lib/thumb/v7e-m+fp/hard\libc_nano.a(libc_a-dtoa.o)
 *fill*         0x08013cde        0x2 
 .text._dtoa_r  0x08013ce0      0xb88 C:/ST/STM32CubeIDE_1.13.1/STM32CubeIDE/plugins/com.st.stm32cube.ide.mcu.externaltools.gnu-tools-for-stm32.12.3.rel1.win32_1.0.100.202403111256/tools/bin/../lib/gcc/arm-none-eabi/12.3.1/../../../../arm-none-eabi/lib/thumb/v7e-m+fp/hard\libc_nano.a(libc_a-dtoa.o)
                0x08013ce0                _dtoa_r
 .text._free_r  0x08014868       0x94 C:/ST/STM32CubeIDE_1.13.1/STM32CubeIDE/plugins/com.st.stm32cube.ide.mcu.externaltools.gnu-tools-for-stm32.12.3.rel1.win32_1.0.100.202403111256/tools/bin/../lib/gcc/arm-none-eabi/12.3.1/../../../../arm-none-eabi/lib/thumb/v7e-m+fp/hard\libc_nano.a(libc_a-freer.o)
                0x08014868                _free_r
 .text.malloc   0x080148fc       0x10 C:/ST/STM32CubeIDE_1.13.1/STM32CubeIDE/plugins/com.st.stm32cube.ide.mcu.externaltools.gnu-tools-for-stm32.12.3.rel1.win32_1.0.100.202403111256/tools/bin/../lib/gcc/arm-none-eabi/12.3.1/../../../../arm-none-eabi/lib/thumb/v7e-m+fp/hard\libc_nano.a(libc_a-malloc.o)
                0x080148fc                malloc
 .text.sbrk_aligned
                0x0801490c       0x44 C:/ST/STM32CubeIDE_1.13.1/STM32CubeIDE/plugins/com.st.stm32cube.ide.mcu.externaltools.gnu-tools-for-stm32.12.3.rel1.win32_1.0.100.202403111256/tools/bin/../lib/gcc/arm-none-eabi/12.3.1/../../../../arm-none-eabi/lib/thumb/v7e-m+fp/hard\libc_nano.a(libc_a-mallocr.o)
 .text._malloc_r
                0x08014950      0x100 C:/ST/STM32CubeIDE_1.13.1/STM32CubeIDE/plugins/com.st.stm32cube.ide.mcu.externaltools.gnu-tools-for-stm32.12.3.rel1.win32_1.0.100.202403111256/tools/bin/../lib/gcc/arm-none-eabi/12.3.1/../../../../arm-none-eabi/lib/thumb/v7e-m+fp/hard\libc_nano.a(libc_a-mallocr.o)
                0x08014950                _malloc_r
 .text.__malloc_lock
                0x08014a50        0xc C:/ST/STM32CubeIDE_1.13.1/STM32CubeIDE/plugins/com.st.stm32cube.ide.mcu.externaltools.gnu-tools-for-stm32.12.3.rel1.win32_1.0.100.202403111256/tools/bin/../lib/gcc/arm-none-eabi/12.3.1/../../../../arm-none-eabi/lib/thumb/v7e-m+fp/hard\libc_nano.a(libc_a-mlock.o)
                0x08014a50                __malloc_lock
 .text.__malloc_unlock
                0x08014a5c        0xc C:/ST/STM32CubeIDE_1.13.1/STM32CubeIDE/plugins/com.st.stm32cube.ide.mcu.externaltools.gnu-tools-for-stm32.12.3.rel1.win32_1.0.100.202403111256/tools/bin/../lib/gcc/arm-none-eabi/12.3.1/../../../../arm-none-eabi/lib/thumb/v7e-m+fp/hard\libc_nano.a(libc_a-mlock.o)
                0x08014a5c                __malloc_unlock
 .text._Balloc  0x08014a68       0x80 C:/ST/STM32CubeIDE_1.13.1/STM32CubeIDE/plugins/com.st.stm32cube.ide.mcu.externaltools.gnu-tools-for-stm32.12.3.rel1.win32_1.0.100.202403111256/tools/bin/../lib/gcc/arm-none-eabi/12.3.1/../../../../arm-none-eabi/lib/thumb/v7e-m+fp/hard\libc_nano.a(libc_a-mprec.o)
                0x08014a68                _Balloc
 .text._Bfree   0x08014ae8       0x44 C:/ST/STM32CubeIDE_1.13.1/STM32CubeIDE/plugins/com.st.stm32cube.ide.mcu.externaltools.gnu-tools-for-stm32.12.3.rel1.win32_1.0.100.202403111256/tools/bin/../lib/gcc/arm-none-eabi/12.3.1/../../../../arm-none-eabi/lib/thumb/v7e-m+fp/hard\libc_nano.a(libc_a-mprec.o)
                0x08014ae8                _Bfree
 .text.__multadd
                0x08014b2c       0x8c C:/ST/STM32CubeIDE_1.13.1/STM32CubeIDE/plugins/com.st.stm32cube.ide.mcu.externaltools.gnu-tools-for-stm32.12.3.rel1.win32_1.0.100.202403111256/tools/bin/../lib/gcc/arm-none-eabi/12.3.1/../../../../arm-none-eabi/lib/thumb/v7e-m+fp/hard\libc_nano.a(libc_a-mprec.o)
                0x08014b2c                __multadd
 .text.__hi0bits
                0x08014bb8       0x3e C:/ST/STM32CubeIDE_1.13.1/STM32CubeIDE/plugins/com.st.stm32cube.ide.mcu.externaltools.gnu-tools-for-stm32.12.3.rel1.win32_1.0.100.202403111256/tools/bin/../lib/gcc/arm-none-eabi/12.3.1/../../../../arm-none-eabi/lib/thumb/v7e-m+fp/hard\libc_nano.a(libc_a-mprec.o)
                0x08014bb8                __hi0bits
 .text.__lo0bits
                0x08014bf6       0x5a C:/ST/STM32CubeIDE_1.13.1/STM32CubeIDE/plugins/com.st.stm32cube.ide.mcu.externaltools.gnu-tools-for-stm32.12.3.rel1.win32_1.0.100.202403111256/tools/bin/../lib/gcc/arm-none-eabi/12.3.1/../../../../arm-none-eabi/lib/thumb/v7e-m+fp/hard\libc_nano.a(libc_a-mprec.o)
                0x08014bf6                __lo0bits
 .text.__i2b    0x08014c50       0x2c C:/ST/STM32CubeIDE_1.13.1/STM32CubeIDE/plugins/com.st.stm32cube.ide.mcu.externaltools.gnu-tools-for-stm32.12.3.rel1.win32_1.0.100.202403111256/tools/bin/../lib/gcc/arm-none-eabi/12.3.1/../../../../arm-none-eabi/lib/thumb/v7e-m+fp/hard\libc_nano.a(libc_a-mprec.o)
                0x08014c50                __i2b
 .text.__multiply
                0x08014c7c      0x154 C:/ST/STM32CubeIDE_1.13.1/STM32CubeIDE/plugins/com.st.stm32cube.ide.mcu.externaltools.gnu-tools-for-stm32.12.3.rel1.win32_1.0.100.202403111256/tools/bin/../lib/gcc/arm-none-eabi/12.3.1/../../../../arm-none-eabi/lib/thumb/v7e-m+fp/hard\libc_nano.a(libc_a-mprec.o)
                0x08014c7c                __multiply
 .text.__pow5mult
                0x08014dd0       0xb4 C:/ST/STM32CubeIDE_1.13.1/STM32CubeIDE/plugins/com.st.stm32cube.ide.mcu.externaltools.gnu-tools-for-stm32.12.3.rel1.win32_1.0.100.202403111256/tools/bin/../lib/gcc/arm-none-eabi/12.3.1/../../../../arm-none-eabi/lib/thumb/v7e-m+fp/hard\libc_nano.a(libc_a-mprec.o)
                0x08014dd0                __pow5mult
 .text.__lshift
                0x08014e84       0xd8 C:/ST/STM32CubeIDE_1.13.1/STM32CubeIDE/plugins/com.st.stm32cube.ide.mcu.externaltools.gnu-tools-for-stm32.12.3.rel1.win32_1.0.100.202403111256/tools/bin/../lib/gcc/arm-none-eabi/12.3.1/../../../../arm-none-eabi/lib/thumb/v7e-m+fp/hard\libc_nano.a(libc_a-mprec.o)
                0x08014e84                __lshift
 .text.__mcmp   0x08014f5c       0x36 C:/ST/STM32CubeIDE_1.13.1/STM32CubeIDE/plugins/com.st.stm32cube.ide.mcu.externaltools.gnu-tools-for-stm32.12.3.rel1.win32_1.0.100.202403111256/tools/bin/../lib/gcc/arm-none-eabi/12.3.1/../../../../arm-none-eabi/lib/thumb/v7e-m+fp/hard\libc_nano.a(libc_a-mprec.o)
                0x08014f5c                __mcmp
 *fill*         0x08014f92        0x2 
 .text.__mdiff  0x08014f94      0x128 C:/ST/STM32CubeIDE_1.13.1/STM32CubeIDE/plugins/com.st.stm32cube.ide.mcu.externaltools.gnu-tools-for-stm32.12.3.rel1.win32_1.0.100.202403111256/tools/bin/../lib/gcc/arm-none-eabi/12.3.1/../../../../arm-none-eabi/lib/thumb/v7e-m+fp/hard\libc_nano.a(libc_a-mprec.o)
                0x08014f94                __mdiff
 .text.__d2b    0x080150bc       0xb0 C:/ST/STM32CubeIDE_1.13.1/STM32CubeIDE/plugins/com.st.stm32cube.ide.mcu.externaltools.gnu-tools-for-stm32.12.3.rel1.win32_1.0.100.202403111256/tools/bin/../lib/gcc/arm-none-eabi/12.3.1/../../../../arm-none-eabi/lib/thumb/v7e-m+fp/hard\libc_nano.a(libc_a-mprec.o)
                0x080150bc                __d2b
 .text.__ssputs_r
                0x0801516c       0xb6 C:/ST/STM32CubeIDE_1.13.1/STM32CubeIDE/plugins/com.st.stm32cube.ide.mcu.externaltools.gnu-tools-for-stm32.12.3.rel1.win32_1.0.100.202403111256/tools/bin/../lib/gcc/arm-none-eabi/12.3.1/../../../../arm-none-eabi/lib/thumb/v7e-m+fp/hard\libc_nano.a(libc_a-nano-svfprintf.o)
                0x0801516c                __ssputs_r
 *fill*         0x08015222        0x2 
 .text._svfprintf_r
                0x08015224      0x1f8 C:/ST/STM32CubeIDE_1.13.1/STM32CubeIDE/plugins/com.st.stm32cube.ide.mcu.externaltools.gnu-tools-for-stm32.12.3.rel1.win32_1.0.100.202403111256/tools/bin/../lib/gcc/arm-none-eabi/12.3.1/../../../../arm-none-eabi/lib/thumb/v7e-m+fp/hard\libc_nano.a(libc_a-nano-svfprintf.o)
                0x08015224                _svfiprintf_r
                0x08015224                _svfprintf_r
 .text.__sfputc_r
                0x0801541c       0x2e C:/ST/STM32CubeIDE_1.13.1/STM32CubeIDE/plugins/com.st.stm32cube.ide.mcu.externaltools.gnu-tools-for-stm32.12.3.rel1.win32_1.0.100.202403111256/tools/bin/../lib/gcc/arm-none-eabi/12.3.1/../../../../arm-none-eabi/lib/thumb/v7e-m+fp/hard\libc_nano.a(libc_a-nano-vfprintf.o)
 .text.__sfputs_r
                0x0801544a       0x24 C:/ST/STM32CubeIDE_1.13.1/STM32CubeIDE/plugins/com.st.stm32cube.ide.mcu.externaltools.gnu-tools-for-stm32.12.3.rel1.win32_1.0.100.202403111256/tools/bin/../lib/gcc/arm-none-eabi/12.3.1/../../../../arm-none-eabi/lib/thumb/v7e-m+fp/hard\libc_nano.a(libc_a-nano-vfprintf.o)
                0x0801544a                __sfputs_r
 *fill*         0x0801546e        0x2 
 .text._vfprintf_r