../Core/Src/ILI9488.c:19:6:map	24	static
../Core/Src/ILI9488.c:42:6:ILI9488_Init	8	static
../Core/Src/ILI9488.c:645:6:setAddrWindow	24	static
../Core/Src/ILI9488.c:661:6:setScrollArea	16	static
../Core/Src/ILI9488.c:671:6:scroll	16	static
../Core/Src/ILI9488.c:677:6:pushColor	16	static
../Core/Src/ILI9488.c:684:6:pushColors	56	dynamic
../Core/Src/ILI9488.c:710:6:drawImage	72	dynamic
../Core/Src/ILI9488.c:749:6:fillScreen	24	static
../Core/Src/ILI9488.c:753:6:drawPixel	16	static
../Core/Src/ILI9488.c:765:6:drawFastVLine	24	static
../Core/Src/ILI9488.c:784:6:drawFastHLine	24	static
../Core/Src/ILI9488.c:800:6:drawLine	40	static
../Core/Src/ILI9488.c:817:6:writeLine	48	static
../Core/Src/ILI9488.c:856:6:fillRect	24	static
../Core/Src/ILI9488.c:892:6:setRotation	16	static
../Core/Src/ILI9488.c:921:6:invertDisplay	16	static
../Core/Src/ILI9488.c:927:10:color565	16	static
../Core/Src/ILI9488.c:931:6:spiwrite	16	static
../Core/Src/ILI9488.c:936:6:writecommand	16	static
../Core/Src/ILI9488.c:952:6:lcd_write_command	16	static
../Core/Src/ILI9488.c:968:6:write16BitColor	24	static
../Core/Src/ILI9488.c:986:6:writedata	16	static
../Core/Src/ILI9488.c:999:6:lcd_write_data	16	static
../Core/Src/ILI9488.c:1012:6:testLines	56	static
../Core/Src/ILI9488.c:1063:6:sendasIO	24	static
../Core/Src/ILI9488.c:1109:6:ILI9341_Draw_Colour	32	static
../Core/Src/ILI9488.c:1141:6:ILI9341_Draw_Colour_Burst	80	dynamic
../Core/Src/ILI9488.c:1202:6:ILI9341_Fill_Screen	16	static
../Core/Src/ILI9488.c:1210:6:ILI9341_Fill_Screen1	24	static
../Core/Src/ILI9488.c:1314:6:LCD_Char	56	static
../Core/Src/ILI9488.c:1346:6:LCD_Font	72	static
../Core/Src/ILI9488.c:1376:6:fillTriangle	72	static
../Core/Src/ILI9488.c:1453:10:rainbow	24	static
../Core/Src/ILI9488.c:1561:5:ringMeter1	120	static
../Core/Src/ILI9488.c:1634:6:LCD_Circle_Helper	48	static
../Core/Src/ILI9488.c:1670:6:LCD_Line	56	static
../Core/Src/ILI9488.c:1698:6:LCD_Rect_Round	32	static
../Core/Src/ILI9488.c:1711:6:LCD_Circle_Fill_Helper	48	static
../Core/Src/ILI9488.c:1740:6:LCD_Rect_Round_Fill	32	static
