../Core/Src/main.c:154:6:HAL_UART_RxCpltCallback	16	static
../Core/Src/main.c:159:6:HAL_SPI_TxCpltCallback	16	static
../Core/Src/main.c:170:5:main	80	static
../Core/Src/main.c:442:6:SystemClock_Config	88	static
../Core/Src/main.c:490:13:MX_SPI1_Init	8	static
../Core/Src/main.c:528:13:MX_SPI2_Init	8	static
../Core/Src/main.c:566:13:MX_TIM2_Init	64	static
../Core/Src/main.c:633:13:MX_USART1_UART_Init	8	static
../Core/Src/main.c:664:13:MX_DMA_Init	16	static
../Core/Src/main.c:686:13:MX_GPIO_Init	48	static
../Core/Src/main.c:750:6:Error_Handler	4	static,ignoring_inline_asm
