../Core/Src/main.c:84:6:HAL_GPIO_EXTI_Callback	16	static
../Core/Src/main.c:93:6:HAL_I2C_MemRxCpltCallback	16	static
../Core/Src/main.c:115:5:main	16	static
../Core/Src/main.c:164:6:SystemClock_Config	88	static
../Core/Src/main.c:212:13:MX_I2C1_Init	8	static
../Core/Src/main.c:246:13:MX_USART2_UART_Init	8	static
../Core/Src/main.c:277:13:MX_DMA_Init	16	static
../Core/Src/main.c:298:13:MX_GPIO_Init	48	static
../Core/Src/main.c:346:1:__io_putchar	16	static
../Core/Src/main.c:361:6:Error_Handler	4	static,ignoring_inline_asm
