../Drivers/CMSIS/Include/core_cm4.h:2064:26:ITM_SendChar	16	static,ignoring_inline_asm
../Core/Src/main.c:172:6:HAL_GPIO_EXTI_Callback	16	static
../Core/Src/main.c:187:6:HAL_I2C_MemRxCpltCallback	16	static
../Core/Src/main.c:199:6:transmit_uart	24	static
../Core/Src/main.c:204:6:HAL_ADC_ConvCpltCallback	16	static
../Core/Src/main.c:218:6:HAL_UART_RxCpltCallback	16	static
../Core/Src/main.c:224:6:HAL_UART_TxCpltCallback	16	static
../Core/Src/main.c:230:5:_write	32	static
../Core/Src/main.c:250:5:main	208	static
../Core/Src/main.c:401:6:SystemClock_Config	88	static
../Core/Src/main.c:448:13:MX_ADC1_Init	24	static
../Core/Src/main.c:500:13:MX_ADC2_Init	24	static
../Core/Src/main.c:552:13:MX_I2C1_Init	8	static
../Core/Src/main.c:586:13:MX_I2C2_Init	8	static
../Core/Src/main.c:620:13:MX_SPI2_Init	8	static
../Core/Src/main.c:658:13:MX_TIM2_Init	64	static
../Core/Src/main.c:716:13:MX_TIM3_Init	48	static
../Core/Src/main.c:777:13:MX_TIM8_Init	96	static
../Core/Src/main.c:851:13:MX_USART2_UART_Init	8	static
../Core/Src/main.c:884:13:MX_USART3_UART_Init	8	static
../Core/Src/main.c:917:13:MX_USB_OTG_FS_USB_Init	4	static
../Core/Src/main.c:936:13:MX_DMA_Init	16	static
../Core/Src/main.c:973:13:MX_GPIO_Init	48	static
../Core/Src/main.c:1055:1:__io_putchar	16	static
../Core/Src/main.c:1073:6:defaultTask	16	static
../Core/Src/main.c:1091:6:sendDataToScreen	80	static
../Core/Src/main.c:1158:6:updateControlLoop	16	static
../Core/Src/main.c:1220:6:recordSDdata	312	static
../Core/Src/main.c:1289:6:getBar30Data	16	static
../Core/Src/main.c:1309:6:EKFpredict	80	static
../Core/Src/main.c:1370:6:HAL_TIM_PeriodElapsedCallback	16	static
../Core/Src/main.c:1387:6:Error_Handler	4	static,ignoring_inline_asm
