../Core/Src/main.c:103:6:HAL_GPIO_EXTI_Callback	16	static
../Core/Src/main.c:117:6:HAL_I2C_MemRxCpltCallback	16	static
../Core/Src/main.c:140:5:main	32	static
../Core/Src/main.c:201:6:SystemClock_Config	88	static
../Core/Src/main.c:248:13:MX_ADC1_Init	24	static
../Core/Src/main.c:300:13:MX_I2C1_Init	8	static
../Core/Src/main.c:334:13:MX_I2C2_Init	8	static
../Core/Src/main.c:368:13:MX_QUADSPI_Init	8	static
../Core/Src/main.c:403:13:MX_SPI1_Init	8	static
../Core/Src/main.c:441:13:MX_TIM3_Init	48	static
../Core/Src/main.c:502:13:MX_USART2_UART_Init	8	static
../Core/Src/main.c:535:13:MX_USB_OTG_FS_HCD_Init	8	static
../Core/Src/main.c:564:13:MX_DMA_Init	16	static
../Core/Src/main.c:585:13:MX_GPIO_Init	48	static
../Core/Src/main.c:633:1:__io_putchar	16	static
../Core/Src/main.c:648:6:Error_Handler	4	static,ignoring_inline_asm
