../Core/Src/main.c:86:6:HAL_GPIO_EXTI_Callback	16	static
../Core/Src/main.c:100:6:HAL_I2C_MemRxCpltCallback	16	static
../Core/Src/main.c:123:5:main	32	static
../Core/Src/main.c:178:6:SystemClock_Config	88	static
../Core/Src/main.c:226:13:MX_I2C3_Init	8	static
../Core/Src/main.c:260:13:MX_USART2_UART_Init	8	static
../Core/Src/main.c:291:13:MX_DMA_Init	16	static
../Core/Src/main.c:312:13:MX_GPIO_Init	48	static
../Core/Src/main.c:368:1:__io_putchar	16	static
../Core/Src/main.c:383:6:Error_Handler	4	static,ignoring_inline_asm
