../Drivers/CMSIS/Include/core_cm4.h:2064:26:ITM_SendChar	16	static,ignoring_inline_asm
../Core/Src/main.c:168:6:HAL_GPIO_EXTI_Callback	16	static
../Core/Src/main.c:183:6:HAL_I2C_MemRxCpltCallback	16	static
../Core/Src/main.c:195:6:transmit_uart	24	static
../Core/Src/main.c:200:6:HAL_ADC_ConvCpltCallback	16	static
../Core/Src/main.c:214:6:HAL_UART_RxCpltCallback	16	static
../Core/Src/main.c:238:6:HAL_UART_TxCpltCallback	16	static
../Core/Src/main.c:244:5:_write	32	static
../Core/Src/main.c:264:5:main	240	static
../Core/Src/main.c:445:6:SystemClock_Config	88	static
../Core/Src/main.c:492:13:MX_ADC1_Init	24	static
../Core/Src/main.c:544:13:MX_ADC2_Init	24	static
../Core/Src/main.c:596:13:MX_I2C1_Init	8	static
../Core/Src/main.c:630:13:MX_I2C2_Init	8	static
../Core/Src/main.c:664:13:MX_SPI2_Init	8	static
../Core/Src/main.c:702:13:MX_TIM2_Init	64	static
../Core/Src/main.c:760:13:MX_TIM3_Init	48	static
../Core/Src/main.c:821:13:MX_TIM8_Init	96	static
../Core/Src/main.c:895:13:MX_USART2_UART_Init	8	static
../Core/Src/main.c:928:13:MX_USART3_UART_Init	8	static
../Core/Src/main.c:961:13:MX_USB_OTG_FS_USB_Init	4	static
../Core/Src/main.c:980:13:MX_DMA_Init	16	static
../Core/Src/main.c:1014:13:MX_GPIO_Init	48	static
../Core/Src/main.c:1096:1:__io_putchar	16	static
../Core/Src/main.c:1114:6:defaultTask	16	static
../Core/Src/main.c:1132:6:sendDataToScreen	16	static
../Core/Src/main.c:1182:6:updateControlLoop	16	static
../Core/Src/main.c:1244:6:recordSDdata	168	static
../Core/Src/main.c:1293:6:getBar30Data	16	static
../Core/Src/main.c:1354:6:HAL_TIM_PeriodElapsedCallback	16	static
../Core/Src/main.c:1371:6:Error_Handler	4	static,ignoring_inline_asm
