../Core/Inc/joystick.h:17:6:readJoystick	16	static
../Core/Inc/joystick.h:24:6:convertRaw2Voltage	16	static
../Core/Src/main.c:133:6:HAL_GPIO_EXTI_Callback	16	static
../Core/Src/main.c:147:6:HAL_I2C_MemRxCpltCallback	16	static
../Core/Src/main.c:163:6:transmit_uart	24	static
../Core/Src/main.c:168:6:HAL_ADC_ConvCpltCallback	16	static
../Core/Src/main.c:177:6:HAL_UART_RxCpltCallback	16	static
../Core/Src/main.c:203:5:main	152	static
../Core/Src/main.c:338:6:SystemClock_Config	88	static
../Core/Src/main.c:385:13:MX_ADC1_Init	24	static
../Core/Src/main.c:446:13:MX_I2C1_Init	8	static
../Core/Src/main.c:480:13:MX_I2C2_Init	8	static
../Core/Src/main.c:514:13:MX_SPI2_Init	8	static
../Core/Src/main.c:552:13:MX_TIM2_Init	64	static
../Core/Src/main.c:610:13:MX_TIM3_Init	48	static
../Core/Src/main.c:671:13:MX_USART2_UART_Init	8	static
../Core/Src/main.c:704:13:MX_USART3_UART_Init	8	static
../Core/Src/main.c:737:13:MX_USB_OTG_FS_USB_Init	4	static
../Core/Src/main.c:756:13:MX_DMA_Init	16	static
../Core/Src/main.c:781:13:MX_GPIO_Init	48	static
../Core/Src/main.c:863:1:__io_putchar	16	static
../Core/Src/main.c:881:6:defaultTask	16	static
../Core/Src/main.c:899:6:sendDataToScreen	16	static
../Core/Src/main.c:917:6:updateControlLoop	16	static
../Core/Src/main.c:946:6:recordSDdata	136	static
../Core/Src/main.c:1038:6:HAL_TIM_PeriodElapsedCallback	16	static
../Core/Src/main.c:1055:6:Error_Handler	4	static,ignoring_inline_asm
