../Drivers/CMSIS/Include/core_cm4.h:2064:26:ITM_SendChar	16	static,ignoring_inline_asm
../Core/Src/main.c:172:6:HAL_GPIO_EXTI_Callback	16	static
../Core/Src/main.c:187:6:HAL_I2C_MemRxCpltCallback	16	static
../Core/Src/main.c:199:6:transmit_uart	24	static
../Core/Src/main.c:204:6:HAL_ADC_ConvCpltCallback	16	static
../Core/Src/main.c:218:6:HAL_UART_RxCpltCallback	16	static
../Core/Src/main.c:224:6:HAL_UART_TxCpltCallback	16	static
../Core/Src/main.c:230:5:_write	32	static
../Core/Src/main.c:250:5:main	208	static
../Core/Src/main.c:402:6:SystemClock_Config	88	static
../Core/Src/main.c:449:13:MX_ADC1_Init	24	static
../Core/Src/main.c:501:13:MX_ADC2_Init	24	static
../Core/Src/main.c:553:13:MX_I2C1_Init	8	static
../Core/Src/main.c:587:13:MX_I2C2_Init	8	static
../Core/Src/main.c:621:13:MX_SPI2_Init	8	static
../Core/Src/main.c:659:13:MX_TIM2_Init	64	static
../Core/Src/main.c:717:13:MX_TIM3_Init	48	static
../Core/Src/main.c:778:13:MX_TIM8_Init	96	static
../Core/Src/main.c:852:13:MX_USART2_UART_Init	8	static
../Core/Src/main.c:885:13:MX_USART3_UART_Init	8	static
../Core/Src/main.c:918:13:MX_USB_OTG_FS_USB_Init	4	static
../Core/Src/main.c:937:13:MX_DMA_Init	16	static
../Core/Src/main.c:974:13:MX_GPIO_Init	48	static
../Core/Src/main.c:1056:1:__io_putchar	16	static
../Core/Src/main.c:1074:6:defaultTask	16	static
../Core/Src/main.c:1092:6:sendDataToScreen	80	static
../Core/Src/main.c:1159:6:updateControlLoop	16	static
../Core/Src/main.c:1221:6:recordSDdata	264	static
../Core/Src/main.c:1290:6:getBar30Data	16	static
../Core/Src/main.c:1310:6:EKFpredict	80	static
../Core/Src/main.c:1371:6:HAL_TIM_PeriodElapsedCallback	16	static
../Core/Src/main.c:1388:6:Error_Handler	4	static,ignoring_inline_asm
