../Drivers/CMSIS/Include/core_cm4.h:2064:26:ITM_SendChar	16	static,ignoring_inline_asm
../Core/Src/main.c:163:6:HAL_GPIO_EXTI_Callback	16	static
../Core/Src/main.c:177:6:HAL_I2C_MemRxCpltCallback	16	static
../Core/Src/main.c:188:6:transmit_uart	24	static
../Core/Src/main.c:193:6:HAL_ADC_ConvCpltCallback	16	static
../Core/Src/main.c:207:6:HAL_UART_RxCpltCallback	16	static
../Core/Src/main.c:231:6:HAL_UART_TxCpltCallback	16	static
../Core/Src/main.c:237:5:_write	32	static
../Core/Src/main.c:257:5:main	240	static
../Core/Src/main.c:429:6:SystemClock_Config	88	static
../Core/Src/main.c:476:13:MX_ADC1_Init	24	static
../Core/Src/main.c:528:13:MX_ADC2_Init	24	static
../Core/Src/main.c:580:13:MX_I2C1_Init	8	static
../Core/Src/main.c:614:13:MX_I2C2_Init	8	static
../Core/Src/main.c:648:13:MX_SPI2_Init	8	static
../Core/Src/main.c:686:13:MX_TIM2_Init	64	static
../Core/Src/main.c:744:13:MX_TIM3_Init	48	static
../Core/Src/main.c:805:13:MX_TIM8_Init	96	static
../Core/Src/main.c:879:13:MX_USART2_UART_Init	8	static
../Core/Src/main.c:912:13:MX_USART3_UART_Init	8	static
../Core/Src/main.c:945:13:MX_USB_OTG_FS_USB_Init	4	static
../Core/Src/main.c:964:13:MX_DMA_Init	16	static
../Core/Src/main.c:998:13:MX_GPIO_Init	48	static
../Core/Src/main.c:1080:1:__io_putchar	16	static
../Core/Src/main.c:1098:6:defaultTask	16	static
../Core/Src/main.c:1116:6:sendDataToScreen	16	static
../Core/Src/main.c:1166:6:updateControlLoop	16	static
../Core/Src/main.c:1228:6:recordSDdata	112	static
../Core/Src/main.c:1322:6:getBar30Data	16	static
../Core/Src/main.c:1343:6:HAL_TIM_PeriodElapsedCallback	16	static
../Core/Src/main.c:1360:6:Error_Handler	4	static,ignoring_inline_asm
