../Core/Src/stm32f4xx_it.c:84:6:NMI_Handler	4	static
../Core/Src/stm32f4xx_it.c:99:6:HardFault_Handler	4	static
../Core/Src/stm32f4xx_it.c:114:6:MemManage_Handler	4	static
../Core/Src/stm32f4xx_it.c:129:6:BusFault_Handler	4	static
../Core/Src/stm32f4xx_it.c:144:6:UsageFault_Handler	4	static
../Core/Src/stm32f4xx_it.c:159:6:DebugMon_Handler	4	static
../Core/Src/stm32f4xx_it.c:179:6:EXTI1_IRQHandler	8	static
../Core/Src/stm32f4xx_it.c:193:6:DMA1_Stream0_IRQHandler	8	static
../Core/Src/stm32f4xx_it.c:207:6:DMA1_Stream1_IRQHandler	8	static
../Core/Src/stm32f4xx_it.c:221:6:DMA1_Stream3_IRQHandler	8	static
../Core/Src/stm32f4xx_it.c:235:6:ADC_IRQHandler	8	static
../Core/Src/stm32f4xx_it.c:250:6:TIM1_UP_TIM10_IRQHandler	8	static
../Core/Src/stm32f4xx_it.c:264:6:TIM3_IRQHandler	8	static
../Core/Src/stm32f4xx_it.c:278:6:I2C2_EV_IRQHandler	8	static
../Core/Src/stm32f4xx_it.c:292:6:USART3_IRQHandler	8	static
../Core/Src/stm32f4xx_it.c:306:6:DMA1_Stream7_IRQHandler	8	static
../Core/Src/stm32f4xx_it.c:320:6:DMA2_Stream0_IRQHandler	8	static
../Core/Src/stm32f4xx_it.c:334:6:DMA2_Stream2_IRQHandler	8	static
