../Core/Src/ILI9488.c:34:6:spi_write	16	static
../Core/Src/ILI9488.c:43:6:write_buffer	8	static
../Core/Src/ILI9488.c:56:6:parallel_write	16	static
../Core/Src/ILI9488.c:67:6:lcd_write_data	16	static
../Core/Src/ILI9488.c:81:6:lcd_write_command	16	static
../Core/Src/ILI9488.c:91:6:lcd_write_reg	16	static
../Core/Src/ILI9488.c:104:6:lcd_read_bytes	40	static
../Core/Src/ILI9488.c:137:6:swap_int	24	static
../Core/Src/ILI9488.c:146:6:swap_char	24	static
../Core/Src/ILI9488.c:156:6:delay_ms	40	static
../Core/Src/ILI9488.c:169:6:delay_us	16	static
../Core/Src/ILI9488.c:178:6:lcd_init_parallel	8	static
../Core/Src/ILI9488.c:199:6:lcd_init_spi	8	static
../Core/Src/ILI9488.c:218:6:lcd_init_command_list	8	static
../Core/Src/ILI9488.c:306:6:set_draw_window	24	static
../Core/Src/ILI9488.c:337:6:draw_pixel	32	static
../Core/Src/ILI9488.c:354:6:fill_rectangle	40	static
../Core/Src/ILI9488.c:402:6:draw_char	56	static
../Core/Src/ILI9488.c:435:6:draw_fast_char	56	static
../Core/Src/ILI9488.c:490:6:draw_string	48	static
../Core/Src/ILI9488.c:512:6:draw_fast_string	40	static
../Core/Src/ILI9488.c:523:6:drawCircle	40	static
../Core/Src/ILI9488.c:563:6:draw_bitmap	64	static
../Core/Src/ILI9488.c:618:6:drawLine	48	static
../Core/Src/ILI9488.c:681:6:arrow	80	static
../Core/Src/ILI9488.c:702:6:drawTriangle	32	static
../Core/Src/ILI9488.c:708:6:fillTriangle	64	static
../Core/Src/ILI9488.c:776:6:drawFastHLine	32	static
../Core/Src/ILI9488.c:781:6:drawFastVLine	32	static
