20:01:52 **** Incremental Build of configuration Debug for project SubController ****
make -j6 all 
arm-none-eabi-gcc "../Core/Src/main.c" -mcpu=cortex-m4 -std=gnu11 -g3 -DDEBUG -DUSE_HAL_DRIVER -DSTM32F446xx -c -I../Core/Inc -I../Drivers/STM32F4xx_HAL_Driver/Inc -I../Drivers/STM32F4xx_HAL_Driver/Inc/Legacy -I../Drivers/CMSIS/Device/ST/STM32F4xx/Include -I../Drivers/CMSIS/Include -O0 -ffunction-sections -fdata-sections -Wall -fstack-usage -fcyclomatic-complexity -MMD -MP -MF"Core/Src/main.d" -MT"Core/Src/main.o" --specs=nano.specs -mfpu=fpv4-sp-d16 -mfloat-abi=hard -mthumb -o "Core/Src/main.o"
arm-none-eabi-gcc "../Core/Src/stm32f4xx_hal_msp.c" -mcpu=cortex-m4 -std=gnu11 -g3 -DDEBUG -DUSE_HAL_DRIVER -DSTM32F446xx -c -I../Core/Inc -I../Drivers/STM32F4xx_HAL_Driver/Inc -I../Drivers/STM32F4xx_HAL_Driver/Inc/Legacy -I../Drivers/CMSIS/Device/ST/STM32F4xx/Include -I../Drivers/CMSIS/Include -O0 -ffunction-sections -fdata-sections -Wall -fstack-usage -fcyclomatic-complexity -MMD -MP -MF"Core/Src/stm32f4xx_hal_msp.d" -MT"Core/Src/stm32f4xx_hal_msp.o" --specs=nano.specs -mfpu=fpv4-sp-d16 -mfloat-abi=hard -mthumb -o "Core/Src/stm32f4xx_hal_msp.o"
arm-none-eabi-gcc "../Core/Src/stm32f4xx_it.c" -mcpu=cortex-m4 -std=gnu11 -g3 -DDEBUG -DUSE_HAL_DRIVER -DSTM32F446xx -c -I../Core/Inc -I../Drivers/STM32F4xx_HAL_Driver/Inc -I../Drivers/STM32F4xx_HAL_Driver/Inc/Legacy -I../Drivers/CMSIS/Device/ST/STM32F4xx/Include -I../Drivers/CMSIS/Include -O0 -ffunction-sections -fdata-sections -Wall -fstack-usage -fcyclomatic-complexity -MMD -MP -MF"Core/Src/stm32f4xx_it.d" -MT"Core/Src/stm32f4xx_it.o" --specs=nano.specs -mfpu=fpv4-sp-d16 -mfloat-abi=hard -mthumb -o "Core/Src/stm32f4xx_it.o"
../Core/Src/main.c: In function 'main':
../Core/Src/main.c:178:21: warning: variable 'stat' set but not used [-Wunused-but-set-variable]
  178 |   HAL_StatusTypeDef stat;
      |                     ^~~~
../Core/Src/main.c:176:11: warning: unused variable 'configGood' [-Wunused-variable]
  176 |   uint8_t configGood=MPU6050init(&mpu6050,&hi2c1 );
      |           ^~~~~~~~~~
../Core/Src/main.c:174:11: warning: variable 'deviceReady' set but not used [-Wunused-but-set-variable]
  174 |   uint8_t deviceReady;
      |           ^~~~~~~~~~~
arm-none-eabi-gcc -o "SubController.elf" @"objects.list"   -mcpu=cortex-m4 -T"C:\Users\bozo2\Desktop\PI4\STM32_SubControllerV1\SubController\STM32F446RETX_FLASH.ld" --specs=nosys.specs -Wl,-Map="SubController.map" -Wl,--gc-sections -static --specs=nano.specs -mfpu=fpv4-sp-d16 -mfloat-abi=hard -mthumb -u _printf_float -Wl,--start-group -lc -lm -Wl,--end-group
Finished building target: SubController.elf
 
arm-none-eabi-size  SubController.elf 
arm-none-eabi-objdump -h -S SubController.elf  > "SubController.list"
   text	   data	    bss	    dec	    hex	filename
  41932	    488	   3464	  45884	   b33c	SubController.elf
Finished building: default.size.stdout
 
Finished building: SubController.list
 
20:02:06 **** Incremental Build of configuration Debug for project SubController ****
make -j6 all 
arm-none-eabi-size  SubController.elf 
   text	   data	    bss	    dec	    hex	filename
  41932	    488	   3464	  45884	   b33c	SubController.elf
Finished building: default.size.stdout
 
