09:51:47 **** Incremental Build of configuration Debug for project UART_NUCLEO ****
make -j6 all 
arm-none-eabi-gcc "../Core/Src/main.c" -mcpu=cortex-m4 -std=gnu11 -g3 -DDEBUG -DUSE_HAL_DRIVER -DSTM32F446xx -c -I../Core/Inc -I../Drivers/STM32F4xx_HAL_Driver/Inc -I../Drivers/STM32F4xx_HAL_Driver/Inc/Legacy -I../Drivers/CMSIS/Device/ST/STM32F4xx/Include -I../Drivers/CMSIS/Include -O0 -ffunction-sections -fdata-sections -Wall -fstack-usage -fcyclomatic-complexity -MMD -MP -MF"Core/Src/main.d" -MT"Core/Src/main.o" --specs=nano.specs -mfpu=fpv4-sp-d16 -mfloat-abi=hard -mthumb -o "Core/Src/main.o"
arm-none-eabi-gcc -o "UART_NUCLEO.elf" @"objects.list"   -mcpu=cortex-m4 -T"C:\Users\bozo2\Desktop\PI4\STM32_SubControllerV1\UART_NUCLEO\STM32F446RETX_FLASH.ld" --specs=nosys.specs -Wl,-Map="UART_NUCLEO.map" -Wl,--gc-sections -static --specs=nano.specs -mfpu=fpv4-sp-d16 -mfloat-abi=hard -mthumb -Wl,--start-group -lc -lm -Wl,--end-group
Finished building target: UART_NUCLEO.elf
 
arm-none-eabi-size  UART_NUCLEO.elf 
arm-none-eabi-objdump -h -S UART_NUCLEO.elf  > "UART_NUCLEO.list"
   text	   data	    bss	    dec	    hex	filename
  14896	     16	   1952	  16864	   41e0	UART_NUCLEO.elf
Finished building: default.size.stdout
 
Finished building: UART_NUCLEO.list
 

09:51:48 Build Finished. 0 errors, 0 warnings. (took 806ms)

